W/ContextImpl( 1315): Calling a method in the system process without a qualified user: android.app.ContextImpl.sendBroadcast:1252 android.content.ContextWrapper.sendBroadcast:365 com.motorola.motocare.util.TriggerHelper$TriggerBuilder.send:76 com.motorola.motocare.internal.frameworkevents.ProcessKillTrigger.sendTrigger:147 com.motorola.motocare.internal.frameworkevents.ProcessKillTrigger.handleLmkKill:337 
V/AlarmManager( 1042): sending alarm Alarm{422e7d18 type 3 android}
V/AlarmManager( 1042): sending alarm Alarm{42587c00 type 1 com.android.deskclock}
I/ActivityManager( 1042): Start proc com.android.deskclock for broadcast com.android.deskclock/com.android.alarmclock.DigitalAppWidgetProvider: pid=14602 uid=10014 gids={50014, 1028}
I/PowerManagerService( 1042): Waking up from sleep...
I/WindowManager( 1042): Lock screen displayed!
D/DisplayPowerController( 1042): Unblocked screen on after 79036803 ms
W/InputMethodManagerService( 1042): Got RemoteException sending setActive(false) notification to pid 13906 uid 10016
I/SFPerfTracer(  259):      triggers: (rate: 0:0) (12655 sw vsyncs) (0 skipped) (0:183100 vsyncs) (147:231203)
D/WifiService( 1042): acquireWifiLockLocked: WifiLock{NlpWifiLock type=2 binder=android.os.BinderProxy@4231f9e8}
D/WifiService( 1042): releaseWifiLockLocked: WifiLock{NlpWifiLock type=2 binder=android.os.BinderProxy@4231f9e8}
W/ContextImpl( 1315): Calling a method in the system process without a qualified user: android.app.ContextImpl.sendBroadcast:1252 android.content.ContextWrapper.sendBroadcast:365 com.motorola.motocare.util.TriggerHelper$TriggerBuilder.send:76 com.motorola.motocare.internal.frameworkevents.PauseResumeTrigger.handleFrameworkEvent:53 com.motorola.motocare.internal.frameworkevents.FwEventMonitor$FrameworkListener.processFrameworkEvent:114 
D/UsbDeviceManager( 1042): MSG_USER_PRESENT
I/SFPerfTracer(  259):       trigger: frame rate (-29.209%)	(42.474 fps)	(23.544 ms) 	(11 drops)	(40 frames)
I/SFPerfTracer(  259):      triggers: (rate: 44:1726) (compose: 0:34) (post: 0:0) (render: 1:359) (40:38093 frames) (41:138859)
D/SFPerfTracer(  259):        layers: (4:11) (DimLayer: 0:580)* (DimLayer: 0:17)* (FocusedStackFrame: 0:2120)* (StatusBar: 1:18020) (NavigationBar: 0:13311) (com.android.systemui.ImageWallpaper: 0:1018) (DimLayer: 0:2488)* (DimLayer: 0:446)* (Keyguard: 40:93) (com.android.dialer/com.android.dialer.DialtactsActivity: 0:22)* (ElectronBeam: 0:26)* 
W/InputMethodManagerService( 1042): Got RemoteException sending setActive(false) notification to pid 13906 uid 10016
W/ContextImpl( 1315): Calling a method in the system process without a qualified user: android.app.ContextImpl.startService:1608 android.content.ContextWrapper.startService:494 android.content.ContextWrapper.startService:494 com.motorola.motocare.internal.batterystats.BatteryStatsAction.onReceive:33 android.app.ActivityThread.handleReceiver:2434 
I/SFPerfTracer(  259):      triggers: (rate: 0:0) (12655 sw vsyncs) (0 skipped) (77:183191 vsyncs) (79:231326)
I/ActivityManager( 1042): START u0 {act=android.intent.action.MAIN cat=[android.intent.category.HOME] flg=0x10200000 cmp=com.teslacoilsw.launcher/com.android.launcher2.Launcher} from pid 1042
W/ContextImpl( 1315): Calling a method in the system process without a qualified user: android.app.ContextImpl.sendBroadcast:1252 android.content.ContextWrapper.sendBroadcast:365 com.motorola.motocare.util.TriggerHelper$TriggerBuilder.send:76 com.motorola.motocare.internal.frameworkevents.PauseResumeTrigger.handleFrameworkEvent:53 com.motorola.motocare.internal.frameworkevents.FwEventMonitor$FrameworkListener.processFrameworkEvent:114 
W/ContextImpl( 1315): Calling a method in the system process without a qualified user: android.app.ContextImpl.sendBroadcast:1252 android.content.ContextWrapper.sendBroadcast:365 com.motorola.motocare.util.TriggerHelper$TriggerBuilder.send:76 com.motorola.motocare.internal.frameworkevents.PauseResumeTrigger.handleFrameworkEvent:53 com.motorola.motocare.internal.frameworkevents.FwEventMonitor$FrameworkListener.processFrameworkEvent:114 
I/ActivityManager( 1042): Process com.google.android.tts (pid 14548) has died.
W/ActivityManager( 1042): Scheduling restart of crashed service com.google.android.tts/.service.GoogleTTSService in 1000ms
I/LaunchCheckinHandler( 1042): Displayed com.teslacoilsw.launcher/com.android.launcher2.Launcher,wp,wa,304
I/SFPerfTracer(  259):      triggers: (rate: 44:1728) (compose: 0:34) (post: 0:0) (render: 1:359) (0:38167 frames) (1:138959)
D/SFPerfTracer(  259):        layers: (4:11) (DimLayer: 0:580)* (DimLayer: 0:17)* (FocusedStackFrame: 0:2123)* (StatusBar: 0:18055) (NavigationBar: 0:13380) (com.android.systemui.ImageWallpaper: 0:1021) (DimLayer: 0:2488)* (DimLayer: 0:450)* (Keyguard: 0:106)* (com.android.dialer/com.android.dialer.DialtactsActivity: 0:65)* (com.teslacoilsw.launcher/com.android.launcher2.Launcher: 1:20) 
I/ActivityManager( 1042): Start proc com.google.android.tts for service com.google.android.tts/.service.GoogleTTSService: pid=14662 uid=10064 gids={50064, 3003, 1028, 1015}
I/SFPerfTracer(  259):      triggers: (rate: 0:0) (12655 sw vsyncs) (0 skipped) (99:183326 vsyncs) (101:231471)
V/AlarmManager( 1042): sending alarm Alarm{42377280 type 3 android}
V/AlarmManager( 1042): sending alarm Alarm{428b4950 type 2 com.google.android.gms}
I/SFPerfTracer(  259):      triggers: (rate: 0:0) (12655 sw vsyncs) (0 skipped) (0:183392 vsyncs) (1:231572)
V/AlarmManager( 1042): sending alarm Alarm{427605a0 type 2 com.google.android.gms}
I/SFPerfTracer(  259):      triggers: (rate: 0:0) (12655 sw vsyncs) (0 skipped) (17:183472 vsyncs) (19:231686)
I/ActivityManager( 1042): Process com.google.android.apps.maps (pid 14504) has died.
D/WifiService( 1042): Client connection lost with reason: 4
W/ActivityManager( 1042): Service ServiceRecord{42462238 u0 com.google.android.apps.maps/com.google.android.apps.gmm.prefetch.PrefetcherService} in process ProcessRecord{42328b00 14504:com.google.android.apps.maps/u0a60} not same as in map: null
I/ActivityManager( 1042): Start proc com.android.defcontainer for service com.android.defcontainer/.DefaultContainerService: pid=14710 uid=10012 gids={50012, 1028, 1015, 1023, 2001, 1035}
W/ActivityManager( 1042): No content provider found for permission revoke: file:///data/local/tmp/com.example.sahil.sunshine.app
I/ActivityManager( 1042): Start proc com.android.vending for broadcast com.android.vending/com.google.android.vending.verifier.PackageVerificationReceiver: pid=14723 uid=10036 gids={50036, 3003, 1028, 1015}
W/ActivityManager( 1042): No content provider found for permission revoke: file:///data/local/tmp/com.example.sahil.sunshine.app
I/PackageManager( 1042): Copying native libraries to /data/app-lib/vmdl818044167
I/ActivityManager( 1042): Force stopping com.example.sahil.sunshine.app appid=10130 user=-1: uninstall pkg
I/ActivityManager( 1042): Killing 13462:com.example.sahil.sunshine.app/u0a130 (adj 9): stop com.example.sahil.sunshine.app
I/ActivityManager( 1042):   Force finishing activity ActivityRecord{41be1e00 u0 com.example.sahil.sunshine.app/.MainActivity t147}
W/ContextImpl( 1315): Calling a method in the system process without a qualified user: android.app.ContextImpl.sendBroadcast:1252 android.content.ContextWrapper.sendBroadcast:365 com.motorola.motocare.util.TriggerHelper$TriggerBuilder.send:76 com.motorola.motocare.internal.frameworkevents.ProcessKillTrigger.sendTrigger:147 com.motorola.motocare.internal.frameworkevents.ProcessKillTrigger.handleFrameworkEvent:164 
I/WindowState( 1042): WIN DEATH: Window{422feb90 u0 com.example.sahil.sunshine.app/com.example.sahil.sunshine.app.MainActivity}
I/PackageManager( 1042): Package com.example.sahil.sunshine.app codePath changed from /data/app/com.example.sahil.sunshine.app-1.apk to /data/app/com.example.sahil.sunshine.app-2.apk; Retaining data and using new
W/PackageManager( 1042): Code path for pkg : com.example.sahil.sunshine.app changing from /data/app/com.example.sahil.sunshine.app-1.apk to /data/app/com.example.sahil.sunshine.app-2.apk
I/ActivityManager( 1042): Force stopping com.example.sahil.sunshine.app appid=10130 user=-1: update pkg
W/PackageManager( 1042): Resource path for pkg : com.example.sahil.sunshine.app changing from /data/app/com.example.sahil.sunshine.app-1.apk to /data/app/com.example.sahil.sunshine.app-2.apk
I/ActivityManager( 1042): Force stopping com.example.sahil.sunshine.app appid=10130 user=0: pkg removed
I/PackageManager( 1042): Adding preferred activity ComponentInfo{com.smsBlocker/com.smsBlocker.mms.com.android.mms.ui.ComposeMessageActivity} for user 0 :
I/PackageManager( 1042): Adding preferred activity ComponentInfo{com.smsBlocker/com.smsBlocker.mms.com.android.mms.ui.ComposeMessageActivity} for user 0 :
I/PowerManagerService( 1042): Going to sleep due to screen timeout...
I/PackageManager( 1042): Adding preferred activity ComponentInfo{com.smsBlocker/com.smsBlocker.mms.com.android.mms.ui.ComposeMessageActivity} for user 0 :
I/PackageManager( 1042): Adding preferred activity ComponentInfo{com.smsBlocker/com.smsBlocker.mms.com.android.mms.ui.ComposeMessageActivity} for user 0 :
I/ActivityManager( 1042): Start proc com.motorola.MotGallery2 for broadcast com.motorola.MotGallery2/com.android.gallery3d.app.PackagesMonitor: pid=14761 uid=10032 gids={50032, 3003, 1028, 1015}
I/PackageManager( 1042): Adding preferred activity ComponentInfo{com.smsBlocker/com.smsBlocker.mms.com.android.mms.ui.ComposeMessageActivity} for user 0 :
I/PackageManager( 1042): Adding preferred activity ComponentInfo{com.smsBlocker/com.smsBlocker.mms.com.android.mms.ui.ComposeMessageActivity} for user 0 :
I/PackageManager( 1042): Adding preferred activity ComponentInfo{com.smsBlocker/com.smsBlocker.mms.com.android.mms.ui.ComposeMessageActivity} for user 0 :
I/PackageManager( 1042): Adding preferred activity ComponentInfo{com.smsBlocker/com.smsBlocker.mms.com.android.mms.ui.ComposeMessageActivity} for user 0 :
I/PackageManager( 1042): Adding preferred activity ComponentInfo{com.smsBlocker/com.smsBlocker.mms.com.android.mms.ui.ComposeMessageActivity} for user 0 :
W/InputMethodInfo( 1042): Duplicated subtype definition found: , voice
I/PackageManager( 1042): Adding preferred activity ComponentInfo{com.smsBlocker/com.smsBlocker.mms.com.android.mms.ui.ComposeMessageActivity} for user 0 :
I/PackageManager( 1042): Adding preferred activity ComponentInfo{com.smsBlocker/com.smsBlocker.mms.com.android.mms.ui.ComposeMessageActivity} for user 0 :
I/SFPerfTracer(  259):      triggers: (rate: 0:0) (12655 sw vsyncs) (0 skipped) (34:183565 vsyncs) (36:231812)
I/PackageManager( 1042): Adding preferred activity ComponentInfo{com.smsBlocker/com.smsBlocker.mms.com.android.mms.ui.ComposeMessageActivity} for user 0 :
I/PackageManager( 1042): Adding preferred activity ComponentInfo{com.smsBlocker/com.smsBlocker.mms.com.android.mms.ui.ComposeMessageActivity} for user 0 :
D/BackupManagerService( 1042): Received broadcast Intent { act=android.intent.action.PACKAGE_REMOVED dat=package:com.example.sahil.sunshine.app flg=0x4000010 (has extras) }
I/PackageManager( 1042): Adding preferred activity ComponentInfo{com.smsBlocker/com.smsBlocker.mms.com.android.mms.ui.ComposeMessageActivity} for user 0 :
I/PackageManager( 1042): Adding preferred activity ComponentInfo{com.smsBlocker/com.smsBlocker.mms.com.android.mms.ui.ComposeMessageActivity} for user 0 :
I/PackageManager( 1042): Adding preferred activity ComponentInfo{com.smsBlocker/com.smsBlocker.mms.com.android.mms.ui.ComposeMessageActivity} for user 0 :
I/ActivityManager( 1042): Start proc com.android.keychain for broadcast com.android.keychain/.KeyChainBroadcastReceiver: pid=14776 uid=1000 gids={41000, 1028, 1015, 3002, 3001, 3003, 1021, 3004, 3005, 1000, 3009, 1023, 1010, 1004, 2002, 3006}
I/PackageManager( 1042): Adding preferred activity ComponentInfo{com.smsBlocker/com.smsBlocker.mms.com.android.mms.ui.ComposeMessageActivity} for user 0 :
I/PackageManager( 1042): Adding preferred activity ComponentInfo{com.smsBlocker/com.smsBlocker.mms.com.android.mms.ui.ComposeMessageActivity} for user 0 :
I/PackageManager( 1042): Adding preferred activity ComponentInfo{com.smsBlocker/com.smsBlocker.mms.com.android.mms.ui.ComposeMessageActivity} for user 0 :
D/BackupManagerService( 1042): Received broadcast Intent { act=android.intent.action.PACKAGE_ADDED dat=package:com.example.sahil.sunshine.app flg=0x4000010 (has extras) }
V/BackupManagerService( 1042): removePackageParticipantsLocked: uid=10130 #1
V/BackupManagerService( 1042): addPackageParticipantsLocked: #1
I/PackageManager( 1042): Adding preferred activity ComponentInfo{com.smsBlocker/com.smsBlocker.mms.com.android.mms.ui.ComposeMessageActivity} for user 0 :
W/ContextImpl(14776): Calling a method in the system process without a qualified user: android.app.ContextImpl.startService:1608 android.content.ContextWrapper.startService:494 android.content.ContextWrapper.startService:494 com.android.keychain.KeyChainBroadcastReceiver.onReceive:12 android.app.ActivityThread.handleReceiver:2434 
W/ContextImpl( 1315): Calling a method in the system process without a qualified user: android.app.ContextImpl.sendBroadcast:1252 android.content.ContextWrapper.sendBroadcast:365 com.motorola.motocare.util.TriggerHelper$TriggerBuilder.send:76 com.motorola.motocare.internal.frameworkevents.PauseResumeTrigger.handleFrameworkEvent:53 com.motorola.motocare.internal.frameworkevents.FwEventMonitor$FrameworkListener.processFrameworkEvent:114 
I/PackageManager( 1042): Adding preferred activity ComponentInfo{com.smsBlocker/com.smsBlocker.mms.com.android.mms.ui.ComposeMessageActivity} for user 0 :
I/PackageManager( 1042): Adding preferred activity ComponentInfo{com.smsBlocker/com.smsBlocker.mms.com.android.mms.ui.ComposeMessageActivity} for user 0 :
I/PackageManager( 1042): Adding preferred activity ComponentInfo{com.smsBlocker/com.smsBlocker.mms.com.android.mms.ui.ComposeMessageActivity} for user 0 :
I/PackageManager( 1042): Adding preferred activity ComponentInfo{com.smsBlocker/com.smsBlocker.mms.com.android.mms.ui.ComposeMessageActivity} for user 0 :
I/ActivityManager( 1042): Start proc com.google.android.gms.ui for broadcast com.google.android.gms/com.google.android.location.settings.PackageChangeReceiver: pid=14804 uid=10021 gids={50021, 3003, 1007, 3002, 3001, 1028, 1015, 3007, 2001, 3006}
I/ActivityManager( 1042): Start proc com.google.android.apps.plus for broadcast com.google.android.apps.plus/.service.PackagesMediaMonitor: pid=14826 uid=10082 gids={50082, 3003, 3002, 1028, 1015}
I/ActivityManager( 1042): Killing 14398:com.android.calendar/u0a6 (adj 15): empty #9
W/ContextImpl( 1315): Calling a method in the system process without a qualified user: android.app.ContextImpl.sendBroadcast:1252 android.content.ContextWrapper.sendBroadcast:365 com.motorola.motocare.util.TriggerHelper$TriggerBuilder.send:76 com.motorola.motocare.internal.frameworkevents.ProcessKillTrigger.sendTrigger:147 com.motorola.motocare.internal.frameworkevents.ProcessKillTrigger.handleFrameworkEvent:164 
I/ActivityManager( 1042): Force stopping com.example.sahil.sunshine.app appid=10130 user=-1: set debug app
I/ActivityManager( 1042): START u0 {act=android.intent.action.MAIN cat=[android.intent.category.LAUNCHER] flg=0x10000000 cmp=com.example.sahil.sunshine.app/.MainActivity} from pid 14793
W/WindowManager( 1042): Not okToDisplay, so not showing Starting Window
I/ActivityManager( 1042): Start proc com.example.sahil.sunshine.app for activity com.example.sahil.sunshine.app/.MainActivity: pid=14838 uid=10130 gids={50130, 3003}
W/WindowManager( 1042): Not okToDisplay, so not showing Starting Window
I/ActivityManager( 1042): Killing 14231:com.ifttt.ifttt/u0a128 (adj 15): empty #9
W/ContextImpl( 1315): Calling a method in the system process without a qualified user: android.app.ContextImpl.sendBroadcast:1252 android.content.ContextWrapper.sendBroadcast:365 com.motorola.motocare.util.TriggerHelper$TriggerBuilder.send:76 com.motorola.motocare.internal.frameworkevents.ProcessKillTrigger.sendTrigger:147 com.motorola.motocare.internal.frameworkevents.ProcessKillTrigger.handleFrameworkEvent:164 
W/ContextImpl( 1315): Calling a method in the system process without a qualified user: android.app.ContextImpl.sendBroadcast:1252 android.content.ContextWrapper.sendBroadcast:365 com.motorola.motocare.util.TriggerHelper$TriggerBuilder.send:76 com.motorola.motocare.internal.frameworkevents.PauseResumeTrigger.handleFrameworkEvent:53 com.motorola.motocare.internal.frameworkevents.FwEventMonitor$FrameworkListener.processFrameworkEvent:114 
W/ContextImpl( 1315): Calling a method in the system process without a qualified user: android.app.ContextImpl.sendBroadcast:1252 android.content.ContextWrapper.sendBroadcast:365 com.motorola.motocare.util.TriggerHelper$TriggerBuilder.send:76 com.motorola.motocare.internal.frameworkevents.PauseResumeTrigger.handleFrameworkEvent:53 com.motorola.motocare.internal.frameworkevents.FwEventMonitor$FrameworkListener.processFrameworkEvent:114 
W/ActivityThread(14838): Application com.example.sahil.sunshine.app is waiting for the debugger on port 8100...
I/ActivityManager( 1042): Start proc com.google.android.apps.docs for broadcast com.google.android.apps.docs/.receivers.AppPackageAddRemoveReceiver: pid=14868 uid=10057 gids={50057, 3003, 1028, 1015}
W/ActivityManager( 1042): Activity pause timeout for ActivityRecord{419ae128 u0 com.example.sahil.sunshine.app/.MainActivity t151}
I/ActivityManager( 1042): Start proc com.facebook.katana:dash for broadcast com.facebook.katana/com.facebook.dash.receivers.DashPackageUninstallReceiver: pid=14900 uid=10121 gids={50121, 1028, 1015, 3003}
I/ActivityManager( 1042): Process com.android.vending (pid 14723) has died.
I/LaunchCheckinHandler( 1042): Displayed com.example.sahil.sunshine.app/.MainActivity,cp,ca,2222
I/ActivityManager( 1042): Process com.google.android.tts (pid 14662) has died.
D/WifiService( 1042): New client listening to asynchronous messages
I/ActivityManager( 1042): Start proc com.google.android.partnersetup for broadcast com.google.android.partnersetup/.RlzPingBroadcastReceiver: pid=14929 uid=10024 gids={50024, 3003}
I/ActivityManager( 1042): Start proc com.android.vending for broadcast com.android.vending/com.google.android.finsky.receivers.PackageMonitorReceiver$RegisteredReceiver: pid=14947 uid=10036 gids={50036, 3003, 1028, 1015}
I/ActivityManager( 1042): Killing 14602:com.android.deskclock/u0a14 (adj 15): empty #9
W/ContextImpl( 1315): Calling a method in the system process without a qualified user: android.app.ContextImpl.sendBroadcast:1252 android.content.ContextWrapper.sendBroadcast:365 com.motorola.motocare.util.TriggerHelper$TriggerBuilder.send:76 com.motorola.motocare.internal.frameworkevents.ProcessKillTrigger.sendTrigger:147 com.motorola.motocare.internal.frameworkevents.ProcessKillTrigger.handleFrameworkEvent:164 
I/ActivityManager( 1042): Process com.facebook.katana:dash (pid 14900) has died.
D/WifiService( 1042): Client connection lost with reason: 4
I/ActivityManager( 1042): Start proc com.motorola.context for broadcast com.motorola.context/.engine.mediator.MediatorReceiver: pid=14997 uid=10010 gids={50010, 3001, 3002, 3003}
I/ActivityManager( 1042): Start proc com.google.android.apps.cloudprint for broadcast com.google.android.apps.cloudprint/.printdialog.receivers.UpgradeBroadcastReceiver: pid=15011 uid=10055 gids={50055, 3003, 1028}
I/ActivityManager( 1042): Start proc com.motorola.targetnotif for broadcast com.motorola.targetnotif/com.motorola.blur.service.blur.StartupReceiver: pid=15025 uid=10112 gids={50112, 3002, 3001, 3003}
I/ActivityManager( 1042): Killing 14710:com.android.defcontainer/u0a12 (adj 15): empty #9
W/ContextImpl( 1315): Calling a method in the system process without a qualified user: android.app.ContextImpl.sendBroadcast:1252 android.content.ContextWrapper.sendBroadcast:365 com.motorola.motocare.util.TriggerHelper$TriggerBuilder.send:76 com.motorola.motocare.internal.frameworkevents.ProcessKillTrigger.sendTrigger:147 com.motorola.motocare.internal.frameworkevents.ProcessKillTrigger.handleFrameworkEvent:164 
I/ActivityManager( 1042): Start proc com.ifttt.ifttt for broadcast com.ifttt.ifttt/com.urbanairship.push.GCMPushReceiver: pid=15040 uid=10128 gids={50128, 3003, 1028, 1015}
I/ActivityManager( 1042): Killing 14776:com.android.keychain/1000 (adj 15): empty #9
W/ContextImpl( 1315): Calling a method in the system process without a qualified user: android.app.ContextImpl.sendBroadcast:1252 android.content.ContextWrapper.sendBroadcast:365 com.motorola.motocare.util.TriggerHelper$TriggerBuilder.send:76 com.motorola.motocare.internal.frameworkevents.ProcessKillTrigger.sendTrigger:147 com.motorola.motocare.internal.frameworkevents.ProcessKillTrigger.handleFrameworkEvent:164 
V/AlarmManager( 1042): sending alarm Alarm{428e9528 type 2 com.whatsapp}
V/AlarmManager( 1042): sending alarm Alarm{428e8970 type 2 com.facebook.orca}
V/AlarmManager( 1042): sending alarm Alarm{428ddca8 type 2 com.facebook.katana}
V/AlarmManager( 1042): sending alarm Alarm{428d71d0 type 2 com.android.keyguard}
V/AlarmManager( 1042): sending alarm Alarm{42898920 type 0 com.facebook.orca}
V/AlarmManager( 1042): sending alarm Alarm{42882d78 type 0 com.facebook.katana}
W/ContextImpl( 1315): Calling a method in the system process without a qualified user: android.app.ContextImpl.startService:1608 android.content.ContextWrapper.startService:494 android.content.ContextWrapper.startService:494 com.motorola.motocare.internal.batterystats.BatteryStatsAction.onReceive:33 android.app.ActivityThread.handleReceiver:2434 
I/ActivityManager( 1042): Killing 14804:com.google.android.gms.ui/u0a21 (adj 15): empty #9
W/ContextImpl( 1315): Calling a method in the system process without a qualified user: android.app.ContextImpl.sendBroadcast:1252 android.content.ContextWrapper.sendBroadcast:365 com.motorola.motocare.util.TriggerHelper$TriggerBuilder.send:76 com.motorola.motocare.internal.frameworkevents.ProcessKillTrigger.sendTrigger:147 com.motorola.motocare.internal.frameworkevents.ProcessKillTrigger.handleFrameworkEvent:164 
I/SFPerfTracer(  259):      triggers: (rate: 44:1730) (compose: 0:34) (post: 0:0) (render: 1:359) (0:38190 frames) (1:139059)
D/SFPerfTracer(  259):        layers: (0:12) (DimLayer: 0:580)* (DimLayer: 0:17)* (FocusedStackFrame: 0:2124)* (StatusBar: 0:18079)* (NavigationBar: 0:13380)* (com.android.systemui.ImageWallpaper: 0:1022)* (DimLayer: 0:2490)* (DimLayer: 0:450)* (com.teslacoilsw.launcher/com.android.launcher2.Launcher: 0:62)* (ElectronBeam: 0:24)* (Waiting For Debugger: com.example.sahil.sunshine.app: 0:3)* (com.example.sahil.sunshine.app/com.example.sahil.sunshine.app.MainActivity: 1:3)* 
I/PowerManagerService( 1042): Waking up from sleep...
I/WindowManager( 1042): Lock screen displayed!
D/DisplayPowerController( 1042): Unblocked screen on after 79081623 ms
I/ActivityManager( 1042): Killing 14929:com.google.android.partnersetup/u0a24 (adj 15): empty #9
W/ContextImpl( 1315): Calling a method in the system process without a qualified user: android.app.ContextImpl.sendBroadcast:1252 android.content.ContextWrapper.sendBroadcast:365 com.motorola.motocare.util.TriggerHelper$TriggerBuilder.send:76 com.motorola.motocare.internal.frameworkevents.ProcessKillTrigger.sendTrigger:147 com.motorola.motocare.internal.frameworkevents.ProcessKillTrigger.handleFrameworkEvent:164 
I/SFPerfTracer(  259):      triggers: (rate: 0:0) (12804 sw vsyncs) (0 skipped) (0:183565 vsyncs) (149:231962)
W/ContextImpl( 1315): Calling a method in the system process without a qualified user: android.app.ContextImpl.sendBroadcast:1252 android.content.ContextWrapper.sendBroadcast:365 com.motorola.motocare.util.TriggerHelper$TriggerBuilder.send:76 com.motorola.motocare.internal.frameworkevents.PauseResumeTrigger.handleFrameworkEvent:53 com.motorola.motocare.internal.frameworkevents.FwEventMonitor$FrameworkListener.processFrameworkEvent:114 
D/UsbDeviceManager( 1042): MSG_USER_PRESENT
W/InputMethodManagerService( 1042): Window already focused, ignoring focus gain of: com.android.internal.view.IInputMethodClient$Stub$Proxy@424dd9e0 attribute=null, token = android.os.BinderProxy@424948c0
I/ActivityManager( 1042): Process com.google.android.apps.plus (pid 14826) has died.
W/ContextImpl( 1315): Calling a method in the system process without a qualified user: android.app.ContextImpl.startService:1608 android.content.ContextWrapper.startService:494 android.content.ContextWrapper.startService:494 com.motorola.motocare.internal.batterystats.BatteryStatsAction.onReceive:33 android.app.ActivityThread.handleReceiver:2434 
I/SFPerfTracer(  259):      triggers: (rate: 0:0) (12804 sw vsyncs) (0 skipped) (81:183668 vsyncs) (83:232086)
I/SFPerfTracer(  259):      triggers: (rate: 44:1738) (compose: 0:34) (post: 0:0) (render: 1:359) (1:38265 frames) (2:139159)
D/SFPerfTracer(  259):        layers: (3:12) (DimLayer: 0:580)* (DimLayer: 0:17)* (FocusedStackFrame: 0:2127)* (StatusBar: 0:18101) (NavigationBar: 0:13413) (com.android.systemui.ImageWallpaper: 0:1024)* (DimLayer: 0:2490)* (DimLayer: 0:454)* (ElectronBeam: 0:24)* (com.example.sahil.sunshine.app/com.example.sahil.sunshine.app.MainActivity: 0:24) (Keyguard: 0:55)* (PopupWindow:41b5b678: 2:5)* 
W/InputMethodManagerService( 1042): Window already focused, ignoring focus gain of: com.android.internal.view.IInputMethodClient$Stub$Proxy@427facf0 attribute=null, token = android.os.BinderProxy@424948c0
I/SFPerfTracer(  259):      triggers: (rate: 0:0) (12804 sw vsyncs) (0 skipped) (17:183754 vsyncs) (19:232196)
V/AlarmManager( 1042): sending alarm Alarm{41b59a68 type 0 com.android.vending}
V/AlarmManager( 1042): sending alarm Alarm{41b27858 type 2 com.facebook.orca}
V/AlarmManager( 1042): sending alarm Alarm{41afbb70 type 2 com.facebook.katana}
V/AlarmManager( 1042): sending alarm Alarm{426ad538 type 2 com.facebook.orca}
V/AlarmManager( 1042): sending alarm Alarm{4261ed00 type 2 com.facebook.katana}
I/SFPerfTracer(  259):      triggers: (rate: 0:0) (12804 sw vsyncs) (0 skipped) (0:183820 vsyncs) (1:232297)
W/ContextImpl( 1315): Calling a method in the system process without a qualified user: android.app.ContextImpl.sendBroadcast:1252 android.content.ContextWrapper.sendBroadcast:365 com.motorola.motocare.util.TriggerHelper$TriggerBuilder.send:76 com.motorola.motocare.internal.frameworkevents.ProcessKillTrigger.sendTrigger:147 com.motorola.motocare.internal.frameworkevents.ProcessKillTrigger.handleLmkKill:337 
W/ContextImpl( 1315): Calling a method in the system process without a qualified user: android.app.ContextImpl.sendBroadcast:1252 android.content.ContextWrapper.sendBroadcast:365 com.motorola.motocare.util.TriggerHelper$TriggerBuilder.send:76 com.motorola.motocare.internal.frameworkevents.ProcessKillTrigger.sendTrigger:147 com.motorola.motocare.internal.frameworkevents.ProcessKillTrigger.handleLmkKill:337 
W/ContextImpl( 1315): Calling a method in the system process without a qualified user: android.app.ContextImpl.sendBroadcast:1252 android.content.ContextWrapper.sendBroadcast:365 com.motorola.motocare.util.TriggerHelper$TriggerBuilder.send:76 com.motorola.motocare.internal.frameworkevents.ProcessKillTrigger.sendTrigger:147 com.motorola.motocare.internal.frameworkevents.ProcessKillTrigger.handleLmkKill:337 
W/ContextImpl( 1315): Calling a method in the system process without a qualified user: android.app.ContextImpl.sendBroadcast:1252 android.content.ContextWrapper.sendBroadcast:365 com.motorola.motocare.util.TriggerHelper$TriggerBuilder.send:76 com.motorola.motocare.internal.frameworkevents.ProcessKillTrigger.sendTrigger:147 com.motorola.motocare.internal.frameworkevents.ProcessKillTrigger.handleLmkKill:337 
W/ContextImpl( 1315): Calling a method in the system process without a qualified user: android.app.ContextImpl.sendBroadcast:1252 android.content.ContextWrapper.sendBroadcast:365 com.motorola.motocare.util.TriggerHelper$TriggerBuilder.send:76 com.motorola.motocare.internal.frameworkevents.ProcessKillTrigger.sendTrigger:147 com.motorola.motocare.internal.frameworkevents.ProcessKillTrigger.handleLmkKill:337 
W/ContextImpl( 1315): Calling a method in the system process without a qualified user: android.app.ContextImpl.sendBroadcast:1252 android.content.ContextWrapper.sendBroadcast:365 com.motorola.motocare.util.TriggerHelper$TriggerBuilder.send:76 com.motorola.motocare.internal.frameworkevents.ProcessKillTrigger.sendTrigger:147 com.motorola.motocare.internal.frameworkevents.ProcessKillTrigger.handleLmkKill:337 
I/SFPerfTracer(  259):      triggers: (rate: 0:0) (12804 sw vsyncs) (0 skipped) (17:183903 vsyncs) (19:232411)
V/AlarmManager( 1042): sending alarm Alarm{419e4cc0 type 3 android}
V/AlarmManager( 1042): sending alarm Alarm{419e4d98 type 2 com.facebook.katana}
V/AlarmManager( 1042): sending alarm Alarm{419e4e70 type 2 com.facebook.orca}
V/AlarmManager( 1042): sending alarm Alarm{41c0bcb0 type 2 com.whatsapp}
V/AlarmManager( 1042): sending alarm Alarm{423ce9a0 type 2 android}
D/ConnectivityService( 1042): Sampling interval elapsed, updating statistics ..
D/ConnectivityService( 1042): Done.
D/ConnectivityService( 1042): Setting timer for 720seconds
I/SFPerfTracer(  259):      triggers: (rate: 0:0) (12804 sw vsyncs) (0 skipped) (5:183970 vsyncs) (7:232514)
I/PowerManagerService( 1042): Going to sleep due to screen timeout...
I/SFPerfTracer(  259):      triggers: (rate: 44:1738) (compose: 0:34) (post: 0:0) (render: 1:359) (22:38325 frames) (23:139260)
D/SFPerfTracer(  259):        layers: (4:11) (DimLayer: 0:580)* (DimLayer: 0:17)* (FocusedStackFrame: 0:2127)* (StatusBar: 0:18134) (NavigationBar: 0:13413) (com.android.systemui.ImageWallpaper: 0:1024)* (DimLayer: 0:2490)* (DimLayer: 0:454)* (com.example.sahil.sunshine.app/com.example.sahil.sunshine.app.MainActivity: 0:25) (PopupWindow:41b5b678: 0:48)* (ElectronBeam: 23:25) 
W/ContextImpl( 1315): Calling a method in the system process without a qualified user: android.app.ContextImpl.sendBroadcast:1252 android.content.ContextWrapper.sendBroadcast:365 com.motorola.motocare.util.TriggerHelper$TriggerBuilder.send:76 com.motorola.motocare.internal.frameworkevents.PauseResumeTrigger.handleFrameworkEvent:53 com.motorola.motocare.internal.frameworkevents.FwEventMonitor$FrameworkListener.processFrameworkEvent:114 
W/ContextImpl( 1315): Calling a method in the system process without a qualified user: android.app.ContextImpl.startService:1608 android.content.ContextWrapper.startService:494 android.content.ContextWrapper.startService:494 com.motorola.motocare.internal.batterystats.BatteryStatsAction.onReceive:33 android.app.ActivityThread.handleReceiver:2434 
V/AlarmManager( 1042): sending alarm Alarm{425a6ee0 type 2 com.android.keyguard}
V/AlarmManager( 1042): sending alarm Alarm{426850e0 type 0 com.facebook.orca}
V/AlarmManager( 1042): sending alarm Alarm{42685130 type 0 com.facebook.katana}
I/PowerManagerService( 1042): Waking up from sleep...
I/WindowManager( 1042): Lock screen displayed!
D/DisplayPowerController( 1042): Unblocked screen on after 79123831 ms
I/SFPerfTracer(  259):      triggers: (rate: 0:0) (12926 sw vsyncs) (0 skipped) (0:183993 vsyncs) (122:232664)
W/ContextImpl( 1315): Calling a method in the system process without a qualified user: android.app.ContextImpl.sendBroadcast:1252 android.content.ContextWrapper.sendBroadcast:365 com.motorola.motocare.util.TriggerHelper$TriggerBuilder.send:76 com.motorola.motocare.internal.frameworkevents.PauseResumeTrigger.handleFrameworkEvent:53 com.motorola.motocare.internal.frameworkevents.FwEventMonitor$FrameworkListener.processFrameworkEvent:114 
D/UsbDeviceManager( 1042): MSG_USER_PRESENT
W/InputMethodManagerService( 1042): Window already focused, ignoring focus gain of: com.android.internal.view.IInputMethodClient$Stub$Proxy@42624d90 attribute=android.view.inputmethod.EditorInfo@425c11e0, token = android.os.BinderProxy@424948c0
I/SFPerfTracer(  259):      triggers: (rate: 0:0) (12926 sw vsyncs) (0 skipped) (80:184098 vsyncs) (82:232789)
W/ContextImpl( 1315): Calling a method in the system process without a qualified user: android.app.ContextImpl.startService:1608 android.content.ContextWrapper.startService:494 android.content.ContextWrapper.startService:494 com.motorola.motocare.internal.batterystats.BatteryStatsAction.onReceive:33 android.app.ActivityThread.handleReceiver:2434 
I/SFPerfTracer(  259):      triggers: (rate: 44:1748) (compose: 0:34) (post: 0:0) (render: 1:359) (12:38413 frames) (13:139370)
D/SFPerfTracer(  259):        layers: (4:12) (DimLayer: 0:580)* (DimLayer: 0:17)* (FocusedStackFrame: 0:2130)* (StatusBar: 1:18155) (NavigationBar: 0:13450) (com.android.systemui.ImageWallpaper: 0:1026)* (DimLayer: 0:2490)* (DimLayer: 0:458)* (com.example.sahil.sunshine.app/com.example.sahil.sunshine.app.MainActivity: 0:46) (ElectronBeam: 0:27)* (Keyguard: 0:55)* (PopupWindow:41bb41b0: 13:19) 
I/ActivityManager( 1042): START u0 {cmp=com.example.sahil.sunshine.app/.SettingsActivity} from pid 14838
W/ContextImpl( 1315): Calling a method in the system process without a qualified user: android.app.ContextImpl.sendBroadcast:1252 android.content.ContextWrapper.sendBroadcast:365 com.motorola.motocare.util.TriggerHelper$TriggerBuilder.send:76 com.motorola.motocare.internal.frameworkevents.PauseResumeTrigger.handleFrameworkEvent:53 com.motorola.motocare.internal.frameworkevents.FwEventMonitor$FrameworkListener.processFrameworkEvent:114 
W/ContextImpl( 1315): Calling a method in the system process without a qualified user: android.app.ContextImpl.sendBroadcast:1252 android.content.ContextWrapper.sendBroadcast:365 com.motorola.motocare.util.TriggerHelper$TriggerBuilder.send:76 com.motorola.motocare.internal.frameworkevents.PauseResumeTrigger.handleFrameworkEvent:53 com.motorola.motocare.internal.frameworkevents.FwEventMonitor$FrameworkListener.processFrameworkEvent:114 
I/LaunchCheckinHandler( 1042): Displayed com.example.sahil.sunshine.app/.SettingsActivity,wp,ca,464
I/SFPerfTracer(  259):      triggers: (rate: 0:0) (12926 sw vsyncs) (0 skipped) (8:184181 vsyncs) (10:232890)
I/ActivityManager( 1042): Process com.google.android.apps.docs (pid 14868) has died.
I/SFPerfTracer(  259):      triggers: (rate: 44:1748) (compose: 0:34) (post: 0:0) (render: 1:359) (22:38495 frames) (23:139474)
D/SFPerfTracer(  259):        layers: (7:14) (DimLayer: 0:580)* (DimLayer: 0:17)* (FocusedStackFrame: 0:2135)* (StatusBar: 1:18159) (NavigationBar: 0:13451) (com.android.systemui.ImageWallpaper: 0:1026)* (DimLayer: 0:2504) (DimLayer: 0:460)* (com.example.sahil.sunshine.app/com.example.sahil.sunshine.app.MainActivity: 0:64)* (PopupWindow:41bb41b0: 0:33)* (com.example.sahil.sunshine.app/com.example.sahil.sunshine.app.SettingsActivity: 16:57) (com.example.sahil.sunshine.app/com.example.sahil.sunshine.app.SettingsActivity: 15:42) (SurfaceView: 14:17) (InputMethod: 14:26) 
V/AlarmManager( 1042): sending alarm Alarm{42b1a500 type 2 com.whatsapp}
I/ActivityManager( 1042): Start proc com.google.android.inputmethod.latin for service com.google.android.inputmethod.latin/com.android.inputmethod.latin.spellcheck.AndroidSpellCheckerService: pid=15273 uid=10069 gids={50069, 3003, 1028, 1015}
V/AlarmManager( 1042): sending alarm Alarm{42ae2b58 type 3 com.google.android.wearable.app}
I/SFPerfTracer(  259):      triggers: (rate: 0:0) (12926 sw vsyncs) (0 skipped) (46:184309 vsyncs) (48:233038)
W/ContextImpl( 1315): Calling a method in the system process without a qualified user: android.app.ContextImpl.sendBroadcast:1252 android.content.ContextWrapper.sendBroadcast:365 com.motorola.motocare.util.TriggerHelper$TriggerBuilder.send:76 com.motorola.motocare.internal.frameworkevents.PauseResumeTrigger.handleFrameworkEvent:53 com.motorola.motocare.internal.frameworkevents.FwEventMonitor$FrameworkListener.processFrameworkEvent:114 
W/ContextImpl( 1315): Calling a method in the system process without a qualified user: android.app.ContextImpl.sendBroadcast:1252 android.content.ContextWrapper.sendBroadcast:365 com.motorola.motocare.util.TriggerHelper$TriggerBuilder.send:76 com.motorola.motocare.internal.frameworkevents.PauseResumeTrigger.handleFrameworkEvent:53 com.motorola.motocare.internal.frameworkevents.FwEventMonitor$FrameworkListener.processFrameworkEvent:114 
I/SFPerfTracer(  259):      triggers: (rate: 44:1749) (compose: 0:34) (post: 0:0) (render: 1:359) (15:38551 frames) (16:139575)
D/SFPerfTracer(  259):        layers: (4:14) (DimLayer: 0:580)* (DimLayer: 0:17)* (FocusedStackFrame: 0:2138)* (StatusBar: 0:18163) (NavigationBar: 16:13479) (com.android.systemui.ImageWallpaper: 0:1026)* (DimLayer: 0:2516)* (DimLayer: 0:460)* (com.example.sahil.sunshine.app/com.example.sahil.sunshine.app.SettingsActivity: 16:94) (com.example.sahil.sunshine.app/com.example.sahil.sunshine.app.SettingsActivity: 0:69)* (SurfaceView: 0:17)* (InputMethod: 0:46)* (PopupWindow:41c28e30: 0:18)* (com.example.sahil.sunshine.app/com.example.sahil.sunshine.app.MainActivity: 0:6) 
I/SFPerfTracer(  259):      triggers: (rate: 0:0) (12926 sw vsyncs) (0 skipped) (17:184396 vsyncs) (19:233148)
I/ActivityManager( 1042): START u0 {cmp=com.example.sahil.sunshine.app/.SettingsActivity} from pid 14838
W/ContextImpl( 1315): Calling a method in the system process without a qualified user: android.app.ContextImpl.sendBroadcast:1252 android.content.ContextWrapper.sendBroadcast:365 com.motorola.motocare.util.TriggerHelper$TriggerBuilder.send:76 com.motorola.motocare.internal.frameworkevents.PauseResumeTrigger.handleFrameworkEvent:53 com.motorola.motocare.internal.frameworkevents.FwEventMonitor$FrameworkListener.processFrameworkEvent:114 
W/ContextImpl( 1315): Calling a method in the system process without a qualified user: android.app.ContextImpl.sendBroadcast:1252 android.content.ContextWrapper.sendBroadcast:365 com.motorola.motocare.util.TriggerHelper$TriggerBuilder.send:76 com.motorola.motocare.internal.frameworkevents.PauseResumeTrigger.handleFrameworkEvent:53 com.motorola.motocare.internal.frameworkevents.FwEventMonitor$FrameworkListener.processFrameworkEvent:114 
I/LaunchCheckinHandler( 1042): Displayed com.example.sahil.sunshine.app/.SettingsActivity,wp,ca,440
I/SFPerfTracer(  259):      triggers: (rate: 44:1752) (compose: 0:34) (post: 0:0) (render: 1:359) (0:38606 frames) (1:139675)
D/SFPerfTracer(  259):        layers: (3:12) (DimLayer: 0:580)* (DimLayer: 0:17)* (FocusedStackFrame: 0:2142)* (StatusBar: 0:18173) (NavigationBar: 0:13485) (com.android.systemui.ImageWallpaper: 0:1026)* (DimLayer: 0:2516)* (DimLayer: 0:462)* (com.example.sahil.sunshine.app/com.example.sahil.sunshine.app.SettingsActivity: 0:97)* (com.example.sahil.sunshine.app/com.example.sahil.sunshine.app.MainActivity: 0:45)* (PopupWindow:41c59d38: 0:32)* (com.example.sahil.sunshine.app/com.example.sahil.sunshine.app.SettingsActivity: 1:31) 
I/SFPerfTracer(  259):      triggers: (rate: 0:0) (12926 sw vsyncs) (0 skipped) (0:184476 vsyncs) (1:233249)
--------- beginning of /dev/log/main
E/SpannableStringBuilder(14838): SPAN_EXCLUSIVE_EXCLUSIVE spans cannot have a zero length
E/SpannableStringBuilder(14838): SPAN_EXCLUSIVE_EXCLUSIVE spans cannot have a zero length
D/hardware_info(  265): hw_info_append_hw_type : device_name = speaker
D/WifiStateMachine( 1042): handleMessage: E msg.what=151572
D/WifiStateMachine( 1042): processMsg: ConnectedState
D/WifiStateMachine( 1042): processMsg: L2ConnectedState
D/WifiStateMachine( 1042): handleMessage: X
D/WifiStateMachine( 1042): handleMessage: E msg.what=131155
D/WifiStateMachine( 1042): processMsg: ConnectedState
D/WifiStateMachine( 1042): processMsg: L2ConnectedState
D/WifiStateMachine( 1042): handleMessage: X
I/SFPerfTracer(  259):      triggers: (rate: 0:0) (12926 sw vsyncs) (0 skipped) (1:184551 vsyncs) (3:233352)
I/SFPerfTracer(  259):      triggers: (rate: 44:1753) (compose: 0:34) (post: 0:0) (render: 1:359) (0:38673 frames) (1:139775)
D/SFPerfTracer(  259):        layers: (8:14) (DimLayer: 0:580)* (DimLayer: 0:17)* (FocusedStackFrame: 0:2143)* (StatusBar: 0:18174) (NavigationBar: 0:13486) (com.android.systemui.ImageWallpaper: 0:1026)* (DimLayer: 0:2530) (DimLayer: 0:462)* (com.example.sahil.sunshine.app/com.example.sahil.sunshine.app.SettingsActivity: 0:59) (com.example.sahil.sunshine.app/com.example.sahil.sunshine.app.SettingsActivity: 0:62) (SurfaceView: 0:18) (InputMethod: 1:40) (PopupWindow:41c9b870: 0:18)* (PopupWindow:41a20c70: 0:4) 
D/audio_hw_primary(  265): out_set_parameters: enter: usecase(1: low-latency-playback) kvpairs: routing=2
V/msm8974_platform(  265): platform_get_output_snd_device: enter: output devices(0x2)
V/msm8974_platform(  265): platform_get_output_snd_device: exit: snd_device(speaker)
D/audio_hw_primary(  265): select_devices: out_snd_device(2: speaker) in_snd_device(0: )
D/hardware_info(  265): hw_info_append_hw_type : device_name = speaker
V/msm8974_platform(  265): platform_send_audio_calibration: sending audio calibration for snd_device(2) acdb_id(14)
D/WifiStateMachine( 1042): handleMessage: E msg.what=151572
D/WifiStateMachine( 1042): processMsg: ConnectedState
D/WifiStateMachine( 1042): processMsg: L2ConnectedState
D/WifiStateMachine( 1042): handleMessage: X
D/SBar.MSimNetwCntrl( 1129): updateTelephonySignalStrength[0]: iconList[iconLevel]=7f020299/zz_moto_stat_sys_signal_4_fully_wide iconLevel=4 mMSimMobileInetCondition=1 mMSimMobileInetConditionSB=1
D/SBar.MSimNetwCntrl( 1129): updateDataIcon[0]: subscription=0
D/SBar.MSimNetwCntrl( 1129): updateDataIcon[0]: dataSub=0
D/SBar.MSimNetwCntrl( 1129): updateDataIcon[0]: SimState=READY
I/SBar.MSimNetwCntrl( 1129): notifySignalsChangedCallbacks[0]: isEmergencyOnly(0)=false enabled=true sim=(none)="(empty)" signal=zz_moto_stat_sys_signal_4_fully_wide="Phone signal full." roaming=(none)="Not roaming."
I/SBar.MSimNetwCntrl( 1129):  type=(none)="3.5G" activity=(none)="(empty)"
I/SBar.MSimNetwCntrl( 1129):  slot=1="1" network="Vodafone IN"
D/dalvikvm( 1300): GC_CONCURRENT freed 1146K, 44% free 6648K/11760K, paused 3ms+5ms, total 61ms
W/ContextImpl( 1315): Calling a method in the system process without a qualified user: android.app.ContextImpl.sendBroadcast:1252 android.content.ContextWrapper.sendBroadcast:365 com.motorola.motocare.util.TriggerHelper$TriggerBuilder.send:76 com.motorola.motocare.internal.frameworkevents.PauseResumeTrigger.handleFrameworkEvent:53 com.motorola.motocare.internal.frameworkevents.FwEventMonitor$FrameworkListener.processFrameworkEvent:114 
D/audio_hw_primary(  265): out_set_parameters: enter: usecase(1: low-latency-playback) kvpairs: routing=2
V/msm8974_platform(  265): platform_get_output_snd_device: enter: output devices(0x2)
V/msm8974_platform(  265): platform_get_output_snd_device: exit: snd_device(speaker)
W/ContextImpl( 1315): Calling a method in the system process without a qualified user: android.app.ContextImpl.sendBroadcast:1252 android.content.ContextWrapper.sendBroadcast:365 com.motorola.motocare.util.TriggerHelper$TriggerBuilder.send:76 com.motorola.motocare.internal.frameworkevents.PauseResumeTrigger.handleFrameworkEvent:53 com.motorola.motocare.internal.frameworkevents.FwEventMonitor$FrameworkListener.processFrameworkEvent:114 
V/FetchWeatherTask(14838): Built URIhttp://api.openweathermap.org/data/2.5/forecast/daily?q=k&mode=json&units=metric&cnt=7
D/WifiStateMachine( 1042): handleMessage: E msg.what=151572
D/WifiStateMachine( 1042): processMsg: ConnectedState
D/WifiStateMachine( 1042): processMsg: L2ConnectedState
D/WifiStateMachine( 1042): handleMessage: X
V/FetchWeatherTask(14838): Forecast JSON String{"message":"","cod":"404"}
E/FetchWeatherTask(14838): No value for list
E/FetchWeatherTask(14838): org.json.JSONException: No value for list
E/FetchWeatherTask(14838): 	at org.json.JSONObject.get(JSONObject.java:355)
E/FetchWeatherTask(14838): 	at org.json.JSONObject.getJSONArray(JSONObject.java:549)
E/FetchWeatherTask(14838): 	at com.example.sahil.sunshine.app.ForecastFragment$FetchWeatherTask.getWeatherDataFromJson(ForecastFragment.java:186)
E/FetchWeatherTask(14838): 	at com.example.sahil.sunshine.app.ForecastFragment$FetchWeatherTask.doInBackground(ForecastFragment.java:307)
E/FetchWeatherTask(14838): 	at com.example.sahil.sunshine.app.ForecastFragment$FetchWeatherTask.doInBackground(ForecastFragment.java:122)
E/FetchWeatherTask(14838): 	at android.os.AsyncTask$2.call(AsyncTask.java:288)
E/FetchWeatherTask(14838): 	at java.util.concurrent.FutureTask.run(FutureTask.java:237)
E/FetchWeatherTask(14838): 	at android.os.AsyncTask$SerialExecutor$1.run(AsyncTask.java:231)
E/FetchWeatherTask(14838): 	at java.util.concurrent.ThreadPoolExecutor.runWorker(ThreadPoolExecutor.java:1112)
E/FetchWeatherTask(14838): 	at java.util.concurrent.ThreadPoolExecutor$Worker.run(ThreadPoolExecutor.java:587)
E/FetchWeatherTask(14838): 	at java.lang.Thread.run(Thread.java:841)
W/System.err(14838): org.json.JSONException: No value for list
W/System.err(14838): 	at org.json.JSONObject.get(JSONObject.java:355)
W/System.err(14838): 	at org.json.JSONObject.getJSONArray(JSONObject.java:549)
W/System.err(14838): 	at com.example.sahil.sunshine.app.ForecastFragment$FetchWeatherTask.getWeatherDataFromJson(ForecastFragment.java:186)
W/System.err(14838): 	at com.example.sahil.sunshine.app.ForecastFragment$FetchWeatherTask.doInBackground(ForecastFragment.java:307)
W/System.err(14838): 	at com.example.sahil.sunshine.app.ForecastFragment$FetchWeatherTask.doInBackground(ForecastFragment.java:122)
W/System.err(14838): 	at android.os.AsyncTask$2.call(AsyncTask.java:288)
W/System.err(14838): 	at java.util.concurrent.FutureTask.run(FutureTask.java:237)
W/System.err(14838): 	at android.os.AsyncTask$SerialExecutor$1.run(AsyncTask.java:231)
W/System.err(14838): 	at java.util.concurrent.ThreadPoolExecutor.runWorker(ThreadPoolExecutor.java:1112)
W/System.err(14838): 	at java.util.concurrent.ThreadPoolExecutor$Worker.run(ThreadPoolExecutor.java:587)
W/System.err(14838): 	at java.lang.Thread.run(Thread.java:841)
D/AndroidRuntime(14838): Shutting down VM
W/dalvikvm(14838): threadid=1: thread exiting with uncaught exception (group=0x416afd40)
E/AndroidRuntime(14838): FATAL EXCEPTION: main
E/AndroidRuntime(14838): Process: com.example.sahil.sunshine.app, PID: 14838
E/AndroidRuntime(14838): java.lang.NullPointerException
E/AndroidRuntime(14838): 	at com.example.sahil.sunshine.app.ForecastFragment$FetchWeatherTask.onPostExecute(ForecastFragment.java:321)
E/AndroidRuntime(14838): 	at com.example.sahil.sunshine.app.ForecastFragment$FetchWeatherTask.onPostExecute(ForecastFragment.java:122)
E/AndroidRuntime(14838): 	at android.os.AsyncTask.finish(AsyncTask.java:632)
E/AndroidRuntime(14838): 	at android.os.AsyncTask.access$600(AsyncTask.java:177)
E/AndroidRuntime(14838): 	at android.os.AsyncTask$InternalHandler.handleMessage(AsyncTask.java:645)
E/AndroidRuntime(14838): 	at android.os.Handler.dispatchMessage(Handler.java:102)
E/AndroidRuntime(14838): 	at android.os.Looper.loop(Looper.java:136)
E/AndroidRuntime(14838): 	at android.app.ActivityThread.main(ActivityThread.java:5086)
E/AndroidRuntime(14838): 	at java.lang.reflect.Method.invokeNative(Native Method)
E/AndroidRuntime(14838): 	at java.lang.reflect.Method.invoke(Method.java:515)
E/AndroidRuntime(14838): 	at com.android.internal.os.ZygoteInit$MethodAndArgsCaller.run(ZygoteInit.java:785)
E/AndroidRuntime(14838): 	at com.android.internal.os.ZygoteInit.main(ZygoteInit.java:601)
E/AndroidRuntime(14838): 	at dalvik.system.NativeStart.main(Native Method)
W/ActivityManager( 1042):   Force finishing activity com.example.sahil.sunshine.app/.MainActivity
W/ContextImpl( 1315): Calling a method in the system process without a qualified user: android.app.ContextImpl.sendBroadcast:1252 android.content.ContextWrapper.sendBroadcast:365 com.motorola.motocare.util.TriggerHelper$TriggerBuilder.send:76 com.motorola.motocare.internal.frameworkevents.PauseResumeTrigger.handleFrameworkEvent:53 com.motorola.motocare.internal.frameworkevents.FwEventMonitor$FrameworkListener.processFrameworkEvent:114 
D/SBar.MSimNetwCntrl( 1129): updateTelephonySignalStrength[0]: iconList[iconLevel]=7f020299/zz_moto_stat_sys_signal_4_fully_wide iconLevel=4 mMSimMobileInetCondition=1 mMSimMobileInetConditionSB=1
D/SBar.MSimNetwCntrl( 1129): updateDataIcon[0]: subscription=0
D/SBar.MSimNetwCntrl( 1129): updateDataIcon[0]: dataSub=0
D/SBar.MSimNetwCntrl( 1129): updateDataIcon[0]: SimState=READY
I/SBar.MSimNetwCntrl( 1129): notifySignalsChangedCallbacks[0]: isEmergencyOnly(0)=false enabled=true sim=(none)="(empty)" signal=zz_moto_stat_sys_signal_4_fully_wide="Phone signal full." roaming=(none)="Not roaming."
I/SBar.MSimNetwCntrl( 1129):  type=(none)="3.5G" activity=(none)="(empty)"
I/SBar.MSimNetwCntrl( 1129):  slot=1="1" network="Vodafone IN"
W/ActivityManager( 1042): Activity pause timeout for ActivityRecord{419ae128 u0 com.example.sahil.sunshine.app/.MainActivity t151 f}
W/ContextImpl( 1315): Calling a method in the system process without a qualified user: android.app.ContextImpl.sendBroadcast:1252 android.content.ContextWrapper.sendBroadcast:365 com.motorola.motocare.util.TriggerHelper$TriggerBuilder.send:76 com.motorola.motocare.internal.frameworkevents.PauseResumeTrigger.handleFrameworkEvent:53 com.motorola.motocare.internal.frameworkevents.FwEventMonitor$FrameworkListener.processFrameworkEvent:114 
I/SFPerfTracer(  259):      triggers: (rate: 44:1753) (compose: 0:34) (post: 0:0) (render: 1:359) (2:38727 frames) (3:139876)
