D/WifiStateMachine( 1042): processMsg: L2ConnectedState
D/WifiStateMachine( 1042): handleMessage: X
D/audio_hw_primary(  265): out_set_parameters: enter: usecase(1: low-latency-playback) kvpairs: routing=2
V/msm8974_platform(  265): platform_get_output_snd_device: enter: output devices(0x2)
V/msm8974_platform(  265): platform_get_output_snd_device: exit: snd_device(speaker)
D/dalvikvm( 1300): GC_CONCURRENT freed 2157K, 45% free 6540K/11760K, paused 3ms+7ms, total 81ms
E/SpannableStringBuilder(15860): SPAN_EXCLUSIVE_EXCLUSIVE spans cannot have a zero length
E/SpannableStringBuilder(15860): SPAN_EXCLUSIVE_EXCLUSIVE spans cannot have a zero length
E/SpannableStringBuilder(15860): SPAN_EXCLUSIVE_EXCLUSIVE spans cannot have a zero length
E/SpannableStringBuilder(15860): SPAN_EXCLUSIVE_EXCLUSIVE spans cannot have a zero length
I/Adreno-EGL( 1300): <qeglDrvAPI_eglInitialize:410>: EGL 1.4 QUALCOMM build: AU_LINUX_ANDROID_LNX.LA.3.5.1_RB1.04.04.02.048.018_msm8610_LNX.LA.3.5.1_RB1__release_AU ()
I/Adreno-EGL( 1300): OpenGL ES Shader Compiler Version: E031.24.00.08
I/Adreno-EGL( 1300): Build Date: 03/07/14 Fri
I/Adreno-EGL( 1300): Local Branch: 
I/Adreno-EGL( 1300): Remote Branch: quic/LNX.LA.3.5.1_RB1.1
I/Adreno-EGL( 1300): Local Patches: NONE
I/Adreno-EGL( 1300): Reconstruct Branch: AU_LINUX_ANDROID_LNX.LA.3.5.1_RB1.04.04.02.048.018 + f2fd134 +  NOTHING
D/dalvikvm( 1129): GC_CONCURRENT freed 2818K, 53% free 9747K/20484K, paused 6ms+12ms, total 75ms
D/dalvikvm( 1129): WAIT_FOR_CONCURRENT_GC blocked 69ms
D/dalvikvm( 1300): GC_FOR_ALLOC freed 984K, 51% free 5779K/11760K, paused 64ms, total 65ms
D/WifiStateMachine( 1042): handleMessage: E msg.what=151572
D/WifiStateMachine( 1042): processMsg: ConnectedState
D/WifiStateMachine( 1042): processMsg: L2ConnectedState
D/WifiStateMachine( 1042): handleMessage: X
D/WifiStateMachine( 1042): handleMessage: E msg.what=131155
D/WifiStateMachine( 1042): processMsg: ConnectedState
D/WifiStateMachine( 1042): processMsg: L2ConnectedState
D/WifiStateMachine( 1042): handleMessage: X
I/ActivityManager( 1042): Process com.google.android.apps.plus (pid 15839) has died.
I/SFPerfTracer(  259):      triggers: (rate: 46:1766) (compose: 0:35) (post: 0:0) (render: 1:359) (3:39078 frames) (4:140412)
D/SFPerfTracer(  259):        layers: (7:15) (DimLayer: 0:631)* (DimLayer: 0:17)* (FocusedStackFrame: 0:2162)* (StatusBar: 0:18288) (NavigationBar: 0:13596) (com.android.systemui.ImageWallpaper: 0:1031)* (DimLayer: 0:2583) (DimLayer: 0:464)* (com.example.sahil.sunshine.app/com.example.sahil.sunshine.app.MainActivity: 0:46)* (PopupWindow:41b7e910: 0:48)* (com.example.sahil.sunshine.app/com.example.sahil.sunshine.app.SettingsActivity: 0:56) (com.example.sahil.sunshine.app/com.example.sahil.sunshine.app.SettingsActivity: 1:44) (SurfaceView: 0:16) (InputMethod: 1:28) (PopupWindow:41bebb18: 3:3)* 
D/WifiStateMachine( 1042): handleMessage: E msg.what=151572
D/WifiStateMachine( 1042): processMsg: ConnectedState
D/WifiStateMachine( 1042): processMsg: L2ConnectedState
D/WifiStateMachine( 1042): handleMessage: X
I/ActivityManager( 1042): Start proc com.google.android.inputmethod.latin for service com.google.android.inputmethod.latin/com.android.inputmethod.latin.spellcheck.AndroidSpellCheckerService: pid=16324 uid=10069 gids={50069, 3003, 1028, 1015}
D/dalvikvm(  262): GC_EXPLICIT freed 43K, 75% free 2783K/11076K, paused 1ms+2ms, total 33ms
D/dalvikvm(  262): GC_EXPLICIT freed <1K, 75% free 2783K/11076K, paused 2ms+2ms, total 21ms
E/SpannableStringBuilder(15860): SPAN_EXCLUSIVE_EXCLUSIVE spans cannot have a zero length
E/SpannableStringBuilder(15860): SPAN_EXCLUSIVE_EXCLUSIVE spans cannot have a zero length
D/dalvikvm(  262): GC_EXPLICIT freed <1K, 75% free 2783K/11076K, paused 1ms+2ms, total 19ms
E/SpannableStringBuilder(15860): SPAN_EXCLUSIVE_EXCLUSIVE spans cannot have a zero length
E/SpannableStringBuilder(15860): SPAN_EXCLUSIVE_EXCLUSIVE spans cannot have a zero length
I/LatinIME:LogUtils(16324): Dictionary info: dictionary = contacts.en_US ; version = 1420856660 ; date = 1420856661
D/WifiStateMachine( 1042): handleMessage: E msg.what=151572
D/WifiStateMachine( 1042): processMsg: ConnectedState
D/WifiStateMachine( 1042): processMsg: L2ConnectedState
D/WifiStateMachine( 1042): handleMessage: X
D/hardware_info(  265): hw_info_append_hw_type : device_name = speaker
D/dalvikvm( 1300): GC_FOR_ALLOC freed 1116K, 50% free 5965K/11760K, paused 31ms, total 31ms
I/SFPerfTracer(  259):      triggers: (rate: 0:0) (13115 sw vsyncs) (0 skipped) (0:185568 vsyncs) (1:234986)
D/WifiStateMachine( 1042): handleMessage: E msg.what=151572
D/WifiStateMachine( 1042): processMsg: ConnectedState
D/WifiStateMachine( 1042): processMsg: L2ConnectedState
D/WifiStateMachine( 1042): handleMessage: X
D/WifiStateMachine( 1042): handleMessage: E msg.what=131155
D/WifiStateMachine( 1042): processMsg: ConnectedState
D/WifiStateMachine( 1042): processMsg: L2ConnectedState
D/WifiStateMachine( 1042): handleMessage: X
D/WifiStateMachine( 1042): handleMessage: E msg.what=151572
D/WifiStateMachine( 1042): processMsg: ConnectedState
D/WifiStateMachine( 1042): processMsg: L2ConnectedState
D/WifiStateMachine( 1042): handleMessage: X
D/SBar.MSimNetwCntrl( 1129): updateTelephonySignalStrength[0]: iconList[iconLevel]=7f020299/zz_moto_stat_sys_signal_4_fully_wide iconLevel=4 mMSimMobileInetCondition=1 mMSimMobileInetConditionSB=1
D/SBar.MSimNetwCntrl( 1129): updateDataIcon[0]: subscription=0
D/SBar.MSimNetwCntrl( 1129): updateDataIcon[0]: dataSub=0
D/SBar.MSimNetwCntrl( 1129): updateDataIcon[0]: SimState=READY
I/SBar.MSimNetwCntrl( 1129): notifySignalsChangedCallbacks[0]: isEmergencyOnly(0)=false enabled=true sim=(none)="(empty)" signal=zz_moto_stat_sys_signal_4_fully_wide="Phone signal full." roaming=(none)="Not roaming."
I/SBar.MSimNetwCntrl( 1129):  type=(none)="3.5G" activity=(none)="(empty)"
I/SBar.MSimNetwCntrl( 1129):  slot=1="1" network="Vodafone IN"
D/WifiStateMachine( 1042): handleMessage: E msg.what=151572
D/WifiStateMachine( 1042): processMsg: ConnectedState
D/WifiStateMachine( 1042): processMsg: L2ConnectedState
D/WifiStateMachine( 1042): handleMessage: X
E/SpannableStringBuilder(15860): SPAN_EXCLUSIVE_EXCLUSIVE spans cannot have a zero length
E/SpannableStringBuilder(15860): SPAN_EXCLUSIVE_EXCLUSIVE spans cannot have a zero length
I/LatinIME:LogUtils(16324): Dictionary info: dictionary = main:en_us ; version = 45 ; date = 1400750631
I/LatinIME:LogUtils(16324): Dictionary info: dictionary = main:en_us ; version = 45 ; date = 1400750631
I/LatinIME:LogUtils(16324): Dictionary info: dictionary = userunigram.en_US ; version = 1419605829 ; date = 1419605829
D/audio_hw_primary(  265): out_set_parameters: enter: usecase(1: low-latency-playback) kvpairs: routing=2
V/msm8974_platform(  265): platform_get_output_snd_device: enter: output devices(0x2)
V/msm8974_platform(  265): platform_get_output_snd_device: exit: snd_device(speaker)
D/audio_hw_primary(  265): select_devices: out_snd_device(2: speaker) in_snd_device(0: )
D/hardware_info(  265): hw_info_append_hw_type : device_name = speaker
V/msm8974_platform(  265): platform_send_audio_calibration: sending audio calibration for snd_device(2) acdb_id(14)
D/WifiStateMachine( 1042): handleMessage: E msg.what=151572
D/WifiStateMachine( 1042): processMsg: ConnectedState
D/WifiStateMachine( 1042): processMsg: L2ConnectedState
D/WifiStateMachine( 1042): handleMessage: X
D/dalvikvm( 1300): GC_CONCURRENT freed 1151K, 43% free 6802K/11760K, paused 4ms+12ms, total 60ms
D/WifiStateMachine( 1042): handleMessage: E msg.what=131155
D/WifiStateMachine( 1042): processMsg: ConnectedState
D/WifiStateMachine( 1042): processMsg: L2ConnectedState
D/WifiStateMachine( 1042): handleMessage: X
W/ContextImpl( 1315): Calling a method in the system process without a qualified user: android.app.ContextImpl.sendBroadcast:1252 android.content.ContextWrapper.sendBroadcast:365 com.motorola.motocare.util.TriggerHelper$TriggerBuilder.send:76 com.motorola.motocare.internal.frameworkevents.PauseResumeTrigger.handleFrameworkEvent:53 com.motorola.motocare.internal.frameworkevents.FwEventMonitor$FrameworkListener.processFrameworkEvent:114 
D/audio_hw_primary(  265): out_set_parameters: enter: usecase(1: low-latency-playback) kvpairs: routing=2
V/msm8974_platform(  265): platform_get_output_snd_device: enter: output devices(0x2)
V/msm8974_platform(  265): platform_get_output_snd_device: exit: snd_device(speaker)
W/ContextImpl( 1315): Calling a method in the system process without a qualified user: android.app.ContextImpl.sendBroadcast:1252 android.content.ContextWrapper.sendBroadcast:365 com.motorola.motocare.util.TriggerHelper$TriggerBuilder.send:76 com.motorola.motocare.internal.frameworkevents.PauseResumeTrigger.handleFrameworkEvent:53 com.motorola.motocare.internal.frameworkevents.FwEventMonitor$FrameworkListener.processFrameworkEvent:114 
V/FetchWeatherTask(15860): Built URIhttp://api.openweathermap.org/data/2.5/forecast/daily?q=110092%20&mode=json&units=metric&cnt=7
I/SFPerfTracer(  259):      triggers: (rate: 46:1767) (compose: 0:35) (post: 0:0) (render: 1:359) (14:39126 frames) (15:140525)
D/SFPerfTracer(  259):        layers: (4:15) (DimLayer: 0:631)* (DimLayer: 0:17)* (FocusedStackFrame: 0:2165)* (StatusBar: 0:18290) (NavigationBar: 15:13621) (com.android.systemui.ImageWallpaper: 0:1031)* (DimLayer: 0:2595)* (DimLayer: 0:464)* (com.example.sahil.sunshine.app/com.example.sahil.sunshine.app.SettingsActivity: 15:89) (com.example.sahil.sunshine.app/com.example.sahil.sunshine.app.SettingsActivity: 0:77)* (SurfaceView: 0:16)* (InputMethod: 0:58)* (PopupWindow:41bebb18: 0:18)* (PopupWindow:419b2300: 0:6)* (com.example.sahil.sunshine.app/com.example.sahil.sunshine.app.MainActivity: 0:5) 
V/FetchWeatherTask(15860): Forecast JSON String{"cod":"200","message":0.0047,"city":{"id":"1273435","name":"Delhi","coord":{"lon":77.2912,"lat":28.6332},"country":"India","population":0},"cnt":7,"list":[{"dt":1420956000,"temp":{"day":12.68,"min":4.65,"max":12.68,"night":4.65,"eve":11.78,"morn":12.68},"pressure":1005.54,"humidity":94,"weather":[{"id":800,"main":"Clear","description":"sky is clear","icon":"01d"}],"speed":4.28,"deg":296,"clouds":0},{"dt":1421042400,"temp":{"day":9.84,"min":2.63,"max":13.64,"night":5.11,"eve":12.8,"morn":2.63},"pressure":1008.87,"humidity":100,"weather":[{"id":802,"main":"Clouds","description":"scattered clouds","icon":"03d"}],"speed":1.16,"deg":309,"clouds":36},{"dt":1421128800,"temp":{"day":9.7,"min":5.48,"max":14.24,"night":6.11,"eve":13.36,"morn":5.48},"pressure":1008.3,"humidity":100,"weather":[{"id":802,"main":"Clouds","description":"scattered clouds","icon":"03d"}],"speed":2.11,"deg":117,"clouds":48},{"dt":1421215200,"temp":{"day":12.46,"min":7.38,"max":13.94,"night":8,"eve":13.18,"morn":7.38},"pressure":1007.2,"humidity":100,"weather":[{"id":803,"main":"Clouds","description":"broken clouds","icon":"04d"}],"speed":3.02,"deg":133,"clouds":76},{"dt":1421305200,"temp":{"day":17.37,"min":7.55,"max":17.37,"night":9.8,"eve":17.11,"morn":7.55},"pressure":1003.85,"humidity":0,"weather":[{"id":800,"main":"Clear","description":"sky is clear","icon":"01d"}],"speed":2.04,"deg":0,"clouds":0},{"dt":1421391600,"temp":{"day":18.87,"min":7.73,"max":18.87,"night":10.28,"eve":17.29,"morn":7.73},"pressure":1002.84,"humidity":0,"weather":[{"id":500,"main":"Rain","description":"light rain","icon":"10d"}],"speed":2.05,"deg":310,"clouds":0,"rain":0.21},{"dt":1421478000,"temp":{"day":17.61,"min":8.05,"max":17.61,"night":10.65,"eve":17.6,"morn":8.05},"pressure":1004.1,"humidity":0,"weather":[{"id":800,"main":"Clear","description":"sky is clear","icon":"01d"}],"speed":2.11,"deg":289,"clouds":3}]}
D/SBar.MSimNetwCntrl( 1129): updateTelephonySignalStrength[0]: iconList[iconLevel]=7f020299/zz_moto_stat_sys_signal_4_fully_wide iconLevel=4 mMSimMobileInetCondition=1 mMSimMobileInetConditionSB=1
D/SBar.MSimNetwCntrl( 1129): updateDataIcon[0]: subscription=0
D/SBar.MSimNetwCntrl( 1129): updateDataIcon[0]: dataSub=0
D/SBar.MSimNetwCntrl( 1129): updateDataIcon[0]: SimState=READY
I/SBar.MSimNetwCntrl( 1129): notifySignalsChangedCallbacks[0]: isEmergencyOnly(0)=false enabled=true sim=(none)="(empty)" signal=zz_moto_stat_sys_signal_4_fully_wide="Phone signal full." roaming=(none)="Not roaming."
I/SBar.MSimNetwCntrl( 1129):  type=(none)="3.5G" activity=(none)="(empty)"
I/SBar.MSimNetwCntrl( 1129):  slot=1="1" network="Vodafone IN"
I/SFPerfTracer(  259):      triggers: (rate: 0:0) (13115 sw vsyncs) (0 skipped) (33:185640 vsyncs) (35:235088)
D/WifiStateMachine( 1042): handleMessage: E msg.what=151572
D/WifiStateMachine( 1042): processMsg: ConnectedState
D/WifiStateMachine( 1042): processMsg: L2ConnectedState
D/WifiStateMachine( 1042): handleMessage: X
D/SBar.MSimNetwCntrl( 1129): updateTelephonySignalStrength[0]: iconList[iconLevel]=7f020299/zz_moto_stat_sys_signal_4_fully_wide iconLevel=4 mMSimMobileInetCondition=1 mMSimMobileInetConditionSB=1
D/SBar.MSimNetwCntrl( 1129): updateDataIcon[0]: subscription=0
D/SBar.MSimNetwCntrl( 1129): updateDataIcon[0]: dataSub=0
D/SBar.MSimNetwCntrl( 1129): updateDataIcon[0]: SimState=READY
I/SBar.MSimNetwCntrl( 1129): notifySignalsChangedCallbacks[0]: isEmergencyOnly(0)=false enabled=true sim=(none)="(empty)" signal=zz_moto_stat_sys_signal_4_fully_wide="Phone signal full." roaming=(none)="Not roaming."
I/SBar.MSimNetwCntrl( 1129):  type=(none)="3.5G" activity=(none)="(empty)"
I/SBar.MSimNetwCntrl( 1129):  slot=1="1" network="Vodafone IN"
D/WifiStateMachine( 1042): handleMessage: E msg.what=151572
D/WifiStateMachine( 1042): processMsg: ConnectedState
D/WifiStateMachine( 1042): processMsg: L2ConnectedState
D/WifiStateMachine( 1042): handleMessage: X
D/SBar.MSimNetwCntrl( 1129): updateTelephonySignalStrength[0]: iconList[iconLevel]=7f020299/zz_moto_stat_sys_signal_4_fully_wide iconLevel=4 mMSimMobileInetCondition=1 mMSimMobileInetConditionSB=1
D/SBar.MSimNetwCntrl( 1129): updateDataIcon[0]: subscription=0
D/SBar.MSimNetwCntrl( 1129): updateDataIcon[0]: dataSub=0
D/SBar.MSimNetwCntrl( 1129): updateDataIcon[0]: SimState=READY
I/SBar.MSimNetwCntrl( 1129): notifySignalsChangedCallbacks[0]: isEmergencyOnly(0)=false enabled=true sim=(none)="(empty)" signal=zz_moto_stat_sys_signal_4_fully_wide="Phone signal full." roaming=(none)="Not roaming."
I/SBar.MSimNetwCntrl( 1129):  type=(none)="3.5G" activity=(none)="(empty)"
I/SBar.MSimNetwCntrl( 1129):  slot=1="1" network="Vodafone IN"
D/WifiStateMachine( 1042): handleMessage: E msg.what=151572
D/WifiStateMachine( 1042): processMsg: ConnectedState
D/WifiStateMachine( 1042): processMsg: L2ConnectedState
D/WifiStateMachine( 1042): handleMessage: X
D/SBar.MSimNetwCntrl( 1129): updateTelephonySignalStrength[0]: iconList[iconLevel]=7f020299/zz_moto_stat_sys_signal_4_fully_wide iconLevel=4 mMSimMobileInetCondition=1 mMSimMobileInetConditionSB=1
D/SBar.MSimNetwCntrl( 1129): updateDataIcon[0]: subscription=0
D/SBar.MSimNetwCntrl( 1129): updateDataIcon[0]: dataSub=0
D/SBar.MSimNetwCntrl( 1129): updateDataIcon[0]: SimState=READY
I/SBar.MSimNetwCntrl( 1129): notifySignalsChangedCallbacks[0]: isEmergencyOnly(0)=false enabled=true sim=(none)="(empty)" signal=zz_moto_stat_sys_signal_4_fully_wide="Phone signal full." roaming=(none)="Not roaming."
I/SBar.MSimNetwCntrl( 1129):  type=(none)="3.5G" activity=(none)="(empty)"
I/SBar.MSimNetwCntrl( 1129):  slot=1="1" network="Vodafone IN"
D/WifiStateMachine( 1042): handleMessage: E msg.what=131155
D/WifiStateMachine( 1042): processMsg: ConnectedState
D/WifiStateMachine( 1042): processMsg: L2ConnectedState
D/WifiStateMachine( 1042): handleMessage: X
D/hardware_info(  265): hw_info_append_hw_type : device_name = speaker
D/WifiStateMachine( 1042): handleMessage: E msg.what=151572
D/WifiStateMachine( 1042): processMsg: ConnectedState
D/WifiStateMachine( 1042): processMsg: L2ConnectedState
D/WifiStateMachine( 1042): handleMessage: X
D/WifiStateMachine( 1042): handleMessage: E msg.what=151572
D/WifiStateMachine( 1042): processMsg: ConnectedState
D/WifiStateMachine( 1042): processMsg: L2ConnectedState
I/Choreographer(15860): Skipped 79 frames!  The application may be doing too much work on its main thread.
D/WifiStateMachine( 1042): handleMessage: X
D/WifiStateMachine( 1042): handleMessage: E msg.what=151572
D/WifiStateMachine( 1042): processMsg: ConnectedState
D/WifiStateMachine( 1042): processMsg: L2ConnectedState
D/WifiStateMachine( 1042): handleMessage: X
D/WifiStateMachine( 1042): handleMessage: E msg.what=131155
D/WifiStateMachine( 1042): processMsg: ConnectedState
D/WifiStateMachine( 1042): processMsg: L2ConnectedState
D/WifiStateMachine( 1042): handleMessage: X
D/WifiStateMachine( 1042): handleMessage: E msg.what=151572
D/WifiStateMachine( 1042): processMsg: ConnectedState
D/WifiStateMachine( 1042): processMsg: L2ConnectedState
D/WifiStateMachine( 1042): handleMessage: X
D/SBar.MSimNetwCntrl( 1129): updateTelephonySignalStrength[0]: iconList[iconLevel]=7f020299/zz_moto_stat_sys_signal_4_fully_wide iconLevel=4 mMSimMobileInetCondition=1 mMSimMobileInetConditionSB=1
D/SBar.MSimNetwCntrl( 1129): updateDataIcon[0]: subscription=0
D/SBar.MSimNetwCntrl( 1129): updateDataIcon[0]: dataSub=0
D/SBar.MSimNetwCntrl( 1129): updateDataIcon[0]: SimState=READY
I/SBar.MSimNetwCntrl( 1129): notifySignalsChangedCallbacks[0]: isEmergencyOnly(0)=false enabled=true sim=(none)="(empty)" signal=zz_moto_stat_sys_signal_4_fully_wide="Phone signal full." roaming=(none)="Not roaming."
I/SBar.MSimNetwCntrl( 1129):  type=(none)="3.5G" activity=(none)="(empty)"
I/SBar.MSimNetwCntrl( 1129):  slot=1="1" network="Vodafone IN"
D/WifiStateMachine( 1042): handleMessage: E msg.what=151572
D/WifiStateMachine( 1042): processMsg: ConnectedState
D/WifiStateMachine( 1042): processMsg: L2ConnectedState
D/WifiStateMachine( 1042): handleMessage: X
D/SBar.MSimNetwCntrl( 1129): updateTelephonySignalStrength[0]: iconList[iconLevel]=7f020299/zz_moto_stat_sys_signal_4_fully_wide iconLevel=4 mMSimMobileInetCondition=1 mMSimMobileInetConditionSB=1
D/SBar.MSimNetwCntrl( 1129): updateDataIcon[0]: subscription=0
D/SBar.MSimNetwCntrl( 1129): updateDataIcon[0]: dataSub=0
D/SBar.MSimNetwCntrl( 1129): updateDataIcon[0]: SimState=READY
I/SBar.MSimNetwCntrl( 1129): notifySignalsChangedCallbacks[0]: isEmergencyOnly(0)=false enabled=true sim=(none)="(empty)" signal=zz_moto_stat_sys_signal_4_fully_wide="Phone signal full." roaming=(none)="Not roaming."
I/SBar.MSimNetwCntrl( 1129):  type=(none)="3.5G" activity=(none)="(empty)"
I/SBar.MSimNetwCntrl( 1129):  slot=1="1" network="Vodafone IN"
D/SBar.MSimNetwCntrl( 1129): updateTelephonySignalStrength[0]: iconList[iconLevel]=7f020299/zz_moto_stat_sys_signal_4_fully_wide iconLevel=4 mMSimMobileInetCondition=1 mMSimMobileInetConditionSB=1
D/SBar.MSimNetwCntrl( 1129): updateDataIcon[0]: subscription=0
D/SBar.MSimNetwCntrl( 1129): updateDataIcon[0]: dataSub=0
D/SBar.MSimNetwCntrl( 1129): updateDataIcon[0]: SimState=READY
I/SBar.MSimNetwCntrl( 1129): notifySignalsChangedCallbacks[0]: isEmergencyOnly(0)=false enabled=true sim=(none)="(empty)" signal=zz_moto_stat_sys_signal_4_fully_wide="Phone signal full." roaming=(none)="Not roaming."
I/SBar.MSimNetwCntrl( 1129):  type=(none)="3.5G" activity=(none)="(empty)"
I/SBar.MSimNetwCntrl( 1129):  slot=1="1" network="Vodafone IN"
V/AlarmManager( 1042): sending alarm Alarm{426c0c70 type 2 com.google.android.gms}
V/AlarmManager( 1042): sending alarm Alarm{426d1718 type 3 com.google.android.wearable.app}
D/WifiStateMachine( 1042): handleMessage: E msg.what=151572
D/WifiStateMachine( 1042): processMsg: ConnectedState
D/WifiStateMachine( 1042): processMsg: L2ConnectedState
D/WifiStateMachine( 1042): handleMessage: X
D/WifiStateMachine( 1042): handleMessage: E msg.what=131155
D/WifiStateMachine( 1042): processMsg: ConnectedState
D/WifiStateMachine( 1042): processMsg: L2ConnectedState
D/WifiStateMachine( 1042): handleMessage: X
I/SFPerfTracer(  259):      triggers: (rate: 0:0) (13115 sw vsyncs) (0 skipped) (35:185727 vsyncs) (37:235202)
D/WifiStateMachine( 1042): handleMessage: E msg.what=151572
D/WifiStateMachine( 1042): processMsg: ConnectedState
D/WifiStateMachine( 1042): processMsg: L2ConnectedState
D/WifiStateMachine( 1042): handleMessage: X
D/SBar.MSimNetwCntrl( 1129): updateTelephonySignalStrength[0]: iconList[iconLevel]=7f020299/zz_moto_stat_sys_signal_4_fully_wide iconLevel=4 mMSimMobileInetCondition=1 mMSimMobileInetConditionSB=1
D/SBar.MSimNetwCntrl( 1129): updateDataIcon[0]: subscription=0
D/SBar.MSimNetwCntrl( 1129): updateDataIcon[0]: dataSub=0
D/SBar.MSimNetwCntrl( 1129): updateDataIcon[0]: SimState=READY
I/SBar.MSimNetwCntrl( 1129): notifySignalsChangedCallbacks[0]: isEmergencyOnly(0)=false enabled=true sim=(none)="(empty)" signal=zz_moto_stat_sys_signal_4_fully_wide="Phone signal full." roaming=(none)="Not roaming."
I/SBar.MSimNetwCntrl( 1129):  type=(none)="3.5G" activity=(none)="(empty)"
I/SBar.MSimNetwCntrl( 1129):  slot=1="1" network="Vodafone IN"
D/WifiStateMachine( 1042): handleMessage: E msg.what=151572
D/WifiStateMachine( 1042): processMsg: ConnectedState
D/WifiStateMachine( 1042): processMsg: L2ConnectedState
D/WifiStateMachine( 1042): handleMessage: X
D/SBar.MSimNetwCntrl( 1129): updateTelephonySignalStrength[0]: iconList[iconLevel]=7f020299/zz_moto_stat_sys_signal_4_fully_wide iconLevel=4 mMSimMobileInetCondition=1 mMSimMobileInetConditionSB=1
D/SBar.MSimNetwCntrl( 1129): updateDataIcon[0]: subscription=0
D/SBar.MSimNetwCntrl( 1129): updateDataIcon[0]: dataSub=0
D/SBar.MSimNetwCntrl( 1129): updateDataIcon[0]: SimState=READY
I/SBar.MSimNetwCntrl( 1129): notifySignalsChangedCallbacks[0]: isEmergencyOnly(0)=false enabled=true sim=(none)="(empty)" signal=zz_moto_stat_sys_signal_4_fully_wide="Phone signal full." roaming=(none)="Not roaming."
I/SBar.MSimNetwCntrl( 1129):  type=(none)="3.5G" activity=(none)="(empty)"
I/SBar.MSimNetwCntrl( 1129):  slot=1="1" network="Vodafone IN"
D/WifiStateMachine( 1042): handleMessage: E msg.what=151572
D/WifiStateMachine( 1042): processMsg: ConnectedState
D/WifiStateMachine( 1042): processMsg: L2ConnectedState
D/WifiStateMachine( 1042): handleMessage: X
D/WifiStateMachine( 1042): handleMessage: E msg.what=131155
D/WifiStateMachine( 1042): processMsg: ConnectedState
D/WifiStateMachine( 1042): processMsg: L2ConnectedState
D/SBar.MSimNetwCntrl( 1129): updateTelephonySignalStrength[0]: iconList[iconLevel]=7f020299/zz_moto_stat_sys_signal_4_fully_wide iconLevel=4 mMSimMobileInetCondition=1 mMSimMobileInetConditionSB=1
D/SBar.MSimNetwCntrl( 1129): updateDataIcon[0]: subscription=0
D/SBar.MSimNetwCntrl( 1129): updateDataIcon[0]: dataSub=0
D/SBar.MSimNetwCntrl( 1129): updateDataIcon[0]: SimState=READY
D/WifiStateMachine( 1042): handleMessage: X
I/SBar.MSimNetwCntrl( 1129): notifySignalsChangedCallbacks[0]: isEmergencyOnly(0)=false enabled=true sim=(none)="(empty)" signal=zz_moto_stat_sys_signal_4_fully_wide="Phone signal full." roaming=(none)="Not roaming."
I/SBar.MSimNetwCntrl( 1129):  type=(none)="3.5G" activity=(none)="(empty)"
I/SBar.MSimNetwCntrl( 1129):  slot=1="1" network="Vodafone IN"
D/WifiStateMachine( 1042): handleMessage: E msg.what=151572
D/WifiStateMachine( 1042): processMsg: ConnectedState
D/WifiStateMachine( 1042): processMsg: L2ConnectedState
D/WifiStateMachine( 1042): handleMessage: X
D/SBar.MSimNetwCntrl( 1129): updateTelephonySignalStrength[0]: iconList[iconLevel]=7f020299/zz_moto_stat_sys_signal_4_fully_wide iconLevel=4 mMSimMobileInetCondition=1 mMSimMobileInetConditionSB=1
D/SBar.MSimNetwCntrl( 1129): updateDataIcon[0]: subscription=0
D/SBar.MSimNetwCntrl( 1129): updateDataIcon[0]: dataSub=0
D/SBar.MSimNetwCntrl( 1129): updateDataIcon[0]: SimState=READY
I/SBar.MSimNetwCntrl( 1129): notifySignalsChangedCallbacks[0]: isEmergencyOnly(0)=false enabled=true sim=(none)="(empty)" signal=zz_moto_stat_sys_signal_4_fully_wide="Phone signal full." roaming=(none)="Not roaming."
I/SBar.MSimNetwCntrl( 1129):  type=(none)="3.5G" activity=(none)="(empty)"
I/SBar.MSimNetwCntrl( 1129):  slot=1="1" network="Vodafone IN"
D/WifiStateMachine( 1042): handleMessage: E msg.what=151572
D/WifiStateMachine( 1042): processMsg: ConnectedState
D/WifiStateMachine( 1042): processMsg: L2ConnectedState
D/WifiStateMachine( 1042): handleMessage: X
D/SBar.MSimNetwCntrl( 1129): updateTelephonySignalStrength[0]: iconList[iconLevel]=7f020299/zz_moto_stat_sys_signal_4_fully_wide iconLevel=4 mMSimMobileInetCondition=1 mMSimMobileInetConditionSB=1
D/SBar.MSimNetwCntrl( 1129): updateDataIcon[0]: subscription=0
D/SBar.MSimNetwCntrl( 1129): updateDataIcon[0]: dataSub=0
D/SBar.MSimNetwCntrl( 1129): updateDataIcon[0]: SimState=READY
I/SBar.MSimNetwCntrl( 1129): notifySignalsChangedCallbacks[0]: isEmergencyOnly(0)=false enabled=true sim=(none)="(empty)" signal=zz_moto_stat_sys_signal_4_fully_wide="Phone signal full." roaming=(none)="Not roaming."
I/SBar.MSimNetwCntrl( 1129):  type=(none)="3.5G" activity=(none)="(empty)"
I/SBar.MSimNetwCntrl( 1129):  slot=1="1" network="Vodafone IN"
D/WifiStateMachine( 1042): handleMessage: E msg.what=151572
D/WifiStateMachine( 1042): processMsg: ConnectedState
D/WifiStateMachine( 1042): processMsg: L2ConnectedState
D/WifiStateMachine( 1042): handleMessage: X
D/WifiStateMachine( 1042): handleMessage: E msg.what=131155
D/WifiStateMachine( 1042): processMsg: ConnectedState
D/WifiStateMachine( 1042): processMsg: L2ConnectedState
D/WifiStateMachine( 1042): handleMessage: X
D/WifiStateMachine( 1042): handleMessage: E msg.what=151572
D/WifiStateMachine( 1042): processMsg: ConnectedState
D/WifiStateMachine( 1042): processMsg: L2ConnectedState
D/WifiStateMachine( 1042): handleMessage: X
D/WifiStateMachine( 1042): handleMessage: E msg.what=151572
D/WifiStateMachine( 1042): processMsg: ConnectedState
D/WifiStateMachine( 1042): processMsg: L2ConnectedState
D/WifiStateMachine( 1042): handleMessage: X
D/WifiStateMachine( 1042): handleMessage: E msg.what=151572
D/WifiStateMachine( 1042): processMsg: ConnectedState
D/WifiStateMachine( 1042): processMsg: L2ConnectedState
D/WifiStateMachine( 1042): handleMessage: X
D/WifiStateMachine( 1042): handleMessage: E msg.what=131155
D/WifiStateMachine( 1042): processMsg: ConnectedState
D/WifiStateMachine( 1042): processMsg: L2ConnectedState
D/WifiStateMachine( 1042): handleMessage: X
D/SBar.MSimNetwCntrl( 1129): updateTelephonySignalStrength[0]: iconList[iconLevel]=7f020299/zz_moto_stat_sys_signal_4_fully_wide iconLevel=4 mMSimMobileInetCondition=1 mMSimMobileInetConditionSB=1
D/SBar.MSimNetwCntrl( 1129): updateDataIcon[0]: subscription=0
D/SBar.MSimNetwCntrl( 1129): updateDataIcon[0]: dataSub=0
D/SBar.MSimNetwCntrl( 1129): updateDataIcon[0]: SimState=READY
I/SBar.MSimNetwCntrl( 1129): notifySignalsChangedCallbacks[0]: isEmergencyOnly(0)=false enabled=true sim=(none)="(empty)" signal=zz_moto_stat_sys_signal_4_fully_wide="Phone signal full." roaming=(none)="Not roaming."
I/SBar.MSimNetwCntrl( 1129):  type=(none)="3.5G" activity=(none)="(empty)"
I/SBar.MSimNetwCntrl( 1129):  slot=1="1" network="Vodafone IN"
D/WifiStateMachine( 1042): handleMessage: E msg.what=151572
D/WifiStateMachine( 1042): processMsg: ConnectedState
D/WifiStateMachine( 1042): processMsg: L2ConnectedState
D/WifiStateMachine( 1042): handleMessage: X
D/WifiStateMachine( 1042): handleMessage: E msg.what=151572
D/WifiStateMachine( 1042): processMsg: ConnectedState
D/WifiStateMachine( 1042): processMsg: L2ConnectedState
D/WifiStateMachine( 1042): handleMessage: X
D/WifiStateMachine( 1042): handleMessage: E msg.what=151572
D/WifiStateMachine( 1042): processMsg: ConnectedState
D/WifiStateMachine( 1042): processMsg: L2ConnectedState
D/WifiStateMachine( 1042): handleMessage: X
D/WifiStateMachine( 1042): handleMessage: E msg.what=131155
D/WifiStateMachine( 1042): processMsg: ConnectedState
D/WifiStateMachine( 1042): processMsg: L2ConnectedState
D/WifiStateMachine( 1042): handleMessage: X
D/WifiStateMachine( 1042): handleMessage: E msg.what=151572
D/WifiStateMachine( 1042): processMsg: ConnectedState
D/WifiStateMachine( 1042): processMsg: L2ConnectedState
D/WifiStateMachine( 1042): handleMessage: X
D/WifiStateMachine( 1042): handleMessage: E msg.what=151572
D/WifiStateMachine( 1042): processMsg: ConnectedState
D/WifiStateMachine( 1042): processMsg: L2ConnectedState
D/WifiStateMachine( 1042): handleMessage: X
D/WifiStateMachine( 1042): handleMessage: E msg.what=151572
D/WifiStateMachine( 1042): processMsg: ConnectedState
D/WifiStateMachine( 1042): processMsg: L2ConnectedState
D/WifiStateMachine( 1042): handleMessage: X
D/WifiStateMachine( 1042): handleMessage: E msg.what=131155
D/WifiStateMachine( 1042): processMsg: ConnectedState
D/WifiStateMachine( 1042): processMsg: L2ConnectedState
D/WifiStateMachine( 1042): handleMessage: X
D/WifiStateMachine( 1042): handleMessage: E msg.what=151572
D/WifiStateMachine( 1042): processMsg: ConnectedState
D/WifiStateMachine( 1042): processMsg: L2ConnectedState
D/WifiStateMachine( 1042): handleMessage: X
I/SFPerfTracer(  259):      triggers: (rate: 0:0) (13115 sw vsyncs) (0 skipped) (0:185785 vsyncs) (1:235303)
D/WifiStateMachine( 1042): handleMessage: E msg.what=151572
D/WifiStateMachine( 1042): processMsg: ConnectedState
D/WifiStateMachine( 1042): processMsg: L2ConnectedState
D/WifiStateMachine( 1042): handleMessage: X
D/SBar.MSimNetwCntrl( 1129): updateTelephonySignalStrength[0]: iconList[iconLevel]=7f020299/zz_moto_stat_sys_signal_4_fully_wide iconLevel=4 mMSimMobileInetCondition=1 mMSimMobileInetConditionSB=1
D/SBar.MSimNetwCntrl( 1129): updateDataIcon[0]: subscription=0
D/SBar.MSimNetwCntrl( 1129): updateDataIcon[0]: dataSub=0
D/SBar.MSimNetwCntrl( 1129): updateDataIcon[0]: SimState=READY
I/SBar.MSimNetwCntrl( 1129): notifySignalsChangedCallbacks[0]: isEmergencyOnly(0)=false enabled=true sim=(none)="(empty)" signal=zz_moto_stat_sys_signal_4_fully_wide="Phone signal full." roaming=(none)="Not roaming."
I/SBar.MSimNetwCntrl( 1129):  type=(none)="3.5G" activity=(none)="(empty)"
I/SBar.MSimNetwCntrl( 1129):  slot=1="1" network="Vodafone IN"
D/WifiStateMachine( 1042): handleMessage: E msg.what=151572
D/WifiStateMachine( 1042): processMsg: ConnectedState
D/WifiStateMachine( 1042): processMsg: L2ConnectedState
D/WifiStateMachine( 1042): handleMessage: X
D/WifiStateMachine( 1042): handleMessage: E msg.what=131155
D/WifiStateMachine( 1042): processMsg: ConnectedState
D/WifiStateMachine( 1042): processMsg: L2ConnectedState
D/WifiStateMachine( 1042): handleMessage: X
D/WifiStateMachine( 1042): handleMessage: E msg.what=151572
D/WifiStateMachine( 1042): processMsg: ConnectedState
D/WifiStateMachine( 1042): processMsg: L2ConnectedState
D/WifiStateMachine( 1042): handleMessage: X
D/WifiStateMachine( 1042): handleMessage: E msg.what=151572
D/WifiStateMachine( 1042): processMsg: ConnectedState
D/WifiStateMachine( 1042): processMsg: L2ConnectedState
D/WifiStateMachine( 1042): handleMessage: X
D/WifiStateMachine( 1042): handleMessage: E msg.what=151572
D/WifiStateMachine( 1042): processMsg: ConnectedState
D/WifiStateMachine( 1042): processMsg: L2ConnectedState
D/WifiStateMachine( 1042): handleMessage: X
I/PowerManagerService( 1042): Going to sleep due to screen timeout...
D/WifiStateMachine( 1042): handleMessage: E msg.what=131155
D/WifiStateMachine( 1042): processMsg: ConnectedState
D/WifiStateMachine( 1042): processMsg: L2ConnectedState
D/WifiStateMachine( 1042): handleMessage: X
D/SurfaceFlinger(  259): Screen released, type=0 flinger=0xb831b450
D/qdhwcomposer(  259): hwc_blank: Blanking display: 0
D/qdhwcomposer(  259): hwc_blank: Done blanking display: 0
D/SurfaceControl( 1042): Excessive delay in blankDisplay() while turning screen off: 156ms
I/AonLTInterfaceService( 1315): AodLT package version: 1000000
W/ContextImpl( 1315): Calling a method in the system process without a qualified user: android.app.ContextImpl.sendBroadcast:1252 android.content.ContextWrapper.sendBroadcast:365 com.motorola.motocare.util.TriggerHelper$TriggerBuilder.send:76 com.motorola.motocare.internal.frameworkevents.PauseResumeTrigger.handleFrameworkEvent:53 com.motorola.motocare.internal.frameworkevents.FwEventMonitor$FrameworkListener.processFrameworkEvent:114 
D/WifiStateMachine( 1042): handleScreenStateChanged: false
D/WifiStateMachine( 1042): handleMessage: E msg.what=131154
D/WifiStateMachine( 1042): processMsg: ConnectedState
D/WifiStateMachine( 1042): processMsg: L2ConnectedState
D/WifiStateMachine( 1042): handleMessage: X
D/WifiStateMachine( 1042): handleMessage: E msg.what=131163
D/WifiStateMachine( 1042): processMsg: ConnectedState
D/WifiStateMachine( 1042): processMsg: L2ConnectedState
D/WifiStateMachine( 1042): processMsg: ConnectModeState
D/WifiStateMachine( 1042): processMsg: DriverStartedState
D/WifiStateMachine( 1042): processMsg: SupplicantStartedState
D/WifiStateMachine( 1042): processMsg: DefaultState
D/WifiStateMachine( 1042): handleMessage: X
D/WifiStateMachine( 1042): handleMessage: E msg.what=131158
D/WifiStateMachine( 1042): processMsg: ConnectedState
D/WifiStateMachine( 1042): processMsg: L2ConnectedState
D/WifiStateMachine( 1042): processMsg: ConnectModeState
D/WifiStateMachine( 1042): processMsg: DriverStartedState
D/WifiStateMachine( 1042): setSuspendOptimizationsNative: 4 true
W/IInputConnectionWrapper(15860): getExtractedText on inactive InputConnection
W/IInputConnectionWrapper(15860): getTextBeforeCursor on inactive InputConnection
W/IInputConnectionWrapper(15860): getSelectedText on inactive InputConnection
D/audio_hw_primary(  265): adev_set_parameters: enter: screen_state=off
V/msm8974_platform(  265): platform_set_parameters: enter: screen_state=off
V/msm8974_platform(  265): platform_set_parameters: exit with code(-2)
E/audio_a2dp_hw(  265): adev_set_parameters: ERROR: set param called even when stream out is null
W/IInputConnectionWrapper(15860): getTextAfterCursor on inactive InputConnection
E/bm      ( 1300): onStartInput event aborted: com.touchtype.keyboard.c.ag: could not obtain extracted text (class com.touchtype.keyboard.c.ag)
D/WifiStateMachine( 1042): handleMessage: X
W/ContextImpl( 1315): Calling a method in the system process without a qualified user: android.app.ContextImpl.startService:1608 android.content.ContextWrapper.startService:494 android.content.ContextWrapper.startService:494 com.motorola.motocare.internal.batterystats.BatteryStatsAction.onReceive:33 android.app.ActivityThread.handleReceiver:2434 
D/WifiStateMachine( 1042): handleMessage: E msg.what=131155
D/WifiStateMachine( 1042): processMsg: ConnectedState
D/WifiStateMachine( 1042): processMsg: L2ConnectedState
D/WifiStateMachine( 1042): handleMessage: X
V/AlarmManager( 1042): sending alarm Alarm{426182f8 type 2 com.android.keyguard}
V/AlarmManager( 1042): sending alarm Alarm{426ad768 type 0 com.facebook.katana}
V/KeyguardHostView( 1129): Initial transport state: 0, pbstate=0
V/AlarmManager( 1042): sending alarm Alarm{426ad7b8 type 0 com.facebook.orca}
D/KeyguardHostView( 1129): showSecurityScreen(None)
D/KeyguardHostView( 1129): getSecurityView(Invalid)
D/KeyguardHostView( 1129): getSecurityView(None)
V/KeyguardHostView( 1129): hide transport, gen:15
V/KeyguardHostView( 1129): music state changed: 0
D/MSimCarrierText( 1129): updateCarrierText: text = Vodafone IN
D/MSimCarrierText( 1129): updateCarrierText: text = Vodafone IN
D/MSimCarrierText( 1129): updateCarrierText: text = Vodafone IN, IND airtel  Airtel
D/MSimCarrierText( 1129): updateCarrierText: text = Vodafone IN, IND airtel  Airtel
D/KeyguardHostView( 1129): showSecurityScreen(None)
W/View    ( 1129): requestLayout() improperly called by android.widget.TextClock{421272b0 V.ED.... ......ID 110,0-329,160 #7f0a004b app:id/clock_view} during layout: running second layout pass
W/View    ( 1129): requestLayout() improperly called by android.widget.TextClock{41daf900 V.ED.... ......ID 147,0-293,29 #7f0a0050 app:id/date_view} during layout: running second layout pass
D/PhoneStatusBar( 1129): disable: < expand icons alerts ticker system_info BACK* HOME* RECENT* CLOCK* search >
D/dalvikvm(14072): GC_CONCURRENT freed 1815K, 23% free 8601K/11076K, paused 4ms+6ms, total 66ms
D/dalvikvm(14072): GC_CONCURRENT freed 2054K, 23% free 8595K/11076K, paused 5ms+4ms, total 54ms
D/dalvikvm(14072): WAIT_FOR_CONCURRENT_GC blocked 35ms
I/dalvikvm(14072): Total arena pages for JIT: 11
I/dalvikvm(14072): Total arena pages for JIT: 12
I/dalvikvm(14072): Total arena pages for JIT: 13
I/dalvikvm(14072): Total arena pages for JIT: 14
I/dalvikvm(14072): Total arena pages for JIT: 15
D/dalvikvm(14072): GC_CONCURRENT freed 1787K, 21% free 8854K/11076K, paused 5ms+6ms, total 59ms
D/dalvikvm(14072): GC_FOR_ALLOC freed 401K, 20% free 8863K/11076K, paused 43ms, total 43ms
D/dalvikvm(14072): GC_FOR_ALLOC freed 51K, 20% free 8863K/11076K, paused 41ms, total 41ms
I/dalvikvm-heap(14072): Grow heap (frag case) to 10.842MB for 79414-byte allocation
D/dalvikvm(14072): GC_FOR_ALLOC freed 129K, 21% free 8863K/11156K, paused 42ms, total 42ms
D/dalvikvm(14072): GC_FOR_ALLOC freed 103K, 21% free 8863K/11156K, paused 43ms, total 43ms
I/dalvikvm-heap(14072): Grow heap (frag case) to 10.842MB for 79442-byte allocation
D/dalvikvm(14072): GC_FOR_ALLOC freed 129K, 21% free 8914K/11236K, paused 42ms, total 42ms
D/dalvikvm(14072): GC_FOR_ALLOC freed 51K, 20% free 8992K/11236K, paused 41ms, total 41ms
D/dalvikvm(14072): GC_FOR_ALLOC freed <1K, 20% free 9044K/11236K, paused 41ms, total 41ms
I/dalvikvm-heap(14072): Grow heap (frag case) to 11.020MB for 79592-byte allocation
D/dalvikvm(14072): GC_FOR_ALLOC freed 51K, 20% free 9070K/11316K, paused 42ms, total 42ms
W/IdleConnectionHandler(14072): Removing a connection that never existed!
V/AlarmManager( 1042): sending alarm Alarm{426ad808 type 3 android}
D/dalvikvm( 1315): GC_CONCURRENT freed 1992K, 72% free 3122K/11076K, paused 3ms+3ms, total 30ms
W/ContextImpl( 1315): Calling a method in the system process without a qualified user: android.app.ContextImpl.sendBroadcast:1252 android.content.ContextWrapper.sendBroadcast:365 com.motorola.motocare.util.TriggerHelper$TriggerBuilder.send:76 com.motorola.motocare.internal.frameworkevents.ProcessKillTrigger.sendTrigger:147 com.motorola.motocare.internal.frameworkevents.ProcessKillTrigger.handleLmkKill:337 
D/MDMCTBK (  396): reply_len: 40 reply is = IFNAME=wlan0 <3>CTRL-EVENT-BSS-REMOVED 4
D/MDMCTBK (  396): Event received = CTRL-EVENT-BSS-REMOVED 4
V/AlarmManager( 1042): sending alarm Alarm{42cc9a28 type 2 com.google.android.gms}
V/AlarmManager( 1042): sending alarm Alarm{427790f8 type 3 android}
I/AonLTInterfaceService( 1315): AodLT package version: 1000000
I/PowerManagerService( 1042): Waking up from sleep...
I/AonLTInterfaceService( 1315): AodLT package version: 1000000
V/KeyguardServiceDelegate( 1042): onScreenTurnedOn(showListener = com.android.internal.policy.impl.PhoneWindowManager$20@424a21e0)
D/KeyguardHostView( 1129): showSecurityScreen(None)
D/KeyguardHostView( 1129): getSecurityView(None)
E/Sensors ( 1042): CT406 set ALS poll interval: 1000
I/AonLTInterfaceService( 1315): AodLT package version: 1000000
V/KeyguardServiceDelegate( 1042): **** SHOWN CALLED ****
I/WindowManager( 1042): Lock screen displayed!
D/DisplayPowerController( 1042): Unblocked screen on after 79558001 ms
D/WifiStateMachine( 1042): handleScreenStateChanged: true
D/WifiStateMachine( 1042): handleMessage: E msg.what=131154
D/WifiStateMachine( 1042): processMsg: ConnectedState
D/WifiStateMachine( 1042): processMsg: L2ConnectedState
D/WifiStateMachine( 1042): handleMessage: X
D/WifiStateMachine( 1042): handleMessage: E msg.what=131163
D/WifiStateMachine( 1042): processMsg: ConnectedState
D/WifiStateMachine( 1042): processMsg: L2ConnectedState
D/WifiStateMachine( 1042): processMsg: ConnectModeState
D/WifiStateMachine( 1042): processMsg: DriverStartedState
D/WifiStateMachine( 1042): processMsg: SupplicantStartedState
D/WifiStateMachine( 1042): processMsg: DefaultState
D/WifiStateMachine( 1042): handleMessage: X
D/WifiStateMachine( 1042): handleMessage: E msg.what=131127
D/WifiStateMachine( 1042): processMsg: ConnectedState
D/WifiStateMachine( 1042): processMsg: L2ConnectedState
D/WifiStateMachine( 1042): processMsg: ConnectModeState
D/WifiStateMachine( 1042): handleMessage: X
D/WifiStateMachine( 1042): handleMessage: E msg.what=131158
D/WifiStateMachine( 1042): processMsg: ConnectedState
D/WifiStateMachine( 1042): processMsg: L2ConnectedState
D/WifiStateMachine( 1042): processMsg: ConnectModeState
D/WifiStateMachine( 1042): processMsg: DriverStartedState
D/WifiStateMachine( 1042): setSuspendOptimizationsNative: 4 false
D/audio_hw_primary(  265): adev_set_parameters: enter: screen_state=on
V/msm8974_platform(  265): platform_set_parameters: enter: screen_state=on
V/msm8974_platform(  265): platform_set_parameters: exit with code(-2)
E/audio_a2dp_hw(  265): adev_set_parameters: ERROR: set param called even when stream out is null
D/WifiStateMachine( 1042): handleMessage: X
D/WifiStateMachine( 1042): handleMessage: E msg.what=151572
D/WifiStateMachine( 1042): processMsg: ConnectedState
D/WifiStateMachine( 1042): processMsg: L2ConnectedState
D/SBar.MSimNetwCntrl( 1129): updateTelephonySignalStrength[0]: iconList[iconLevel]=7f020299/zz_moto_stat_sys_signal_4_fully_wide iconLevel=4 mMSimMobileInetCondition=1 mMSimMobileInetConditionSB=1
D/SBar.MSimNetwCntrl( 1129): updateDataIcon[0]: subscription=0
D/SBar.MSimNetwCntrl( 1129): updateDataIcon[0]: dataSub=0
D/SBar.MSimNetwCntrl( 1129): updateDataIcon[0]: SimState=READY
I/SBar.MSimNetwCntrl( 1129): notifySignalsChangedCallbacks[0]: isEmergencyOnly(0)=false enabled=true sim=(none)="(empty)" signal=zz_moto_stat_sys_signal_4_fully_wide="Phone signal full." roaming=(none)="Not roaming."
I/SBar.MSimNetwCntrl( 1129):  type=(none)="3.5G" activity=(none)="(empty)"
I/SBar.MSimNetwCntrl( 1129):  slot=1="1" network="Vodafone IN"
I/SBar.MSimNetwCntrl( 1129): refreshSignalCluster[0]: wifi: mWifiConnected=true Wifi=zz_moto_stat_sys_wifi_signal_4_fully_wide Activity=zz_moto_stat_sys_wifi_inout_wide in=false out=false Accessibility="Wifi signal full."
I/SBar.MSimNetwCntrl( 1129): refreshSignalCluster[0]: mobile: Signal=zz_moto_stat_sys_signal_4_fully_wide Roaming=(none) mMSimSimIconId[0]=(none) Accessibility="Phone signal full.","Not roaming.",""
I/SBar.MSimNetwCntrl( 1129): refreshSignalCluster[0]: mobile: mMSimHasMobileDataFeature[0]=true DataTypeShown=(none) Activity=(none) in=false out=false Accessibility="3.5G"
D/WifiStateMachine( 1042): handleMessage: X
D/PowerManagerService-JNI( 1042): Excessive delay in autosuspend_disable() while turning screen on: 110ms
D/SurfaceFlinger(  259): Screen acquired, type=0 flinger=0xb831b450
D/qdhwcomposer(  259): hwc_blank: Unblanking display: 0
D/qdhwcomposer(  259): hwc_blank: Done unblanking display: 0
D/SurfaceControl( 1042): Excessive delay in unblankDisplay() while turning screen on: 154ms
I/SFPerfTracer(  259):      triggers: (rate: 0:0) (13244 sw vsyncs) (0 skipped) (0:185808 vsyncs) (129:235469)
D/Ulp_jni ( 1042): JNI:system_update. Event-0
D/WifiService( 1042): acquireWifiLockLocked: WifiLock{NlpWifiLock type=2 binder=android.os.BinderProxy@42ce1668}
D/WifiStateMachine( 1042): handleMessage: E msg.what=131143
D/WifiStateMachine( 1042): processMsg: ConnectedState
D/WifiStateMachine( 1042): processMsg: L2ConnectedState
I/wpa_supplicant( 1126): wlan0: CTRL-EVENT-SCAN-STARTED 
D/MDMCTBK (  396): reply_len: 40 reply is = IFNAME=wlan0 <3>CTRL-EVENT-SCAN-STARTED 
D/MDMCTBK (  396): Event received = CTRL-EVENT-SCAN-STARTED 
D/WifiStateMachine( 1042): handleMessage: X
D/dalvikvm( 1129): GC_CONCURRENT freed 1167K, 48% free 10803K/20484K, paused 2ms+7ms, total 40ms
D/TCMD    (  427): NL - Read 56 bytes from update socket.
D/TCMD    (  427): NL - message type is RTM_NEWLINK
D/TCMD    (  427): Listening for incoming client connection request
D/MDMCTBK (  396): reply_len: 40 reply is = IFNAME=wlan0 <3>CTRL-EVENT-SCAN-RESULTS 
D/MDMCTBK (  396): Event received = CTRL-EVENT-SCAN-RESULTS 
D/WifiStateMachine( 1042): handleMessage: E msg.what=147461
D/WifiStateMachine( 1042): processMsg: ConnectedState
D/WifiStateMachine( 1042): processMsg: L2ConnectedState
D/WifiStateMachine( 1042): processMsg: ConnectModeState
D/WifiStateMachine( 1042): processMsg: DriverStartedState
D/WifiStateMachine( 1042): processMsg: SupplicantStartedState
D/WifiStateMachine( 1042): handleMessage: X
D/LocationFilter( 1556): Forcing stable location. Original location:Location[fused 19.135178,72.868350 acc=132 et=+22h5m58s825ms] because connected WiFi network is the same, bssid=ec:22:80:55:dc:d8
D/WifiService( 1042): releaseWifiLockLocked: WifiLock{NlpWifiLock type=2 binder=android.os.BinderProxy@42ce1668}
D/WifiStateMachine( 1042): handleMessage: E msg.what=151572
D/WifiStateMachine( 1042): processMsg: ConnectedState
D/WifiStateMachine( 1042): processMsg: L2ConnectedState
D/audio_hw_primary(  265): out_set_parameters: enter: usecase(1: low-latency-playback) kvpairs: routing=2
W/ContextImpl( 1315): Calling a method in the system process without a qualified user: android.app.ContextImpl.sendBroadcast:1252 android.content.ContextWrapper.sendBroadcast:365 com.motorola.motocare.util.TriggerHelper$TriggerBuilder.send:76 com.motorola.motocare.internal.frameworkevents.PauseResumeTrigger.handleFrameworkEvent:53 com.motorola.motocare.internal.frameworkevents.FwEventMonitor$FrameworkListener.processFrameworkEvent:114 
V/msm8974_platform(  265): platform_get_output_snd_device: enter: output devices(0x2)
V/msm8974_platform(  265): platform_get_output_snd_device: exit: snd_device(speaker)
D/audio_hw_primary(  265): select_devices: out_snd_device(2: speaker) in_snd_device(0: )
D/hardware_info(  265): hw_info_append_hw_type : device_name = speaker
V/msm8974_platform(  265): platform_send_audio_calibration: sending audio calibration for snd_device(2) acdb_id(14)
D/WifiStateMachine( 1042): handleMessage: X
D/3CDM.DeviceAdminPushReceiver( 2693): Received an Intent - Action: android.intent.action.USER_PRESENT
D/3CDM.DeviceAdminPushReceiver( 2693): Type: null
D/3CDM.DeviceAdminPushReceiver( 2693): Data: null
D/UsbDeviceManager( 1042): MSG_USER_PRESENT
D/3CDM.Service( 2693): android.intent.action.USER_PRESENT
D/PhoneStatusBar( 1129): disable: < expand icons alerts ticker system_info back* home* recent* clock* search >
D/3CDM.Service( 2693): Phone was locked and now it is unlocked now.
W/InputMethodManagerService( 1042): Window already focused, ignoring focus gain of: com.android.internal.view.IInputMethodClient$Stub$Proxy@42463878 attribute=android.view.inputmethod.EditorInfo@4252cbd8, token = android.os.BinderProxy@4242e048
I/SFPerfTracer(  259):      triggers: (rate: 46:1773) (compose: 0:35) (post: 0:0) (render: 1:359) (5:39177 frames) (6:140629)
D/SFPerfTracer(  259):        layers: (4:12) (DimLayer: 0:631)* (DimLayer: 0:17)* (FocusedStackFrame: 0:2166)* (StatusBar: 0:18313) (NavigationBar: 0:13632) (com.android.systemui.ImageWallpaper: 0:1032) (DimLayer: 0:2595)* (DimLayer: 0:464)* (com.example.sahil.sunshine.app/com.example.sahil.sunshine.app.SettingsActivity: 0:93)* (com.example.sahil.sunshine.app/com.example.sahil.sunshine.app.MainActivity: 0:20)* (ElectronBeam: 0:27)* (Keyguard: 6:29) 
V/FetchWeatherTask(15860): Built URIhttp://api.openweathermap.org/data/2.5/forecast/daily?q=110092%20&mode=json&units=metric&cnt=7
D/dalvikvm( 1042): GC_EXPLICIT freed 3515K, 28% free 19267K/26408K, paused 12ms+15ms, total 203ms
V/FetchWeatherTask(15860): Forecast JSON String{"cod":"200","message":0.0025,"city":{"id":"1273435","name":"Delhi","coord":{"lon":77.2912,"lat":28.6332},"country":"India","population":0},"cnt":7,"list":[{"dt":1420956000,"temp":{"day":12.68,"min":4.65,"max":12.68,"night":4.65,"eve":11.78,"morn":12.68},"pressure":1005.54,"humidity":94,"weather":[{"id":800,"main":"Clear","description":"sky is clear","icon":"01d"}],"speed":4.28,"deg":296,"clouds":0},{"dt":1421042400,"temp":{"day":9.84,"min":2.63,"max":13.64,"night":5.11,"eve":12.8,"morn":2.63},"pressure":1008.87,"humidity":100,"weather":[{"id":802,"main":"Clouds","description":"scattered clouds","icon":"03d"}],"speed":1.16,"deg":309,"clouds":36},{"dt":1421128800,"temp":{"day":9.7,"min":5.48,"max":14.24,"night":6.11,"eve":13.36,"morn":5.48},"pressure":1008.3,"humidity":100,"weather":[{"id":802,"main":"Clouds","description":"scattered clouds","icon":"03d"}],"speed":2.11,"deg":117,"clouds":48},{"dt":1421215200,"temp":{"day":12.46,"min":7.38,"max":13.94,"night":8,"eve":13.18,"morn":7.38},"pressure":1007.2,"humidity":100,"weather":[{"id":803,"main":"Clouds","description":"broken clouds","icon":"04d"}],"speed":3.02,"deg":133,"clouds":76},{"dt":1421305200,"temp":{"day":17.37,"min":7.55,"max":17.37,"night":9.8,"eve":17.11,"morn":7.55},"pressure":1003.85,"humidity":0,"weather":[{"id":800,"main":"Clear","description":"sky is clear","icon":"01d"}],"speed":2.04,"deg":0,"clouds":0},{"dt":1421391600,"temp":{"day":18.87,"min":7.73,"max":18.87,"night":10.28,"eve":17.29,"morn":7.73},"pressure":1002.84,"humidity":0,"weather":[{"id":500,"main":"Rain","description":"light rain","icon":"10d"}],"speed":2.05,"deg":310,"clouds":0,"rain":0.21},{"dt":1421478000,"temp":{"day":17.61,"min":8.05,"max":17.61,"night":10.65,"eve":17.6,"morn":8.05},"pressure":1004.1,"humidity":0,"weather":[{"id":800,"main":"Clear","description":"sky is clear","icon":"01d"}],"speed":2.11,"deg":289,"clouds":3}]}
D/WifiStateMachine( 1042): handleMessage: E msg.what=151572
D/WifiStateMachine( 1042): processMsg: ConnectedState
D/WifiStateMachine( 1042): processMsg: L2ConnectedState
D/WifiStateMachine( 1042): handleMessage: X
W/ContextImpl( 1315): Calling a method in the system process without a qualified user: android.app.ContextImpl.startService:1608 android.content.ContextWrapper.startService:494 android.content.ContextWrapper.startService:494 com.motorola.motocare.internal.batterystats.BatteryStatsAction.onReceive:33 android.app.ActivityThread.handleReceiver:2434 
I/SFPerfTracer(  259):      triggers: (rate: 0:0) (13244 sw vsyncs) (0 skipped) (48:185890 vsyncs) (50:235577)
