I/SBar.MSimNetwCntrl( 1129): notifySignalsChangedCallbacks[0]: isEmergencyOnly(0)=false enabled=true sim=(none)="(empty)" signal=zz_moto_stat_sys_signal_4_fully_wide="Phone signal full." roaming=(none)="Not roaming."
I/SBar.MSimNetwCntrl( 1129):  type=(none)="3.5G" activity=(none)="(empty)"
I/SBar.MSimNetwCntrl( 1129):  slot=1="1" network="Vodafone IN"
I/SFPerfTracer(  259):      triggers: (rate: 0:0) (13056 sw vsyncs) (0 skipped) (17:185235 vsyncs) (19:234405)
D/WifiStateMachine( 1042): handleMessage: E msg.what=151572
D/WifiStateMachine( 1042): processMsg: ConnectedState
D/WifiStateMachine( 1042): processMsg: L2ConnectedState
D/WifiStateMachine( 1042): handleMessage: X
D/hardware_info(  265): hw_info_append_hw_type : device_name = speaker
I/MDMCTBK (  413): NetlinkHandler, power_supply subsys
I/MDMCTBK (  413): NetlinkHandler, usbChargerStateChanged
I/MDMCTBK (  413): checkDefaultInst, current pid is = 413
I/MDMCTBK (  413): checkDefaultInst, no pid match
I/MDMCTBK (  396): NetlinkHandler, power_supply subsys
I/MDMCTBK (  396): NetlinkHandler, usbChargerStateChanged
I/MDMCTBK (  396): checkDefaultInst, current pid is = 396
I/MDMCTBK (  396): checkDefaultInst, pid match
I/MDMCTBK (  396): MdmCutbackHndler,readFromFile = /sys/class/power_supply/usb/online
I/MDMCTBK (  396): MdmCutbackHndler,readFromFile = 
E/MDMCTBK (  396): MdmCutbackHndler,Could not open ''
I/MDMCTBK (  413): NetlinkHandler, power_supply subsys
I/MDMCTBK (  413): NetlinkHandler, usbChargerStateChanged
I/MDMCTBK (  413): checkDefaultInst, current pid is = 413
I/MDMCTBK (  413): checkDefaultInst, no pid match
I/MDMCTBK (  396): NetlinkHandler, power_supply subsys
I/MDMCTBK (  396): NetlinkHandler, usbChargerStateChanged
I/MDMCTBK (  396): checkDefaultInst, current pid is = 396
I/MDMCTBK (  396): checkDefaultInst, pid match
I/MDMCTBK (  396): MdmCutbackHndler,readFromFile = /sys/class/power_supply/usb/online
I/MDMCTBK (  396): MdmCutbackHndler,readFromFile = 
E/MDMCTBK (  396): MdmCutbackHndler,Could not open ''
D/WifiStateMachine( 1042): handleMessage: E msg.what=151572
D/WifiStateMachine( 1042): processMsg: ConnectedState
D/WifiStateMachine( 1042): processMsg: L2ConnectedState
D/WifiStateMachine( 1042): handleMessage: X
D/SBar.MSimNetwCntrl( 1129): updateTelephonySignalStrength[0]: iconList[iconLevel]=7f020299/zz_moto_stat_sys_signal_4_fully_wide iconLevel=4 mMSimMobileInetCondition=1 mMSimMobileInetConditionSB=1
D/SBar.MSimNetwCntrl( 1129): updateDataIcon[0]: subscription=0
D/SBar.MSimNetwCntrl( 1129): updateDataIcon[0]: dataSub=0
D/SBar.MSimNetwCntrl( 1129): updateDataIcon[0]: SimState=READY
I/SBar.MSimNetwCntrl( 1129): notifySignalsChangedCallbacks[0]: isEmergencyOnly(0)=false enabled=true sim=(none)="(empty)" signal=zz_moto_stat_sys_signal_4_fully_wide="Phone signal full." roaming=(none)="Not roaming."
I/SBar.MSimNetwCntrl( 1129):  type=(none)="3.5G" activity=(none)="(empty)"
I/SBar.MSimNetwCntrl( 1129):  slot=1="1" network="Vodafone IN"
D/WifiStateMachine( 1042): handleMessage: E msg.what=131155
D/WifiStateMachine( 1042): processMsg: ConnectedState
D/WifiStateMachine( 1042): processMsg: L2ConnectedState
D/WifiStateMachine( 1042): handleMessage: X
V/AlarmManager( 1042): sending alarm Alarm{41b23390 type 2 com.facebook.katana}
V/AlarmManager( 1042): sending alarm Alarm{41b0e238 type 2 com.facebook.orca}
V/AlarmManager( 1042): sending alarm Alarm{41ac3e68 type 1 com.ifttt.ifttt}
V/AlarmManager( 1042): sending alarm Alarm{41aaf3b0 type 0 com.android.vending}
I/IFTTT-Sync(16086): AndroidChannelSyncService - Starting sync
I/ActivityManager( 1042): Start proc com.android.vending for service com.android.vending/com.google.android.finsky.services.ContentSyncService: pid=16188 uid=10036 gids={50036, 3003, 1028, 1015}
I/IFTTT-Sync(16086): AndroidChannelSyncService - Starting device sync
I/IFTTT-Device(16086): e - Starting the device channel sync.
I/IFTTT-Sync(16086): AndroidChannelSyncService - Starting location sync
I/IFTTT-Location(16086): g - Starting location sync
I/IFTTT-Location(16086): a - Device has Google Play Services installed and updated.
D/dalvikvm( 1042): GC_EXPLICIT freed 1029K, 26% free 19756K/26408K, paused 4ms+12ms, total 138ms
I/dalvikvm(16086): Could not find method com.squareup.okhttp.internal.http.HttpURLConnectionImpl.getContentLengthLong, referenced from method com.squareup.okhttp.internal.http.HttpsURLConnectionImpl.getContentLengthLong
W/dalvikvm(16086): VFY: unable to resolve virtual method 35987: Lcom/squareup/okhttp/internal/http/HttpURLConnectionImpl;.getContentLengthLong ()J
D/dalvikvm(16086): VFY: replacing opcode 0x6e at 0x0002
I/dalvikvm(16086): Could not find method com.squareup.okhttp.internal.http.HttpURLConnectionImpl.getHeaderFieldLong, referenced from method com.squareup.okhttp.internal.http.HttpsURLConnectionImpl.getHeaderFieldLong
W/dalvikvm(16086): VFY: unable to resolve virtual method 35992: Lcom/squareup/okhttp/internal/http/HttpURLConnectionImpl;.getHeaderFieldLong (Ljava/lang/String;J)J
D/dalvikvm(16086): VFY: replacing opcode 0x6e at 0x0002
D/WifiStateMachine( 1042): handleMessage: E msg.what=151572
D/WifiStateMachine( 1042): processMsg: ConnectedState
D/WifiStateMachine( 1042): processMsg: L2ConnectedState
D/Finsky  (16188): [1] FinskyApp.onCreate: Initializing network with DFE https://android.clients.google.com/fdfe/
D/WifiStateMachine( 1042): handleMessage: X
D/SBar.MSimNetwCntrl( 1129): updateTelephonySignalStrength[0]: iconList[iconLevel]=7f020299/zz_moto_stat_sys_signal_4_fully_wide iconLevel=4 mMSimMobileInetCondition=1 mMSimMobileInetConditionSB=1
D/SBar.MSimNetwCntrl( 1129): updateDataIcon[0]: subscription=0
D/SBar.MSimNetwCntrl( 1129): updateDataIcon[0]: dataSub=0
D/SBar.MSimNetwCntrl( 1129): updateDataIcon[0]: SimState=READY
I/SBar.MSimNetwCntrl( 1129): notifySignalsChangedCallbacks[0]: isEmergencyOnly(0)=false enabled=true sim=(none)="(empty)" signal=zz_moto_stat_sys_signal_4_fully_wide="Phone signal full." roaming=(none)="Not roaming."
I/SBar.MSimNetwCntrl( 1129):  type=(none)="3.5G" activity=(none)="(empty)"
I/SBar.MSimNetwCntrl( 1129):  slot=1="1" network="Vodafone IN"
D/Finsky  (16188): [1] DailyHygiene.goMakeHygieneIfDirty: No need to run daily hygiene.
W/Settings(16188): Setting download_manager_max_bytes_over_mobile has moved from android.provider.Settings.Secure to android.provider.Settings.Global.
W/Settings(16188): Setting download_manager_recommended_max_bytes_over_mobile has moved from android.provider.Settings.Secure to android.provider.Settings.Global.
I/dalvikvm(16188): Could not find method com.google.android.play.layout.PlayCardViewBase.setTransitionName, referenced from method com.google.android.finsky.utils.PlayCardUtils.bindCard
W/dalvikvm(16188): VFY: unable to resolve virtual method 41555: Lcom/google/android/play/layout/PlayCardViewBase;.setTransitionName (Ljava/lang/String;)V
D/dalvikvm(16188): VFY: replacing opcode 0x6e at 0x00cf
I/dalvikvm(16188): Could not find method com.google.android.play.layout.PlayCardViewBase.setTransitionGroup, referenced from method com.google.android.finsky.utils.PlayCardUtils.bindCard
W/dalvikvm(16188): VFY: unable to resolve virtual method 41554: Lcom/google/android/play/layout/PlayCardViewBase;.setTransitionGroup (Z)V
D/dalvikvm(16188): VFY: replacing opcode 0x6e at 0x0201
I/dalvikvm(16188): Could not find method android.view.View.getTransitionName, referenced from method com.google.android.finsky.navigationmanager.NavigationManager.showPage
W/dalvikvm(16188): VFY: unable to resolve virtual method 8592: Landroid/view/View;.getTransitionName ()Ljava/lang/String;
D/dalvikvm(16188): VFY: replacing opcode 0x6e at 0x001a
D/Finsky  (16188): [1] 2.run: Loaded library for account: [ddtnh7oBZJG2FUz0g5o9IUJ7ccI]
D/Finsky  (16188): [1] 2.run: Finished loading 1 libraries.
D/Finsky  (16188): [1] GmsCoreHelper.cleanupNlp: result=false type=4
E/PlayEventLogger(16188): Invalid device id a8137c495d0856b2
I/dalvikvm(16188): Total arena pages for JIT: 11
I/dalvikvm(16188): Total arena pages for JIT: 12
I/dalvikvm(16188): Total arena pages for JIT: 13
I/dalvikvm(16188): Total arena pages for JIT: 14
D/Finsky  (16188): [1] RestoreTracker.stopServiceIfDone: Restore complete with 0 success and 0 failed.
D/Finsky  (16188): [1] 5.onFinished: Installation state replication succeeded.
D/WifiStateMachine( 1042): handleMessage: E msg.what=151572
D/WifiStateMachine( 1042): processMsg: ConnectedState
D/WifiStateMachine( 1042): processMsg: L2ConnectedState
D/WifiStateMachine( 1042): handleMessage: X
I/SFPerfTracer(  259):      triggers: (rate: 46:1763) (compose: 0:35) (post: 0:0) (render: 1:359) (0:38937 frames) (1:140205)
D/SFPerfTracer(  259):        layers: (3:12) (DimLayer: 0:631)* (DimLayer: 0:17)* (FocusedStackFrame: 0:2157)* (StatusBar: 1:18261) (NavigationBar: 0:13593) (com.android.systemui.ImageWallpaper: 0:1031)* (DimLayer: 0:2568)* (DimLayer: 0:462)* (Starting com.example.sahil.sunshine.app: 0:32)* (Waiting For Debugger: com.example.sahil.sunshine.app: 0:48)* (com.example.sahil.sunshine.app/com.example.sahil.sunshine.app.MainActivity: 0:24) (PopupWindow:41b3f458: 0:32)* 
I/IFTTT-Sync(16086): AndroidChannelSyncService - Starting messages sync
I/IFTTT-Sync(16086): AndroidChannelSyncService - Starting phone sync
I/IFTTT-Sync(16086): AndroidChannelSyncService - Starting photo sync
I/IFTTT-Sync(16086): AndroidChannelSyncService - Sync finished
I/IFTTT-Photo(16086): PhotoSyncService - No photo Recipe enabled.
I/IFTTT-Photo(16086): PhotoSyncService - No photos uploaded.
D/WifiStateMachine( 1042): handleMessage: E msg.what=151572
D/WifiStateMachine( 1042): processMsg: ConnectedState
D/WifiStateMachine( 1042): processMsg: L2ConnectedState
D/WifiStateMachine( 1042): handleMessage: X
D/WifiStateMachine( 1042): handleMessage: E msg.what=131155
D/WifiStateMachine( 1042): processMsg: ConnectedState
D/WifiStateMachine( 1042): processMsg: L2ConnectedState
D/WifiStateMachine( 1042): handleMessage: X
D/WifiStateMachine( 1042): handleMessage: E msg.what=151572
D/WifiStateMachine( 1042): processMsg: ConnectedState
D/WifiStateMachine( 1042): processMsg: L2ConnectedState
D/WifiStateMachine( 1042): handleMessage: X
D/SBar.MSimNetwCntrl( 1129): updateTelephonySignalStrength[0]: iconList[iconLevel]=7f020299/zz_moto_stat_sys_signal_4_fully_wide iconLevel=4 mMSimMobileInetCondition=1 mMSimMobileInetConditionSB=1
D/SBar.MSimNetwCntrl( 1129): updateDataIcon[0]: subscription=0
D/SBar.MSimNetwCntrl( 1129): updateDataIcon[0]: dataSub=0
D/SBar.MSimNetwCntrl( 1129): updateDataIcon[0]: SimState=READY
I/SBar.MSimNetwCntrl( 1129): notifySignalsChangedCallbacks[0]: isEmergencyOnly(0)=false enabled=true sim=(none)="(empty)" signal=zz_moto_stat_sys_signal_4_fully_wide="Phone signal full." roaming=(none)="Not roaming."
I/SBar.MSimNetwCntrl( 1129):  type=(none)="3.5G" activity=(none)="(empty)"
I/SBar.MSimNetwCntrl( 1129):  slot=1="1" network="Vodafone IN"
D/WifiStateMachine( 1042): handleMessage: E msg.what=151572
D/WifiStateMachine( 1042): processMsg: ConnectedState
D/WifiStateMachine( 1042): processMsg: L2ConnectedState
D/WifiStateMachine( 1042): handleMessage: X
D/WifiStateMachine( 1042): handleMessage: E msg.what=151572
D/WifiStateMachine( 1042): processMsg: ConnectedState
D/WifiStateMachine( 1042): processMsg: L2ConnectedState
D/WifiStateMachine( 1042): handleMessage: X
D/WifiStateMachine( 1042): handleMessage: E msg.what=131155
D/WifiStateMachine( 1042): processMsg: ConnectedState
D/WifiStateMachine( 1042): processMsg: L2ConnectedState
D/WifiStateMachine( 1042): handleMessage: X
D/WifiStateMachine( 1042): handleMessage: E msg.what=151572
D/WifiStateMachine( 1042): processMsg: ConnectedState
D/WifiStateMachine( 1042): processMsg: L2ConnectedState
D/WifiStateMachine( 1042): handleMessage: X
D/SBar.MSimNetwCntrl( 1129): updateTelephonySignalStrength[0]: iconList[iconLevel]=7f020299/zz_moto_stat_sys_signal_4_fully_wide iconLevel=4 mMSimMobileInetCondition=1 mMSimMobileInetConditionSB=1
D/SBar.MSimNetwCntrl( 1129): updateDataIcon[0]: subscription=0
D/SBar.MSimNetwCntrl( 1129): updateDataIcon[0]: dataSub=0
D/SBar.MSimNetwCntrl( 1129): updateDataIcon[0]: SimState=READY
I/SBar.MSimNetwCntrl( 1129): notifySignalsChangedCallbacks[0]: isEmergencyOnly(0)=false enabled=true sim=(none)="(empty)" signal=zz_moto_stat_sys_signal_4_fully_wide="Phone signal full." roaming=(none)="Not roaming."
I/SBar.MSimNetwCntrl( 1129):  type=(none)="3.5G" activity=(none)="(empty)"
I/SBar.MSimNetwCntrl( 1129):  slot=1="1" network="Vodafone IN"
D/WifiStateMachine( 1042): handleMessage: E msg.what=151572
D/WifiStateMachine( 1042): processMsg: ConnectedState
D/WifiStateMachine( 1042): processMsg: L2ConnectedState
D/WifiStateMachine( 1042): handleMessage: X
D/SBar.MSimNetwCntrl( 1129): updateTelephonySignalStrength[0]: iconList[iconLevel]=7f020299/zz_moto_stat_sys_signal_4_fully_wide iconLevel=4 mMSimMobileInetCondition=1 mMSimMobileInetConditionSB=1
D/SBar.MSimNetwCntrl( 1129): updateDataIcon[0]: subscription=0
D/SBar.MSimNetwCntrl( 1129): updateDataIcon[0]: dataSub=0
D/SBar.MSimNetwCntrl( 1129): updateDataIcon[0]: SimState=READY
I/SBar.MSimNetwCntrl( 1129): notifySignalsChangedCallbacks[0]: isEmergencyOnly(0)=false enabled=true sim=(none)="(empty)" signal=zz_moto_stat_sys_signal_4_fully_wide="Phone signal full." roaming=(none)="Not roaming."
I/SBar.MSimNetwCntrl( 1129):  type=(none)="3.5G" activity=(none)="(empty)"
I/SBar.MSimNetwCntrl( 1129):  slot=1="1" network="Vodafone IN"
D/WifiStateMachine( 1042): handleMessage: E msg.what=151572
D/WifiStateMachine( 1042): processMsg: ConnectedState
D/WifiStateMachine( 1042): processMsg: L2ConnectedState
D/WifiStateMachine( 1042): handleMessage: X
D/WifiStateMachine( 1042): handleMessage: E msg.what=131155
D/WifiStateMachine( 1042): processMsg: ConnectedState
D/WifiStateMachine( 1042): processMsg: L2ConnectedState
D/WifiStateMachine( 1042): handleMessage: X
D/WifiStateMachine( 1042): handleMessage: E msg.what=151572
D/WifiStateMachine( 1042): processMsg: ConnectedState
D/WifiStateMachine( 1042): processMsg: L2ConnectedState
D/WifiStateMachine( 1042): handleMessage: X
D/WifiStateMachine( 1042): handleMessage: E msg.what=151572
D/WifiStateMachine( 1042): processMsg: ConnectedState
D/WifiStateMachine( 1042): processMsg: L2ConnectedState
D/WifiStateMachine( 1042): handleMessage: X
D/WifiStateMachine( 1042): handleMessage: E msg.what=151572
D/WifiStateMachine( 1042): processMsg: ConnectedState
D/WifiStateMachine( 1042): processMsg: L2ConnectedState
D/WifiStateMachine( 1042): handleMessage: X
D/WifiStateMachine( 1042): handleMessage: E msg.what=131155
D/WifiStateMachine( 1042): processMsg: ConnectedState
D/WifiStateMachine( 1042): processMsg: L2ConnectedState
D/WifiStateMachine( 1042): handleMessage: X
D/WifiStateMachine( 1042): handleMessage: E msg.what=151572
D/WifiStateMachine( 1042): processMsg: ConnectedState
D/WifiStateMachine( 1042): processMsg: L2ConnectedState
D/WifiStateMachine( 1042): handleMessage: X
D/WifiStateMachine( 1042): handleMessage: E msg.what=151572
D/WifiStateMachine( 1042): processMsg: ConnectedState
D/WifiStateMachine( 1042): processMsg: L2ConnectedState
D/WifiStateMachine( 1042): handleMessage: X
I/SBar.MSimNetwCntrl( 1129): onSignalStrengthsChanged[0]:SignalStrength: 25 0 -120 -160 -120 -1 -1 99 2147483647 2147483647 2147483647 2147483647 2147483647 gsm|lte 0 -108 -1 false 4 4 0 0 0 99 99 99 4 level=4
D/SBar.MSimNetwCntrl( 1129): updateTelephonySignalStrength[0]: iconList[iconLevel]=7f020299/zz_moto_stat_sys_signal_4_fully_wide iconLevel=4 mMSimMobileInetCondition=1 mMSimMobileInetConditionSB=1
D/SBar.MSimNetwCntrl( 1129): updateDataIcon[0]: subscription=0
D/SBar.MSimNetwCntrl( 1129): updateDataIcon[0]: dataSub=0
D/SBar.MSimNetwCntrl( 1129): updateDataIcon[0]: SimState=READY
I/SBar.MSimNetwCntrl( 1129): notifySignalsChangedCallbacks[0]: isEmergencyOnly(0)=false enabled=true sim=(none)="(empty)" signal=zz_moto_stat_sys_signal_4_fully_wide="Phone signal full." roaming=(none)="Not roaming."
I/SBar.MSimNetwCntrl( 1129):  type=(none)="3.5G" activity=(none)="(empty)"
I/SBar.MSimNetwCntrl( 1129):  slot=1="1" network="Vodafone IN"
I/SFPerfTracer(  259):      triggers: (rate: 0:0) (13056 sw vsyncs) (0 skipped) (0:185285 vsyncs) (1:234506)
D/WifiStateMachine( 1042): handleMessage: E msg.what=151572
D/WifiStateMachine( 1042): processMsg: ConnectedState
D/WifiStateMachine( 1042): processMsg: L2ConnectedState
D/WifiStateMachine( 1042): handleMessage: X
D/SBar.MSimNetwCntrl( 1129): updateTelephonySignalStrength[0]: iconList[iconLevel]=7f020299/zz_moto_stat_sys_signal_4_fully_wide iconLevel=4 mMSimMobileInetCondition=1 mMSimMobileInetConditionSB=1
D/SBar.MSimNetwCntrl( 1129): updateDataIcon[0]: subscription=0
D/SBar.MSimNetwCntrl( 1129): updateDataIcon[0]: dataSub=0
D/SBar.MSimNetwCntrl( 1129): updateDataIcon[0]: SimState=READY
I/SBar.MSimNetwCntrl( 1129): notifySignalsChangedCallbacks[0]: isEmergencyOnly(0)=false enabled=true sim=(none)="(empty)" signal=zz_moto_stat_sys_signal_4_fully_wide="Phone signal full." roaming=(none)="Not roaming."
I/SBar.MSimNetwCntrl( 1129):  type=(none)="3.5G" activity=(none)="(empty)"
I/SBar.MSimNetwCntrl( 1129):  slot=1="1" network="Vodafone IN"
D/WifiStateMachine( 1042): handleMessage: E msg.what=131155
D/WifiStateMachine( 1042): processMsg: ConnectedState
D/WifiStateMachine( 1042): processMsg: L2ConnectedState
D/WifiStateMachine( 1042): handleMessage: X
D/WifiStateMachine( 1042): handleMessage: E msg.what=151572
D/WifiStateMachine( 1042): processMsg: ConnectedState
D/WifiStateMachine( 1042): processMsg: L2ConnectedState
D/WifiStateMachine( 1042): handleMessage: X
D/SBar.MSimNetwCntrl( 1129): updateTelephonySignalStrength[0]: iconList[iconLevel]=7f020299/zz_moto_stat_sys_signal_4_fully_wide iconLevel=4 mMSimMobileInetCondition=1 mMSimMobileInetConditionSB=1
D/SBar.MSimNetwCntrl( 1129): updateDataIcon[0]: subscription=0
D/SBar.MSimNetwCntrl( 1129): updateDataIcon[0]: dataSub=0
D/SBar.MSimNetwCntrl( 1129): updateDataIcon[0]: SimState=READY
I/SBar.MSimNetwCntrl( 1129): notifySignalsChangedCallbacks[0]: isEmergencyOnly(0)=false enabled=true sim=(none)="(empty)" signal=zz_moto_stat_sys_signal_4_fully_wide="Phone signal full." roaming=(none)="Not roaming."
I/SBar.MSimNetwCntrl( 1129):  type=(none)="3.5G" activity=(none)="(empty)"
I/SBar.MSimNetwCntrl( 1129):  slot=1="1" network="Vodafone IN"
D/WifiStateMachine( 1042): handleMessage: E msg.what=151572
D/WifiStateMachine( 1042): processMsg: ConnectedState
D/WifiStateMachine( 1042): processMsg: L2ConnectedState
D/WifiStateMachine( 1042): handleMessage: X
D/WifiStateMachine( 1042): handleMessage: E msg.what=151572
D/WifiStateMachine( 1042): processMsg: ConnectedState
D/WifiStateMachine( 1042): processMsg: L2ConnectedState
D/WifiStateMachine( 1042): handleMessage: X
D/WifiStateMachine( 1042): handleMessage: E msg.what=131155
D/WifiStateMachine( 1042): processMsg: ConnectedState
D/WifiStateMachine( 1042): processMsg: L2ConnectedState
D/WifiStateMachine( 1042): handleMessage: X
D/WifiStateMachine( 1042): handleMessage: E msg.what=151572
D/WifiStateMachine( 1042): processMsg: ConnectedState
D/WifiStateMachine( 1042): processMsg: L2ConnectedState
D/WifiStateMachine( 1042): handleMessage: X
D/WifiStateMachine( 1042): handleMessage: E msg.what=151572
D/WifiStateMachine( 1042): processMsg: ConnectedState
D/WifiStateMachine( 1042): processMsg: L2ConnectedState
D/WifiStateMachine( 1042): handleMessage: X
D/WifiStateMachine( 1042): handleMessage: E msg.what=151572
D/WifiStateMachine( 1042): processMsg: ConnectedState
D/WifiStateMachine( 1042): processMsg: L2ConnectedState
D/WifiStateMachine( 1042): handleMessage: X
D/WifiStateMachine( 1042): handleMessage: E msg.what=131155
D/WifiStateMachine( 1042): processMsg: ConnectedState
D/WifiStateMachine( 1042): processMsg: L2ConnectedState
D/WifiStateMachine( 1042): handleMessage: X
D/WifiStateMachine( 1042): handleMessage: E msg.what=151572
D/WifiStateMachine( 1042): processMsg: ConnectedState
D/WifiStateMachine( 1042): processMsg: L2ConnectedState
D/WifiStateMachine( 1042): handleMessage: X
D/WifiStateMachine( 1042): handleMessage: E msg.what=151572
D/WifiStateMachine( 1042): processMsg: ConnectedState
D/WifiStateMachine( 1042): processMsg: L2ConnectedState
D/WifiStateMachine( 1042): handleMessage: X
D/WifiStateMachine( 1042): handleMessage: E msg.what=151572
D/WifiStateMachine( 1042): processMsg: ConnectedState
D/WifiStateMachine( 1042): processMsg: L2ConnectedState
D/WifiStateMachine( 1042): handleMessage: X
D/WifiStateMachine( 1042): handleMessage: E msg.what=131155
D/WifiStateMachine( 1042): processMsg: ConnectedState
D/WifiStateMachine( 1042): processMsg: L2ConnectedState
D/WifiStateMachine( 1042): handleMessage: X
D/WifiStateMachine( 1042): handleMessage: E msg.what=151572
D/WifiStateMachine( 1042): processMsg: ConnectedState
D/WifiStateMachine( 1042): processMsg: L2ConnectedState
D/WifiStateMachine( 1042): handleMessage: X
D/WifiStateMachine( 1042): handleMessage: E msg.what=151572
D/WifiStateMachine( 1042): processMsg: ConnectedState
D/WifiStateMachine( 1042): processMsg: L2ConnectedState
D/WifiStateMachine( 1042): handleMessage: X
I/PowerManagerService( 1042): Going to sleep due to screen timeout...
D/SurfaceFlinger(  259): Screen released, type=0 flinger=0xb831b450
D/qdhwcomposer(  259): hwc_blank: Blanking display: 0
D/qdhwcomposer(  259): hwc_blank: Done blanking display: 0
D/SurfaceControl( 1042): Excessive delay in blankDisplay() while turning screen off: 155ms
I/AonLTInterfaceService( 1315): AodLT package version: 1000000
W/ContextImpl( 1315): Calling a method in the system process without a qualified user: android.app.ContextImpl.sendBroadcast:1252 android.content.ContextWrapper.sendBroadcast:365 com.motorola.motocare.util.TriggerHelper$TriggerBuilder.send:76 com.motorola.motocare.internal.frameworkevents.PauseResumeTrigger.handleFrameworkEvent:53 com.motorola.motocare.internal.frameworkevents.FwEventMonitor$FrameworkListener.processFrameworkEvent:114 
D/WifiStateMachine( 1042): handleScreenStateChanged: false
W/IInputConnectionWrapper(15860): getExtractedText on inactive InputConnection
D/WifiStateMachine( 1042): handleMessage: E msg.what=131154
D/WifiStateMachine( 1042): processMsg: ConnectedState
D/WifiStateMachine( 1042): processMsg: L2ConnectedState
D/WifiStateMachine( 1042): handleMessage: X
D/WifiStateMachine( 1042): handleMessage: E msg.what=131163
D/WifiStateMachine( 1042): processMsg: ConnectedState
D/WifiStateMachine( 1042): processMsg: L2ConnectedState
D/WifiStateMachine( 1042): processMsg: ConnectModeState
D/WifiStateMachine( 1042): processMsg: DriverStartedState
D/WifiStateMachine( 1042): processMsg: SupplicantStartedState
D/WifiStateMachine( 1042): processMsg: DefaultState
D/WifiStateMachine( 1042): handleMessage: X
D/WifiStateMachine( 1042): handleMessage: E msg.what=131158
D/WifiStateMachine( 1042): processMsg: ConnectedState
D/WifiStateMachine( 1042): processMsg: L2ConnectedState
D/WifiStateMachine( 1042): processMsg: ConnectModeState
D/WifiStateMachine( 1042): processMsg: DriverStartedState
D/WifiStateMachine( 1042): setSuspendOptimizationsNative: 4 true
W/IInputConnectionWrapper(15860): getTextBeforeCursor on inactive InputConnection
W/IInputConnectionWrapper(15860): getSelectedText on inactive InputConnection
D/audio_hw_primary(  265): adev_set_parameters: enter: screen_state=off
V/msm8974_platform(  265): platform_set_parameters: enter: screen_state=off
V/msm8974_platform(  265): platform_set_parameters: exit with code(-2)
E/audio_a2dp_hw(  265): adev_set_parameters: ERROR: set param called even when stream out is null
W/IInputConnectionWrapper(15860): getTextAfterCursor on inactive InputConnection
E/bm      ( 1300): onStartInput event aborted: com.touchtype.keyboard.c.ag: could not obtain extracted text (class com.touchtype.keyboard.c.ag)
D/WifiStateMachine( 1042): handleMessage: X
D/WifiStateMachine( 1042): handleMessage: E msg.what=131155
D/WifiStateMachine( 1042): processMsg: ConnectedState
D/WifiStateMachine( 1042): processMsg: L2ConnectedState
D/WifiStateMachine( 1042): handleMessage: X
I/AonLTInterfaceService( 1315): AodLT package version: 1000000
I/PowerManagerService( 1042): Waking up from sleep...
I/AonLTInterfaceService( 1315): AodLT package version: 1000000
V/KeyguardServiceDelegate( 1042): onScreenTurnedOn(showListener = com.android.internal.policy.impl.PhoneWindowManager$20@421b6198)
V/KeyguardServiceDelegate( 1042): **** SHOWN CALLED ****
I/WindowManager( 1042): No lock screen! windowToken=null
E/Sensors ( 1042): CT406 set ALS poll interval: 1000
D/DisplayPowerController( 1042): Unblocked screen on after 79395893 ms
W/ContextImpl( 1315): Calling a method in the system process without a qualified user: android.app.ContextImpl.sendBroadcast:1252 android.content.ContextWrapper.sendBroadcast:365 com.motorola.motocare.util.TriggerHelper$TriggerBuilder.send:76 com.motorola.motocare.internal.frameworkevents.PauseResumeTrigger.handleFrameworkEvent:53 com.motorola.motocare.internal.frameworkevents.FwEventMonitor$FrameworkListener.processFrameworkEvent:114 
I/AonLTInterfaceService( 1315): AodLT package version: 1000000
D/SurfaceFlinger(  259): Screen acquired, type=0 flinger=0xb831b450
D/qdhwcomposer(  259): hwc_blank: Unblanking display: 0
V/FetchWeatherTask(15860): Built URIhttp://api.openweathermap.org/data/2.5/forecast/daily?q=k&mode=json&units=metric&cnt=7
D/WifiStateMachine( 1042): handleScreenStateChanged: true
D/WifiStateMachine( 1042): handleMessage: E msg.what=131154
D/WifiStateMachine( 1042): processMsg: ConnectedState
D/WifiStateMachine( 1042): processMsg: L2ConnectedState
D/WifiStateMachine( 1042): handleMessage: X
D/WifiStateMachine( 1042): handleMessage: E msg.what=131163
D/WifiStateMachine( 1042): processMsg: ConnectedState
D/audio_hw_primary(  265): adev_set_parameters: enter: screen_state=on
V/msm8974_platform(  265): platform_set_parameters: enter: screen_state=on
V/msm8974_platform(  265): platform_set_parameters: exit with code(-2)
E/audio_a2dp_hw(  265): adev_set_parameters: ERROR: set param called even when stream out is null
D/WifiStateMachine( 1042): processMsg: L2ConnectedState
D/WifiStateMachine( 1042): processMsg: ConnectModeState
D/WifiStateMachine( 1042): processMsg: DriverStartedState
D/WifiStateMachine( 1042): processMsg: SupplicantStartedState
D/WifiStateMachine( 1042): processMsg: DefaultState
D/WifiStateMachine( 1042): handleMessage: X
D/WifiStateMachine( 1042): handleMessage: E msg.what=131127
D/WifiStateMachine( 1042): processMsg: ConnectedState
D/WifiStateMachine( 1042): processMsg: L2ConnectedState
D/WifiStateMachine( 1042): processMsg: ConnectModeState
D/WifiStateMachine( 1042): handleMessage: X
D/WifiStateMachine( 1042): handleMessage: E msg.what=131158
D/WifiStateMachine( 1042): processMsg: ConnectedState
D/WifiStateMachine( 1042): processMsg: L2ConnectedState
D/WifiStateMachine( 1042): processMsg: ConnectModeState
D/WifiStateMachine( 1042): processMsg: DriverStartedState
D/SBar.MSimNetwCntrl( 1129): updateTelephonySignalStrength[0]: iconList[iconLevel]=7f020299/zz_moto_stat_sys_signal_4_fully_wide iconLevel=4 mMSimMobileInetCondition=1 mMSimMobileInetConditionSB=1
D/WifiStateMachine( 1042): setSuspendOptimizationsNative: 4 false
D/SBar.MSimNetwCntrl( 1129): updateDataIcon[0]: subscription=0
D/SBar.MSimNetwCntrl( 1129): updateDataIcon[0]: dataSub=0
D/SBar.MSimNetwCntrl( 1129): updateDataIcon[0]: SimState=READY
I/SBar.MSimNetwCntrl( 1129): notifySignalsChangedCallbacks[0]: isEmergencyOnly(0)=false enabled=true sim=(none)="(empty)" signal=zz_moto_stat_sys_signal_4_fully_wide="Phone signal full." roaming=(none)="Not roaming."
I/SBar.MSimNetwCntrl( 1129):  type=(none)="3.5G" activity=(none)="(empty)"
I/SBar.MSimNetwCntrl( 1129):  slot=1="1" network="Vodafone IN"
D/WifiStateMachine( 1042): handleMessage: X
D/WifiStateMachine( 1042): handleMessage: E msg.what=151572
D/WifiStateMachine( 1042): processMsg: ConnectedState
D/WifiStateMachine( 1042): processMsg: L2ConnectedState
D/WifiStateMachine( 1042): handleMessage: X
W/ContextImpl( 1315): Calling a method in the system process without a qualified user: android.app.ContextImpl.startService:1608 android.content.ContextWrapper.startService:494 android.content.ContextWrapper.startService:494 com.motorola.motocare.internal.batterystats.BatteryStatsAction.onReceive:33 android.app.ActivityThread.handleReceiver:2434 
D/qdhwcomposer(  259): hwc_blank: Done unblanking display: 0
D/SurfaceControl( 1042): Excessive delay in unblankDisplay() while turning screen on: 203ms
I/SFPerfTracer(  259):      triggers: (rate: 0:0) (13115 sw vsyncs) (0 skipped) (0:185339 vsyncs) (59:234655)
D/Ulp_jni ( 1042): JNI:system_update. Event-0
V/FetchWeatherTask(15860): Forecast JSON String{"message":"","cod":"404"}
E/FetchWeatherTask(15860): No value for list
E/FetchWeatherTask(15860): org.json.JSONException: No value for list
E/FetchWeatherTask(15860): 	at org.json.JSONObject.get(JSONObject.java:355)
E/FetchWeatherTask(15860): 	at org.json.JSONObject.getJSONArray(JSONObject.java:549)
E/FetchWeatherTask(15860): 	at com.example.sahil.sunshine.app.ForecastFragment$FetchWeatherTask.getWeatherDataFromJson(ForecastFragment.java:186)
E/FetchWeatherTask(15860): 	at com.example.sahil.sunshine.app.ForecastFragment$FetchWeatherTask.doInBackground(ForecastFragment.java:307)
E/FetchWeatherTask(15860): 	at com.example.sahil.sunshine.app.ForecastFragment$FetchWeatherTask.doInBackground(ForecastFragment.java:122)
E/FetchWeatherTask(15860): 	at android.os.AsyncTask$2.call(AsyncTask.java:288)
E/FetchWeatherTask(15860): 	at java.util.concurrent.FutureTask.run(FutureTask.java:237)
E/FetchWeatherTask(15860): 	at android.os.AsyncTask$SerialExecutor$1.run(AsyncTask.java:231)
E/FetchWeatherTask(15860): 	at java.util.concurrent.ThreadPoolExecutor.runWorker(ThreadPoolExecutor.java:1112)
E/FetchWeatherTask(15860): 	at java.util.concurrent.ThreadPoolExecutor$Worker.run(ThreadPoolExecutor.java:587)
E/FetchWeatherTask(15860): 	at java.lang.Thread.run(Thread.java:841)
W/System.err(15860): org.json.JSONException: No value for list
W/System.err(15860): 	at org.json.JSONObject.get(JSONObject.java:355)
W/System.err(15860): 	at org.json.JSONObject.getJSONArray(JSONObject.java:549)
W/System.err(15860): 	at com.example.sahil.sunshine.app.ForecastFragment$FetchWeatherTask.getWeatherDataFromJson(ForecastFragment.java:186)
W/System.err(15860): 	at com.example.sahil.sunshine.app.ForecastFragment$FetchWeatherTask.doInBackground(ForecastFragment.java:307)
W/System.err(15860): 	at com.example.sahil.sunshine.app.ForecastFragment$FetchWeatherTask.doInBackground(ForecastFragment.java:122)
W/System.err(15860): 	at android.os.AsyncTask$2.call(AsyncTask.java:288)
W/System.err(15860): 	at java.util.concurrent.FutureTask.run(FutureTask.java:237)
W/System.err(15860): 	at android.os.AsyncTask$SerialExecutor$1.run(AsyncTask.java:231)
W/System.err(15860): 	at java.util.concurrent.ThreadPoolExecutor.runWorker(ThreadPoolExecutor.java:1112)
W/System.err(15860): 	at java.util.concurrent.ThreadPoolExecutor$Worker.run(ThreadPoolExecutor.java:587)
W/System.err(15860): 	at java.lang.Thread.run(Thread.java:841)
D/WifiStateMachine( 1042): handleMessage: E msg.what=151572
D/WifiStateMachine( 1042): processMsg: ConnectedState
D/WifiStateMachine( 1042): processMsg: L2ConnectedState
D/SBar.MSimNetwCntrl( 1129): updateTelephonySignalStrength[0]: iconList[iconLevel]=7f020299/zz_moto_stat_sys_signal_4_fully_wide iconLevel=4 mMSimMobileInetCondition=1 mMSimMobileInetConditionSB=1
D/SBar.MSimNetwCntrl( 1129): updateDataIcon[0]: subscription=0
D/SBar.MSimNetwCntrl( 1129): updateDataIcon[0]: dataSub=0
D/SBar.MSimNetwCntrl( 1129): updateDataIcon[0]: SimState=READY
I/SBar.MSimNetwCntrl( 1129): notifySignalsChangedCallbacks[0]: isEmergencyOnly(0)=false enabled=true sim=(none)="(empty)" signal=zz_moto_stat_sys_signal_4_fully_wide="Phone signal full." roaming=(none)="Not roaming."
I/SBar.MSimNetwCntrl( 1129):  type=(none)="3.5G" activity=(none)="(empty)"
I/SBar.MSimNetwCntrl( 1129):  slot=1="1" network="Vodafone IN"
D/WifiStateMachine( 1042): handleMessage: X
D/WifiStateMachine( 1042): handleMessage: E msg.what=151572
D/WifiStateMachine( 1042): processMsg: ConnectedState
D/WifiStateMachine( 1042): processMsg: L2ConnectedState
D/SBar.MSimNetwCntrl( 1129): updateTelephonySignalStrength[0]: iconList[iconLevel]=7f020299/zz_moto_stat_sys_signal_4_fully_wide iconLevel=4 mMSimMobileInetCondition=1 mMSimMobileInetConditionSB=1
D/SBar.MSimNetwCntrl( 1129): updateDataIcon[0]: subscription=0
D/SBar.MSimNetwCntrl( 1129): updateDataIcon[0]: dataSub=0
D/SBar.MSimNetwCntrl( 1129): updateDataIcon[0]: SimState=READY
D/WifiStateMachine( 1042): handleMessage: X
I/SBar.MSimNetwCntrl( 1129): notifySignalsChangedCallbacks[0]: isEmergencyOnly(0)=false enabled=true sim=(none)="(empty)" signal=zz_moto_stat_sys_signal_4_fully_wide="Phone signal full." roaming=(none)="Not roaming."
I/SBar.MSimNetwCntrl( 1129):  type=(none)="3.5G" activity=(none)="(empty)"
I/SBar.MSimNetwCntrl( 1129):  slot=1="1" network="Vodafone IN"
W/ContextImpl( 1315): Calling a method in the system process without a qualified user: android.app.ContextImpl.startService:1608 android.content.ContextWrapper.startService:494 android.content.ContextWrapper.startService:494 com.motorola.motocare.internal.batterystats.BatteryStatsAction.onReceive:33 android.app.ActivityThread.handleReceiver:2434 
D/dalvikvm( 1315): GC_CONCURRENT freed 2354K, 73% free 3098K/11076K, paused 2ms+2ms, total 66ms
D/dalvikvm( 2968): GC_CONCURRENT freed 1857K, 70% free 3360K/11076K, paused 1ms+2ms, total 17ms
V/AlarmManager( 1042): sending alarm Alarm{426bc708 type 2 com.facebook.orca}
V/AlarmManager( 1042): sending alarm Alarm{4262f3b0 type 2 com.android.keyguard}
D/WifiStateMachine( 1042): handleMessage: E msg.what=131155
D/WifiStateMachine( 1042): processMsg: ConnectedState
D/WifiStateMachine( 1042): processMsg: L2ConnectedState
D/WifiStateMachine( 1042): handleMessage: X
D/WifiStateMachine( 1042): handleMessage: E msg.what=151572
D/WifiStateMachine( 1042): processMsg: ConnectedState
D/WifiStateMachine( 1042): processMsg: L2ConnectedState
D/WifiStateMachine( 1042): handleMessage: X
D/SBar.MSimNetwCntrl( 1129): updateTelephonySignalStrength[0]: iconList[iconLevel]=7f020299/zz_moto_stat_sys_signal_4_fully_wide iconLevel=4 mMSimMobileInetCondition=1 mMSimMobileInetConditionSB=1
D/SBar.MSimNetwCntrl( 1129): updateDataIcon[0]: subscription=0
D/SBar.MSimNetwCntrl( 1129): updateDataIcon[0]: dataSub=0
D/SBar.MSimNetwCntrl( 1129): updateDataIcon[0]: SimState=READY
I/SBar.MSimNetwCntrl( 1129): notifySignalsChangedCallbacks[0]: isEmergencyOnly(0)=false enabled=true sim=(none)="(empty)" signal=zz_moto_stat_sys_signal_4_fully_wide="Phone signal full." roaming=(none)="Not roaming."
I/SBar.MSimNetwCntrl( 1129):  type=(none)="3.5G" activity=(none)="(empty)"
I/SBar.MSimNetwCntrl( 1129):  slot=1="1" network="Vodafone IN"
W/ContextImpl( 1315): Calling a method in the system process without a qualified user: android.app.ContextImpl.sendBroadcast:1252 android.content.ContextWrapper.sendBroadcast:365 com.motorola.motocare.util.TriggerHelper$TriggerBuilder.send:76 com.motorola.motocare.internal.frameworkevents.ProcessKillTrigger.sendTrigger:147 com.motorola.motocare.internal.frameworkevents.ProcessKillTrigger.handleLmkKill:337 
W/ContextImpl( 1315): Calling a method in the system process without a qualified user: android.app.ContextImpl.sendBroadcast:1252 android.content.ContextWrapper.sendBroadcast:365 com.motorola.motocare.util.TriggerHelper$TriggerBuilder.send:76 com.motorola.motocare.internal.frameworkevents.ProcessKillTrigger.sendTrigger:147 com.motorola.motocare.internal.frameworkevents.ProcessKillTrigger.handleLmkKill:337 
W/ContextImpl( 1315): Calling a method in the system process without a qualified user: android.app.ContextImpl.sendBroadcast:1252 android.content.ContextWrapper.sendBroadcast:365 com.motorola.motocare.util.TriggerHelper$TriggerBuilder.send:76 com.motorola.motocare.internal.frameworkevents.ProcessKillTrigger.sendTrigger:147 com.motorola.motocare.internal.frameworkevents.ProcessKillTrigger.handleLmkKill:337 
W/ContextImpl( 1315): Calling a method in the system process without a qualified user: android.app.ContextImpl.sendBroadcast:1252 android.content.ContextWrapper.sendBroadcast:365 com.motorola.motocare.util.TriggerHelper$TriggerBuilder.send:76 com.motorola.motocare.internal.frameworkevents.ProcessKillTrigger.sendTrigger:147 com.motorola.motocare.internal.frameworkevents.ProcessKillTrigger.handleLmkKill:337 
D/dalvikvm( 1315): GC_CONCURRENT freed 1907K, 72% free 3156K/11076K, paused 4ms+4ms, total 48ms
D/WifiStateMachine( 1042): handleMessage: E msg.what=151572
D/WifiStateMachine( 1042): processMsg: ConnectedState
D/WifiStateMachine( 1042): processMsg: L2ConnectedState
D/SBar.MSimNetwCntrl( 1129): updateTelephonySignalStrength[0]: iconList[iconLevel]=7f020299/zz_moto_stat_sys_signal_4_fully_wide iconLevel=4 mMSimMobileInetCondition=1 mMSimMobileInetConditionSB=1
D/SBar.MSimNetwCntrl( 1129): updateDataIcon[0]: subscription=0
D/SBar.MSimNetwCntrl( 1129): updateDataIcon[0]: dataSub=0
D/SBar.MSimNetwCntrl( 1129): updateDataIcon[0]: SimState=READY
I/SBar.MSimNetwCntrl( 1129): notifySignalsChangedCallbacks[0]: isEmergencyOnly(0)=false enabled=true sim=(none)="(empty)" signal=zz_moto_stat_sys_signal_4_fully_wide="Phone signal full." roaming=(none)="Not roaming."
I/SBar.MSimNetwCntrl( 1129):  type=(none)="3.5G" activity=(none)="(empty)"
I/SBar.MSimNetwCntrl( 1129):  slot=1="1" network="Vodafone IN"
D/WifiStateMachine( 1042): handleMessage: X
D/WifiStateMachine( 1042): handleMessage: E msg.what=151572
D/WifiStateMachine( 1042): processMsg: ConnectedState
D/WifiStateMachine( 1042): processMsg: L2ConnectedState
D/WifiStateMachine( 1042): handleMessage: X
D/SBar.MSimNetwCntrl( 1129): updateTelephonySignalStrength[0]: iconList[iconLevel]=7f020299/zz_moto_stat_sys_signal_4_fully_wide iconLevel=4 mMSimMobileInetCondition=1 mMSimMobileInetConditionSB=1
D/SBar.MSimNetwCntrl( 1129): updateDataIcon[0]: subscription=0
D/SBar.MSimNetwCntrl( 1129): updateDataIcon[0]: dataSub=0
D/SBar.MSimNetwCntrl( 1129): updateDataIcon[0]: SimState=READY
I/SBar.MSimNetwCntrl( 1129): notifySignalsChangedCallbacks[0]: isEmergencyOnly(0)=false enabled=true sim=(none)="(empty)" signal=zz_moto_stat_sys_signal_4_fully_wide="Phone signal full." roaming=(none)="Not roaming."
I/SBar.MSimNetwCntrl( 1129):  type=(none)="3.5G" activity=(none)="(empty)"
I/SBar.MSimNetwCntrl( 1129):  slot=1="1" network="Vodafone IN"
D/WifiStateMachine( 1042): handleMessage: E msg.what=151572
D/WifiStateMachine( 1042): processMsg: ConnectedState
D/WifiStateMachine( 1042): processMsg: L2ConnectedState
D/WifiStateMachine( 1042): handleMessage: X
D/WifiStateMachine( 1042): handleMessage: E msg.what=131155
D/WifiStateMachine( 1042): processMsg: ConnectedState
D/WifiStateMachine( 1042): processMsg: L2ConnectedState
D/WifiStateMachine( 1042): handleMessage: X
D/SBar.MSimNetwCntrl( 1129): updateTelephonySignalStrength[0]: iconList[iconLevel]=7f020299/zz_moto_stat_sys_signal_4_fully_wide iconLevel=4 mMSimMobileInetCondition=1 mMSimMobileInetConditionSB=1
D/SBar.MSimNetwCntrl( 1129): updateDataIcon[0]: subscription=0
D/SBar.MSimNetwCntrl( 1129): updateDataIcon[0]: dataSub=0
D/SBar.MSimNetwCntrl( 1129): updateDataIcon[0]: SimState=READY
I/SBar.MSimNetwCntrl( 1129): notifySignalsChangedCallbacks[0]: isEmergencyOnly(0)=false enabled=true sim=(none)="(empty)" signal=zz_moto_stat_sys_signal_4_fully_wide="Phone signal full." roaming=(none)="Not roaming."
I/SBar.MSimNetwCntrl( 1129):  type=(none)="3.5G" activity=(none)="(empty)"
I/SBar.MSimNetwCntrl( 1129):  slot=1="1" network="Vodafone IN"
D/WifiStateMachine( 1042): handleMessage: E msg.what=151572
D/WifiStateMachine( 1042): processMsg: ConnectedState
D/WifiStateMachine( 1042): processMsg: L2ConnectedState
D/WifiStateMachine( 1042): handleMessage: X
D/WifiStateMachine( 1042): handleMessage: E msg.what=151572
D/WifiStateMachine( 1042): processMsg: ConnectedState
D/WifiStateMachine( 1042): processMsg: L2ConnectedState
D/WifiStateMachine( 1042): handleMessage: X
D/SBar.MSimNetwCntrl( 1129): updateTelephonySignalStrength[0]: iconList[iconLevel]=7f020299/zz_moto_stat_sys_signal_4_fully_wide iconLevel=4 mMSimMobileInetCondition=1 mMSimMobileInetConditionSB=1
D/SBar.MSimNetwCntrl( 1129): updateDataIcon[0]: subscription=0
D/SBar.MSimNetwCntrl( 1129): updateDataIcon[0]: dataSub=0
D/SBar.MSimNetwCntrl( 1129): updateDataIcon[0]: SimState=READY
I/SBar.MSimNetwCntrl( 1129): notifySignalsChangedCallbacks[0]: isEmergencyOnly(0)=false enabled=true sim=(none)="(empty)" signal=zz_moto_stat_sys_signal_4_fully_wide="Phone signal full." roaming=(none)="Not roaming."
I/SBar.MSimNetwCntrl( 1129):  type=(none)="3.5G" activity=(none)="(empty)"
I/SBar.MSimNetwCntrl( 1129):  slot=1="1" network="Vodafone IN"
I/SFPerfTracer(  259):      triggers: (rate: 0:0) (13115 sw vsyncs) (0 skipped) (20:185419 vsyncs) (22:234774)
D/WifiStateMachine( 1042): handleMessage: E msg.what=151572
D/WifiStateMachine( 1042): processMsg: ConnectedState
D/WifiStateMachine( 1042): processMsg: L2ConnectedState
D/WifiStateMachine( 1042): handleMessage: X
D/WifiStateMachine( 1042): handleMessage: E msg.what=131155
D/WifiStateMachine( 1042): processMsg: ConnectedState
D/WifiStateMachine( 1042): processMsg: L2ConnectedState
D/WifiStateMachine( 1042): handleMessage: X
D/WifiStateMachine( 1042): handleMessage: E msg.what=151572
D/WifiStateMachine( 1042): processMsg: ConnectedState
D/WifiStateMachine( 1042): processMsg: L2ConnectedState
D/WifiStateMachine( 1042): handleMessage: X
V/AlarmManager( 1042): sending alarm Alarm{4267a950 type 3 android}
D/WifiStateMachine( 1042): handleMessage: E msg.what=151572
D/WifiStateMachine( 1042): processMsg: ConnectedState
D/WifiStateMachine( 1042): processMsg: L2ConnectedState
D/WifiStateMachine( 1042): handleMessage: X
I/InputDispatcher( 1042): Application is not responding: Window{41c19a08 u0 com.example.sahil.sunshine.app/com.example.sahil.sunshine.app.MainActivity}.  It has been 5002.6ms since event, 5001.3ms since wait started.  Reason: Waiting because the touched window has not finished processing the input events that were previously delivered to it.
I/WindowManager( 1042): Input event dispatching timed out sending to com.example.sahil.sunshine.app/com.example.sahil.sunshine.app.MainActivity.  Reason: Waiting because the touched window has not finished processing the input events that were previously delivered to it.
D/WifiStateMachine( 1042): handleMessage: E msg.what=151572
D/WifiStateMachine( 1042): processMsg: ConnectedState
D/WifiStateMachine( 1042): processMsg: L2ConnectedState
D/WifiStateMachine( 1042): handleMessage: X
D/WifiStateMachine( 1042): handleMessage: E msg.what=131155
D/WifiStateMachine( 1042): processMsg: ConnectedState
D/WifiStateMachine( 1042): processMsg: L2ConnectedState
D/WifiStateMachine( 1042): handleMessage: X
D/WifiStateMachine( 1042): handleMessage: E msg.what=151572
D/WifiStateMachine( 1042): processMsg: ConnectedState
D/WifiStateMachine( 1042): processMsg: L2ConnectedState
D/WifiStateMachine( 1042): handleMessage: X
D/WifiStateMachine( 1042): handleMessage: E msg.what=151572
D/WifiStateMachine( 1042): processMsg: ConnectedState
D/WifiStateMachine( 1042): processMsg: L2ConnectedState
D/WifiStateMachine( 1042): handleMessage: X
D/SBar.MSimNetwCntrl( 1129): updateTelephonySignalStrength[0]: iconList[iconLevel]=7f020299/zz_moto_stat_sys_signal_4_fully_wide iconLevel=4 mMSimMobileInetCondition=1 mMSimMobileInetConditionSB=1
D/SBar.MSimNetwCntrl( 1129): updateDataIcon[0]: subscription=0
D/SBar.MSimNetwCntrl( 1129): updateDataIcon[0]: dataSub=0
D/SBar.MSimNetwCntrl( 1129): updateDataIcon[0]: SimState=READY
I/SBar.MSimNetwCntrl( 1129): notifySignalsChangedCallbacks[0]: isEmergencyOnly(0)=false enabled=true sim=(none)="(empty)" signal=zz_moto_stat_sys_signal_4_fully_wide="Phone signal full." roaming=(none)="Not roaming."
I/SBar.MSimNetwCntrl( 1129):  type=(none)="3.5G" activity=(none)="(empty)"
I/SBar.MSimNetwCntrl( 1129):  slot=1="1" network="Vodafone IN"
D/WifiStateMachine( 1042): handleMessage: E msg.what=151572
D/WifiStateMachine( 1042): processMsg: ConnectedState
D/WifiStateMachine( 1042): processMsg: L2ConnectedState
D/WifiStateMachine( 1042): handleMessage: X
D/WifiStateMachine( 1042): handleMessage: E msg.what=131155
D/WifiStateMachine( 1042): processMsg: ConnectedState
D/WifiStateMachine( 1042): processMsg: L2ConnectedState
D/WifiStateMachine( 1042): handleMessage: X
D/WifiStateMachine( 1042): handleMessage: E msg.what=151572
D/WifiStateMachine( 1042): processMsg: ConnectedState
D/WifiStateMachine( 1042): processMsg: L2ConnectedState
D/WifiStateMachine( 1042): handleMessage: X
I/InputDispatcher( 1042): Window 'Window{41c19a08 u0 com.example.sahil.sunshine.app/com.example.sahil.sunshine.app.MainActivity}' spent 16114.2ms processing the last input event: MotionEvent(deviceId=7, source=0x00001002, action=0, flags=0x00000000, metaState=0x00000000, buttonState=0x00000000, edgeFlags=0x00000000, xPrecision=1.0, yPrecision=1.0, displayId=0, pointers=[0: (449.2, 580.4)]), policyFlags=0x42000000
I/InputDispatcher( 1042): Window 'Window{41c19a08 u0 com.example.sahil.sunshine.app/com.example.sahil.sunshine.app.MainActivity}' spent 16107.9ms processing the last input event: MotionEvent(deviceId=7, source=0x00001002, action=2, flags=0x00000000, metaState=0x00000000, buttonState=0x00000000, edgeFlags=0x00000000, xPrecision=1.0, yPrecision=1.0, displayId=0, pointers=[0: (440.2, 584.4)]), policyFlags=0x42000000
I/InputDispatcher( 1042): Window 'Window{41c19a08 u0 com.example.sahil.sunshine.app/com.example.sahil.sunshine.app.MainActivity}' spent 16082.4ms processing the last input event: MotionEvent(deviceId=7, source=0x00001002, action=2, flags=0x00000000, metaState=0x00000000, buttonState=0x00000000, edgeFlags=0x00000000, xPrecision=1.0, yPrecision=1.0, displayId=0, pointers=[0: (439.2, 587.4)]), policyFlags=0x42000000
I/InputDispatcher( 1042): Window 'Window{41c19a08 u0 com.example.sahil.sunshine.app/com.example.sahil.sunshine.app.MainActivity}' spent 16070.8ms processing the last input event: MotionEvent(deviceId=7, source=0x00001002, action=1, flags=0x00000000, metaState=0x00000000, buttonState=0x00000000, edgeFlags=0x00000000, xPrecision=1.0, yPrecision=1.0, displayId=0, pointers=[0: (439.2, 587.4)]), policyFlags=0x42000000
D/audio_hw_primary(  265): out_set_parameters: enter: usecase(1: low-latency-playback) kvpairs: routing=2
V/msm8974_platform(  265): platform_get_output_snd_device: enter: output devices(0x2)
V/msm8974_platform(  265): platform_get_output_snd_device: exit: snd_device(speaker)
D/audio_hw_primary(  265): select_devices: out_snd_device(2: speaker) in_snd_device(0: )
D/hardware_info(  265): hw_info_append_hw_type : device_name = speaker
V/msm8974_platform(  265): platform_send_audio_calibration: sending audio calibration for snd_device(2) acdb_id(14)
D/WifiStateMachine( 1042): handleMessage: E msg.what=151572
D/WifiStateMachine( 1042): processMsg: ConnectedState
D/WifiStateMachine( 1042): processMsg: L2ConnectedState
D/WifiStateMachine( 1042): handleMessage: X
D/WifiStateMachine( 1042): handleMessage: E msg.what=151572
D/WifiStateMachine( 1042): processMsg: ConnectedState
D/WifiStateMachine( 1042): processMsg: L2ConnectedState
D/WifiStateMachine( 1042): handleMessage: X
D/WifiStateMachine( 1042): handleMessage: E msg.what=131155
D/WifiStateMachine( 1042): processMsg: ConnectedState
D/WifiStateMachine( 1042): processMsg: L2ConnectedState
D/WifiStateMachine( 1042): handleMessage: X
D/audio_hw_primary(  265): out_set_parameters: enter: usecase(1: low-latency-playback) kvpairs: routing=2
V/msm8974_platform(  265): platform_get_output_snd_device: enter: output devices(0x2)
V/msm8974_platform(  265): platform_get_output_snd_device: exit: snd_device(speaker)
I/ActivityManager( 1042): START u0 {cmp=com.example.sahil.sunshine.app/.SettingsActivity} from pid 15860
W/ContextImpl( 1315): Calling a method in the system process without a qualified user: android.app.ContextImpl.sendBroadcast:1252 android.content.ContextWrapper.sendBroadcast:365 com.motorola.motocare.util.TriggerHelper$TriggerBuilder.send:76 com.motorola.motocare.internal.frameworkevents.PauseResumeTrigger.handleFrameworkEvent:53 com.motorola.motocare.internal.frameworkevents.FwEventMonitor$FrameworkListener.processFrameworkEvent:114 
W/ContextImpl( 1315): Calling a method in the system process without a qualified user: android.app.ContextImpl.sendBroadcast:1252 android.content.ContextWrapper.sendBroadcast:365 com.motorola.motocare.util.TriggerHelper$TriggerBuilder.send:76 com.motorola.motocare.internal.frameworkevents.PauseResumeTrigger.handleFrameworkEvent:53 com.motorola.motocare.internal.frameworkevents.FwEventMonitor$FrameworkListener.processFrameworkEvent:114 
I/SFPerfTracer(  259):      triggers: (rate: 46:1765) (compose: 0:35) (post: 0:0) (render: 1:359) (7:38998 frames) (8:140309)
D/SFPerfTracer(  259):        layers: (4:11) (DimLayer: 0:631)* (DimLayer: 0:17)* (FocusedStackFrame: 1:2158)* (StatusBar: 0:18287) (NavigationBar: 0:13595) (com.android.systemui.ImageWallpaper: 0:1031)* (DimLayer: 0:2568)* (DimLayer: 0:462)* (com.example.sahil.sunshine.app/com.example.sahil.sunshine.app.MainActivity: 0:27) (ElectronBeam: 0:27)* (PopupWindow:41b7e910: 7:42) 
D/WifiStateMachine( 1042): handleMessage: E msg.what=151572
D/WifiStateMachine( 1042): processMsg: ConnectedState
D/WifiStateMachine( 1042): processMsg: L2ConnectedState
D/WifiStateMachine( 1042): handleMessage: X
I/LaunchCheckinHandler( 1042): Displayed com.example.sahil.sunshine.app/.SettingsActivity,wp,ca,452
I/ActivityManager( 1042): Displayed com.example.sahil.sunshine.app/.SettingsActivity: +452ms
I/SFPerfTracer(  259):      triggers: (rate: 0:0) (13115 sw vsyncs) (0 skipped) (48:185498 vsyncs) (50:234885)
D/WifiStateMachine( 1042): handleMessage: E msg.what=151572
D/WifiStateMachine( 1042): processMsg: ConnectedState
