D/dalvikvm( 2968): GC_CONCURRENT freed 1955K, 70% free 3341K/11076K, paused 1ms+2ms, total 16ms
D/WifiStateMachine( 1042): handleMessage: E msg.what=131155
D/WifiStateMachine( 1042): processMsg: ConnectedState
D/WifiStateMachine( 1042): processMsg: L2ConnectedState
D/SBar.MSimNetwCntrl( 1129): updateTelephonySignalStrength[0]: iconList[iconLevel]=7f020299/zz_moto_stat_sys_signal_4_fully_wide iconLevel=4 mMSimMobileInetCondition=1 mMSimMobileInetConditionSB=1
D/SBar.MSimNetwCntrl( 1129): updateDataIcon[0]: subscription=0
D/SBar.MSimNetwCntrl( 1129): updateDataIcon[0]: dataSub=0
D/SBar.MSimNetwCntrl( 1129): updateDataIcon[0]: SimState=READY
D/WifiStateMachine( 1042): handleMessage: X
D/WifiStateMachine( 1042): handleMessage: E msg.what=151572
D/WifiStateMachine( 1042): processMsg: ConnectedState
D/WifiStateMachine( 1042): processMsg: L2ConnectedState
I/SBar.MSimNetwCntrl( 1129): notifySignalsChangedCallbacks[0]: isEmergencyOnly(0)=false enabled=true sim=(none)="(empty)" signal=zz_moto_stat_sys_signal_4_fully_wide="Phone signal full." roaming=(none)="Not roaming."
I/SBar.MSimNetwCntrl( 1129):  type=(none)="3.5G" activity=(none)="(empty)"
I/SBar.MSimNetwCntrl( 1129):  slot=1="1" network="Vodafone IN"
D/WifiStateMachine( 1042): handleMessage: X
D/WifiStateMachine( 1042): handleMessage: E msg.what=151572
D/WifiStateMachine( 1042): processMsg: ConnectedState
D/WifiStateMachine( 1042): processMsg: L2ConnectedState
D/WifiStateMachine( 1042): handleMessage: X
D/hardware_info(  265): hw_info_append_hw_type : device_name = speaker
D/audio_hw_primary(  265): out_set_parameters: enter: usecase(1: low-latency-playback) kvpairs: routing=2
V/msm8974_platform(  265): platform_get_output_snd_device: enter: output devices(0x2)
V/msm8974_platform(  265): platform_get_output_snd_device: exit: snd_device(speaker)
D/audio_hw_primary(  265): select_devices: out_snd_device(2: speaker) in_snd_device(0: )
D/hardware_info(  265): hw_info_append_hw_type : device_name = speaker
V/msm8974_platform(  265): platform_send_audio_calibration: sending audio calibration for snd_device(2) acdb_id(14)
D/WifiStateMachine( 1042): handleMessage: E msg.what=151572
D/WifiStateMachine( 1042): processMsg: ConnectedState
D/WifiStateMachine( 1042): processMsg: L2ConnectedState
D/WifiStateMachine( 1042): handleMessage: X
D/WifiStateMachine( 1042): handleMessage: E msg.what=131155
D/WifiStateMachine( 1042): processMsg: ConnectedState
D/WifiStateMachine( 1042): processMsg: L2ConnectedState
D/WifiStateMachine( 1042): handleMessage: X
D/WifiStateMachine( 1042): handleMessage: E msg.what=151572
D/WifiStateMachine( 1042): processMsg: ConnectedState
D/WifiStateMachine( 1042): processMsg: L2ConnectedState
D/WifiStateMachine( 1042): handleMessage: X
D/WifiStateMachine( 1042): handleMessage: E msg.what=151572
D/WifiStateMachine( 1042): processMsg: ConnectedState
D/WifiStateMachine( 1042): processMsg: L2ConnectedState
D/SBar.MSimNetwCntrl( 1129): updateTelephonySignalStrength[0]: iconList[iconLevel]=7f020299/zz_moto_stat_sys_signal_4_fully_wide iconLevel=4 mMSimMobileInetCondition=1 mMSimMobileInetConditionSB=1
D/SBar.MSimNetwCntrl( 1129): updateDataIcon[0]: subscription=0
D/SBar.MSimNetwCntrl( 1129): updateDataIcon[0]: dataSub=0
D/SBar.MSimNetwCntrl( 1129): updateDataIcon[0]: SimState=READY
I/SBar.MSimNetwCntrl( 1129): notifySignalsChangedCallbacks[0]: isEmergencyOnly(0)=false enabled=true sim=(none)="(empty)" signal=zz_moto_stat_sys_signal_4_fully_wide="Phone signal full." roaming=(none)="Not roaming."
I/SBar.MSimNetwCntrl( 1129):  type=(none)="3.5G" activity=(none)="(empty)"
I/SBar.MSimNetwCntrl( 1129):  slot=1="1" network="Vodafone IN"
D/WifiStateMachine( 1042): handleMessage: X
D/audio_hw_primary(  265): out_set_parameters: enter: usecase(1: low-latency-playback) kvpairs: routing=2
V/msm8974_platform(  265): platform_get_output_snd_device: enter: output devices(0x2)
V/msm8974_platform(  265): platform_get_output_snd_device: exit: snd_device(speaker)
W/InputEventReceiver(15860): Attempted to finish an input event but the input event receiver has already been disposed.
W/InputMethodManagerService( 1042): Window already focused, ignoring focus gain of: com.android.internal.view.IInputMethodClient$Stub$Proxy@4257d9c8 attribute=null, token = android.os.BinderProxy@4242e048
I/SFPerfTracer(  259):      triggers: (rate: 46:1776) (compose: 0:35) (post: 0:0) (render: 1:359) (0:39252 frames) (1:140729)
D/SFPerfTracer(  259):        layers: (3:11) (DimLayer: 0:631)* (DimLayer: 0:17)* (FocusedStackFrame: 0:2168)* (StatusBar: 0:18334) (NavigationBar: 1:13678) (com.android.systemui.ImageWallpaper: 0:1033)* (DimLayer: 0:2595)* (DimLayer: 0:468)* (com.example.sahil.sunshine.app/com.example.sahil.sunshine.app.MainActivity: 1:38) (Keyguard: 0:42)* (PopupWindow:41c73fa8: 0:47)* 
I/ActivityManager( 1042): START u0 {cmp=com.example.sahil.sunshine.app/.DetailedActivity (has extras)} from pid 15860
W/ContextImpl( 1315): Calling a method in the system process without a qualified user: android.app.ContextImpl.sendBroadcast:1252 android.content.ContextWrapper.sendBroadcast:365 com.motorola.motocare.util.TriggerHelper$TriggerBuilder.send:76 com.motorola.motocare.internal.frameworkevents.PauseResumeTrigger.handleFrameworkEvent:53 com.motorola.motocare.internal.frameworkevents.FwEventMonitor$FrameworkListener.processFrameworkEvent:114 
D/audio_hw_primary(  265): out_set_parameters: enter: usecase(1: low-latency-playback) kvpairs: routing=2
V/msm8974_platform(  265): platform_get_output_snd_device: enter: output devices(0x2)
V/msm8974_platform(  265): platform_get_output_snd_device: exit: snd_device(speaker)
W/ContextImpl( 1315): Calling a method in the system process without a qualified user: android.app.ContextImpl.sendBroadcast:1252 android.content.ContextWrapper.sendBroadcast:365 com.motorola.motocare.util.TriggerHelper$TriggerBuilder.send:76 com.motorola.motocare.internal.frameworkevents.PauseResumeTrigger.handleFrameworkEvent:53 com.motorola.motocare.internal.frameworkevents.FwEventMonitor$FrameworkListener.processFrameworkEvent:114 
D/WifiStateMachine( 1042): handleMessage: E msg.what=151572
D/WifiStateMachine( 1042): processMsg: ConnectedState
D/WifiStateMachine( 1042): processMsg: L2ConnectedState
D/SBar.MSimNetwCntrl( 1129): updateTelephonySignalStrength[0]: iconList[iconLevel]=7f020299/zz_moto_stat_sys_signal_4_fully_wide iconLevel=4 mMSimMobileInetCondition=1 mMSimMobileInetConditionSB=1
D/SBar.MSimNetwCntrl( 1129): updateDataIcon[0]: subscription=0
D/SBar.MSimNetwCntrl( 1129): updateDataIcon[0]: dataSub=0
D/SBar.MSimNetwCntrl( 1129): updateDataIcon[0]: SimState=READY
I/SBar.MSimNetwCntrl( 1129): notifySignalsChangedCallbacks[0]: isEmergencyOnly(0)=false enabled=true sim=(none)="(empty)" signal=zz_moto_stat_sys_signal_4_fully_wide="Phone signal full." roaming=(none)="Not roaming."
I/SBar.MSimNetwCntrl( 1129):  type=(none)="3.5G" activity=(none)="(empty)"
I/SBar.MSimNetwCntrl( 1129):  slot=1="1" network="Vodafone IN"
D/WifiStateMachine( 1042): handleMessage: X
I/LaunchCheckinHandler( 1042): Displayed com.example.sahil.sunshine.app/.DetailedActivity,wp,ca,323
I/ActivityManager( 1042): Displayed com.example.sahil.sunshine.app/.DetailedActivity: +323ms
I/SFPerfTracer(  259):      triggers: (rate: 0:0) (13244 sw vsyncs) (0 skipped) (70:186014 vsyncs) (72:235724)
D/WifiStateMachine( 1042): handleMessage: E msg.what=151572
D/WifiStateMachine( 1042): processMsg: ConnectedState
D/WifiStateMachine( 1042): processMsg: L2ConnectedState
D/WifiStateMachine( 1042): handleMessage: X
D/WifiStateMachine( 1042): handleMessage: E msg.what=131155
D/WifiStateMachine( 1042): processMsg: ConnectedState
D/WifiStateMachine( 1042): processMsg: L2ConnectedState
D/WifiStateMachine( 1042): handleMessage: X
D/audio_hw_primary(  265): out_set_parameters: enter: usecase(1: low-latency-playback) kvpairs: routing=2
V/msm8974_platform(  265): platform_get_output_snd_device: enter: output devices(0x2)
V/msm8974_platform(  265): platform_get_output_snd_device: exit: snd_device(speaker)
D/WifiStateMachine( 1042): handleMessage: E msg.what=151572
D/WifiStateMachine( 1042): processMsg: ConnectedState
D/WifiStateMachine( 1042): processMsg: L2ConnectedState
D/SBar.MSimNetwCntrl( 1129): updateTelephonySignalStrength[0]: iconList[iconLevel]=7f020299/zz_moto_stat_sys_signal_4_fully_wide iconLevel=4 mMSimMobileInetCondition=1 mMSimMobileInetConditionSB=1
D/SBar.MSimNetwCntrl( 1129): updateDataIcon[0]: subscription=0
D/SBar.MSimNetwCntrl( 1129): updateDataIcon[0]: dataSub=0
D/SBar.MSimNetwCntrl( 1129): updateDataIcon[0]: SimState=READY
I/SBar.MSimNetwCntrl( 1129): notifySignalsChangedCallbacks[0]: isEmergencyOnly(0)=false enabled=true sim=(none)="(empty)" signal=zz_moto_stat_sys_signal_4_fully_wide="Phone signal full." roaming=(none)="Not roaming."
I/SBar.MSimNetwCntrl( 1129):  type=(none)="3.5G" activity=(none)="(empty)"
I/SBar.MSimNetwCntrl( 1129):  slot=1="1" network="Vodafone IN"
D/WifiStateMachine( 1042): handleMessage: X
D/WifiStateMachine( 1042): handleMessage: E msg.what=151572
D/WifiStateMachine( 1042): processMsg: ConnectedState
D/WifiStateMachine( 1042): processMsg: L2ConnectedState
D/SBar.MSimNetwCntrl( 1129): updateTelephonySignalStrength[0]: iconList[iconLevel]=7f020299/zz_moto_stat_sys_signal_4_fully_wide iconLevel=4 mMSimMobileInetCondition=1 mMSimMobileInetConditionSB=1
D/SBar.MSimNetwCntrl( 1129): updateDataIcon[0]: subscription=0
D/SBar.MSimNetwCntrl( 1129): updateDataIcon[0]: dataSub=0
D/SBar.MSimNetwCntrl( 1129): updateDataIcon[0]: SimState=READY
I/SBar.MSimNetwCntrl( 1129): notifySignalsChangedCallbacks[0]: isEmergencyOnly(0)=false enabled=true sim=(none)="(empty)" signal=zz_moto_stat_sys_signal_4_fully_wide="Phone signal full." roaming=(none)="Not roaming."
I/SBar.MSimNetwCntrl( 1129):  type=(none)="3.5G" activity=(none)="(empty)"
I/SBar.MSimNetwCntrl( 1129):  slot=1="1" network="Vodafone IN"
D/WifiStateMachine( 1042): handleMessage: X
W/InputEventReceiver(15860): Attempted to finish an input event but the input event receiver has already been disposed.
W/ViewRootImpl(15860): Dropping event due to root view being removed: MotionEvent { action=ACTION_MOVE, id[0]=0, x[0]=170.28467, y[0]=402.5411, toolType[0]=TOOL_TYPE_FINGER, buttonState=0, metaState=0, flags=0x0, edgeFlags=0x0, pointerCount=1, historySize=0, eventTime=61484119, downTime=61484111, deviceId=7, source=0x1002 }
W/InputEventReceiver(15860): Attempted to finish an input event but the input event receiver has already been disposed.
W/InputMethodManagerService( 1042): Window already focused, ignoring focus gain of: com.android.internal.view.IInputMethodClient$Stub$Proxy@423c03c0 attribute=null, token = android.os.BinderProxy@423c8068
D/WifiStateMachine( 1042): handleMessage: E msg.what=151572
D/WifiStateMachine( 1042): processMsg: ConnectedState
D/WifiStateMachine( 1042): processMsg: L2ConnectedState
D/WifiStateMachine( 1042): handleMessage: X
D/WifiStateMachine( 1042): handleMessage: E msg.what=131155
D/WifiStateMachine( 1042): processMsg: ConnectedState
D/WifiStateMachine( 1042): processMsg: L2ConnectedState
D/WifiStateMachine( 1042): handleMessage: X
D/hardware_info(  265): hw_info_append_hw_type : device_name = speaker
D/WifiStateMachine( 1042): handleMessage: E msg.what=151572
D/WifiStateMachine( 1042): processMsg: ConnectedState
D/WifiStateMachine( 1042): processMsg: L2ConnectedState
D/WifiStateMachine( 1042): handleMessage: X
D/WifiStateMachine( 1042): handleMessage: E msg.what=151572
D/WifiStateMachine( 1042): processMsg: ConnectedState
D/WifiStateMachine( 1042): processMsg: L2ConnectedState
D/WifiStateMachine( 1042): handleMessage: X
D/WifiStateMachine( 1042): handleMessage: E msg.what=151572
D/WifiStateMachine( 1042): processMsg: ConnectedState
D/WifiStateMachine( 1042): processMsg: L2ConnectedState
D/WifiStateMachine( 1042): handleMessage: X
D/WifiStateMachine( 1042): handleMessage: E msg.what=131155
D/WifiStateMachine( 1042): processMsg: ConnectedState
D/WifiStateMachine( 1042): processMsg: L2ConnectedState
D/WifiStateMachine( 1042): handleMessage: X
D/WifiStateMachine( 1042): handleMessage: E msg.what=151572
D/WifiStateMachine( 1042): processMsg: ConnectedState
D/WifiStateMachine( 1042): processMsg: L2ConnectedState
D/WifiStateMachine( 1042): handleMessage: X
D/WifiStateMachine( 1042): handleMessage: E msg.what=151572
D/WifiStateMachine( 1042): processMsg: ConnectedState
D/WifiStateMachine( 1042): processMsg: L2ConnectedState
D/WifiStateMachine( 1042): handleMessage: X
D/WifiStateMachine( 1042): handleMessage: E msg.what=151572
D/WifiStateMachine( 1042): processMsg: ConnectedState
D/WifiStateMachine( 1042): processMsg: L2ConnectedState
D/WifiStateMachine( 1042): handleMessage: X
D/WifiStateMachine( 1042): handleMessage: E msg.what=131155
D/WifiStateMachine( 1042): processMsg: ConnectedState
D/WifiStateMachine( 1042): processMsg: L2ConnectedState
D/WifiStateMachine( 1042): handleMessage: X
D/WifiStateMachine( 1042): handleMessage: E msg.what=151572
D/WifiStateMachine( 1042): processMsg: ConnectedState
D/WifiStateMachine( 1042): processMsg: L2ConnectedState
D/WifiStateMachine( 1042): handleMessage: X
I/SFPerfTracer(  259):      triggers: (rate: 0:0) (13244 sw vsyncs) (0 skipped) (0:186082 vsyncs) (1:235825)
D/WifiStateMachine( 1042): handleMessage: E msg.what=151572
D/WifiStateMachine( 1042): processMsg: ConnectedState
D/WifiStateMachine( 1042): processMsg: L2ConnectedState
D/WifiStateMachine( 1042): handleMessage: X
D/WifiStateMachine( 1042): handleMessage: E msg.what=151572
D/WifiStateMachine( 1042): processMsg: ConnectedState
D/WifiStateMachine( 1042): processMsg: L2ConnectedState
D/WifiStateMachine( 1042): handleMessage: X
D/WifiStateMachine( 1042): handleMessage: E msg.what=131155
D/WifiStateMachine( 1042): processMsg: ConnectedState
D/WifiStateMachine( 1042): processMsg: L2ConnectedState
D/WifiStateMachine( 1042): handleMessage: X
D/WifiStateMachine( 1042): handleMessage: E msg.what=151572
D/WifiStateMachine( 1042): processMsg: ConnectedState
D/WifiStateMachine( 1042): processMsg: L2ConnectedState
D/WifiStateMachine( 1042): handleMessage: X
D/WifiStateMachine( 1042): handleMessage: E msg.what=151572
D/WifiStateMachine( 1042): processMsg: ConnectedState
D/WifiStateMachine( 1042): processMsg: L2ConnectedState
D/WifiStateMachine( 1042): handleMessage: X
D/WifiStateMachine( 1042): handleMessage: E msg.what=151572
D/WifiStateMachine( 1042): processMsg: ConnectedState
D/WifiStateMachine( 1042): processMsg: L2ConnectedState
D/WifiStateMachine( 1042): handleMessage: X
D/WifiStateMachine( 1042): handleMessage: E msg.what=131155
D/WifiStateMachine( 1042): processMsg: ConnectedState
D/WifiStateMachine( 1042): processMsg: L2ConnectedState
D/WifiStateMachine( 1042): handleMessage: X
D/WifiStateMachine( 1042): handleMessage: E msg.what=151572
D/WifiStateMachine( 1042): processMsg: ConnectedState
D/WifiStateMachine( 1042): processMsg: L2ConnectedState
D/WifiStateMachine( 1042): handleMessage: X
D/WifiStateMachine( 1042): handleMessage: E msg.what=151572
D/WifiStateMachine( 1042): processMsg: ConnectedState
D/WifiStateMachine( 1042): processMsg: L2ConnectedState
D/WifiStateMachine( 1042): handleMessage: X
D/WifiStateMachine( 1042): handleMessage: E msg.what=151572
D/WifiStateMachine( 1042): processMsg: ConnectedState
D/WifiStateMachine( 1042): processMsg: L2ConnectedState
D/WifiStateMachine( 1042): handleMessage: X
D/WifiStateMachine( 1042): handleMessage: E msg.what=131155
D/WifiStateMachine( 1042): processMsg: ConnectedState
D/WifiStateMachine( 1042): processMsg: L2ConnectedState
D/WifiStateMachine( 1042): handleMessage: X
D/WifiStateMachine( 1042): handleMessage: E msg.what=151572
D/WifiStateMachine( 1042): processMsg: ConnectedState
D/WifiStateMachine( 1042): processMsg: L2ConnectedState
D/WifiStateMachine( 1042): handleMessage: X
V/AlarmManager( 1042): sending alarm Alarm{42426360 type 3 android}
D/WifiStateMachine( 1042): handleMessage: E msg.what=151572
D/WifiStateMachine( 1042): processMsg: ConnectedState
D/WifiStateMachine( 1042): processMsg: L2ConnectedState
D/WifiStateMachine( 1042): handleMessage: X
D/WifiStateMachine( 1042): handleMessage: E msg.what=151572
D/WifiStateMachine( 1042): processMsg: ConnectedState
D/WifiStateMachine( 1042): processMsg: L2ConnectedState
D/WifiStateMachine( 1042): handleMessage: X
D/WifiStateMachine( 1042): handleMessage: E msg.what=131155
D/WifiStateMachine( 1042): processMsg: ConnectedState
D/WifiStateMachine( 1042): processMsg: L2ConnectedState
D/WifiStateMachine( 1042): handleMessage: X
D/WifiStateMachine( 1042): handleMessage: E msg.what=151572
D/WifiStateMachine( 1042): processMsg: ConnectedState
D/WifiStateMachine( 1042): processMsg: L2ConnectedState
D/WifiStateMachine( 1042): handleMessage: X
D/WifiStateMachine( 1042): handleMessage: E msg.what=151572
D/WifiStateMachine( 1042): processMsg: ConnectedState
D/WifiStateMachine( 1042): processMsg: L2ConnectedState
D/WifiStateMachine( 1042): handleMessage: X
D/WifiStateMachine( 1042): handleMessage: E msg.what=151572
D/WifiStateMachine( 1042): processMsg: ConnectedState
D/WifiStateMachine( 1042): processMsg: L2ConnectedState
D/WifiStateMachine( 1042): handleMessage: X
D/WifiStateMachine( 1042): handleMessage: E msg.what=131155
D/WifiStateMachine( 1042): processMsg: ConnectedState
D/WifiStateMachine( 1042): processMsg: L2ConnectedState
D/WifiStateMachine( 1042): handleMessage: X
D/WifiStateMachine( 1042): handleMessage: E msg.what=151572
D/WifiStateMachine( 1042): processMsg: ConnectedState
D/WifiStateMachine( 1042): processMsg: L2ConnectedState
D/WifiStateMachine( 1042): handleMessage: X
D/WifiStateMachine( 1042): handleMessage: E msg.what=151572
D/WifiStateMachine( 1042): processMsg: ConnectedState
D/WifiStateMachine( 1042): processMsg: L2ConnectedState
D/WifiStateMachine( 1042): handleMessage: X
D/WifiStateMachine( 1042): handleMessage: E msg.what=151572
D/WifiStateMachine( 1042): processMsg: ConnectedState
D/WifiStateMachine( 1042): processMsg: L2ConnectedState
D/WifiStateMachine( 1042): handleMessage: X
D/WifiStateMachine( 1042): handleMessage: E msg.what=131155
D/WifiStateMachine( 1042): processMsg: ConnectedState
D/WifiStateMachine( 1042): processMsg: L2ConnectedState
D/WifiStateMachine( 1042): handleMessage: X
D/WifiStateMachine( 1042): handleMessage: E msg.what=151572
D/WifiStateMachine( 1042): processMsg: ConnectedState
D/WifiStateMachine( 1042): processMsg: L2ConnectedState
D/WifiStateMachine( 1042): handleMessage: X
D/WifiStateMachine( 1042): handleMessage: E msg.what=151572
D/WifiStateMachine( 1042): processMsg: ConnectedState
D/WifiStateMachine( 1042): processMsg: L2ConnectedState
D/WifiStateMachine( 1042): handleMessage: X
D/SBar.MSimNetwCntrl( 1129): updateTelephonySignalStrength[0]: iconList[iconLevel]=7f020299/zz_moto_stat_sys_signal_4_fully_wide iconLevel=4 mMSimMobileInetCondition=1 mMSimMobileInetConditionSB=1
D/SBar.MSimNetwCntrl( 1129): updateDataIcon[0]: subscription=0
D/SBar.MSimNetwCntrl( 1129): updateDataIcon[0]: dataSub=0
D/SBar.MSimNetwCntrl( 1129): updateDataIcon[0]: SimState=READY
I/SBar.MSimNetwCntrl( 1129): notifySignalsChangedCallbacks[0]: isEmergencyOnly(0)=false enabled=true sim=(none)="(empty)" signal=zz_moto_stat_sys_signal_4_fully_wide="Phone signal full." roaming=(none)="Not roaming."
I/SBar.MSimNetwCntrl( 1129):  type=(none)="3.5G" activity=(none)="(empty)"
I/SBar.MSimNetwCntrl( 1129):  slot=1="1" network="Vodafone IN"
D/WifiStateMachine( 1042): handleMessage: E msg.what=151572
D/WifiStateMachine( 1042): processMsg: ConnectedState
D/WifiStateMachine( 1042): processMsg: L2ConnectedState
D/WifiStateMachine( 1042): handleMessage: X
D/SBar.MSimNetwCntrl( 1129): updateTelephonySignalStrength[0]: iconList[iconLevel]=7f020299/zz_moto_stat_sys_signal_4_fully_wide iconLevel=4 mMSimMobileInetCondition=1 mMSimMobileInetConditionSB=1
D/SBar.MSimNetwCntrl( 1129): updateDataIcon[0]: subscription=0
D/SBar.MSimNetwCntrl( 1129): updateDataIcon[0]: dataSub=0
D/SBar.MSimNetwCntrl( 1129): updateDataIcon[0]: SimState=READY
I/SBar.MSimNetwCntrl( 1129): notifySignalsChangedCallbacks[0]: isEmergencyOnly(0)=false enabled=true sim=(none)="(empty)" signal=zz_moto_stat_sys_signal_4_fully_wide="Phone signal full." roaming=(none)="Not roaming."
I/SBar.MSimNetwCntrl( 1129):  type=(none)="3.5G" activity=(none)="(empty)"
I/SBar.MSimNetwCntrl( 1129):  slot=1="1" network="Vodafone IN"
D/WifiStateMachine( 1042): handleMessage: E msg.what=131155
D/WifiStateMachine( 1042): processMsg: ConnectedState
D/WifiStateMachine( 1042): processMsg: L2ConnectedState
D/WifiStateMachine( 1042): handleMessage: X
D/WifiStateMachine( 1042): handleMessage: E msg.what=151572
D/WifiStateMachine( 1042): processMsg: ConnectedState
D/WifiStateMachine( 1042): processMsg: L2ConnectedState
D/WifiStateMachine( 1042): handleMessage: X
D/SBar.MSimNetwCntrl( 1129): updateTelephonySignalStrength[0]: iconList[iconLevel]=7f020299/zz_moto_stat_sys_signal_4_fully_wide iconLevel=4 mMSimMobileInetCondition=1 mMSimMobileInetConditionSB=1
D/SBar.MSimNetwCntrl( 1129): updateDataIcon[0]: subscription=0
D/SBar.MSimNetwCntrl( 1129): updateDataIcon[0]: dataSub=0
D/SBar.MSimNetwCntrl( 1129): updateDataIcon[0]: SimState=READY
I/SBar.MSimNetwCntrl( 1129): notifySignalsChangedCallbacks[0]: isEmergencyOnly(0)=false enabled=true sim=(none)="(empty)" signal=zz_moto_stat_sys_signal_4_fully_wide="Phone signal full." roaming=(none)="Not roaming."
I/SBar.MSimNetwCntrl( 1129):  type=(none)="3.5G" activity=(none)="(empty)"
I/SBar.MSimNetwCntrl( 1129):  slot=1="1" network="Vodafone IN"
I/SFPerfTracer(  259):      triggers: (rate: 46:1778) (compose: 0:35) (post: 0:0) (render: 1:359) (0:39319 frames) (1:140829)
D/SFPerfTracer(  259):        layers: (3:11) (DimLayer: 0:631)* (DimLayer: 0:17)* (FocusedStackFrame: 0:2172)* (StatusBar: 1:18344) (NavigationBar: 0:13688) (com.android.systemui.ImageWallpaper: 0:1033)* (DimLayer: 0:2595)* (DimLayer: 0:470)* (com.example.sahil.sunshine.app/com.example.sahil.sunshine.app.MainActivity: 0:57)* (com.example.sahil.sunshine.app/com.example.sahil.sunshine.app.DetailedActivity: 0:32) (PopupWindow:41ca80e8: 0:47)* 
I/SFPerfTracer(  259):      triggers: (rate: 0:0) (13244 sw vsyncs) (0 skipped) (0:186132 vsyncs) (1:235926)
D/WifiStateMachine( 1042): handleMessage: E msg.what=151572
D/WifiStateMachine( 1042): processMsg: ConnectedState
D/WifiStateMachine( 1042): processMsg: L2ConnectedState
D/WifiStateMachine( 1042): handleMessage: X
I/PowerManagerService( 1042): Going to sleep due to screen timeout...
D/WifiStateMachine( 1042): handleMessage: E msg.what=151572
D/WifiStateMachine( 1042): processMsg: ConnectedState
D/WifiStateMachine( 1042): processMsg: L2ConnectedState
D/WifiStateMachine( 1042): handleMessage: X
D/SBar.MSimNetwCntrl( 1129): updateTelephonySignalStrength[0]: iconList[iconLevel]=7f020299/zz_moto_stat_sys_signal_4_fully_wide iconLevel=4 mMSimMobileInetCondition=1 mMSimMobileInetConditionSB=1
D/SBar.MSimNetwCntrl( 1129): updateDataIcon[0]: subscription=0
D/SBar.MSimNetwCntrl( 1129): updateDataIcon[0]: dataSub=0
D/SBar.MSimNetwCntrl( 1129): updateDataIcon[0]: SimState=READY
I/SBar.MSimNetwCntrl( 1129): notifySignalsChangedCallbacks[0]: isEmergencyOnly(0)=false enabled=true sim=(none)="(empty)" signal=zz_moto_stat_sys_signal_4_fully_wide="Phone signal full." roaming=(none)="Not roaming."
I/SBar.MSimNetwCntrl( 1129):  type=(none)="3.5G" activity=(none)="(empty)"
I/SBar.MSimNetwCntrl( 1129):  slot=1="1" network="Vodafone IN"
D/WifiStateMachine( 1042): handleMessage: E msg.what=131155
D/WifiStateMachine( 1042): processMsg: ConnectedState
D/WifiStateMachine( 1042): processMsg: L2ConnectedState
D/WifiStateMachine( 1042): handleMessage: X
D/SurfaceFlinger(  259): Screen released, type=0 flinger=0xb831b450
D/qdhwcomposer(  259): hwc_blank: Blanking display: 0
D/qdhwcomposer(  259): hwc_blank: Done blanking display: 0
D/SurfaceControl( 1042): Excessive delay in blankDisplay() while turning screen off: 159ms
I/AonLTInterfaceService( 1315): AodLT package version: 1000000
W/ContextImpl( 1315): Calling a method in the system process without a qualified user: android.app.ContextImpl.sendBroadcast:1252 android.content.ContextWrapper.sendBroadcast:365 com.motorola.motocare.util.TriggerHelper$TriggerBuilder.send:76 com.motorola.motocare.internal.frameworkevents.PauseResumeTrigger.handleFrameworkEvent:53 com.motorola.motocare.internal.frameworkevents.FwEventMonitor$FrameworkListener.processFrameworkEvent:114 
D/WifiStateMachine( 1042): handleScreenStateChanged: false
D/WifiStateMachine( 1042): handleMessage: E msg.what=131154
D/WifiStateMachine( 1042): processMsg: ConnectedState
D/WifiStateMachine( 1042): processMsg: L2ConnectedState
D/WifiStateMachine( 1042): handleMessage: X
D/WifiStateMachine( 1042): handleMessage: E msg.what=131163
D/WifiStateMachine( 1042): processMsg: ConnectedState
D/WifiStateMachine( 1042): processMsg: L2ConnectedState
D/WifiStateMachine( 1042): processMsg: ConnectModeState
D/WifiStateMachine( 1042): processMsg: DriverStartedState
D/WifiStateMachine( 1042): processMsg: SupplicantStartedState
D/WifiStateMachine( 1042): processMsg: DefaultState
D/WifiStateMachine( 1042): handleMessage: X
D/WifiStateMachine( 1042): handleMessage: E msg.what=131158
D/WifiStateMachine( 1042): processMsg: ConnectedState
D/WifiStateMachine( 1042): processMsg: L2ConnectedState
D/WifiStateMachine( 1042): processMsg: ConnectModeState
D/WifiStateMachine( 1042): processMsg: DriverStartedState
D/WifiStateMachine( 1042): setSuspendOptimizationsNative: 4 true
D/audio_hw_primary(  265): adev_set_parameters: enter: screen_state=off
V/msm8974_platform(  265): platform_set_parameters: enter: screen_state=off
V/msm8974_platform(  265): platform_set_parameters: exit with code(-2)
E/audio_a2dp_hw(  265): adev_set_parameters: ERROR: set param called even when stream out is null
W/IInputConnectionWrapper(15860): getExtractedText on inactive InputConnection
W/IInputConnectionWrapper(15860): getTextBeforeCursor on inactive InputConnection
W/IInputConnectionWrapper(15860): getSelectedText on inactive InputConnection
W/IInputConnectionWrapper(15860): getTextAfterCursor on inactive InputConnection
E/bm      ( 1300): onStartInput event aborted: com.touchtype.keyboard.c.ag: could not obtain extracted text (class com.touchtype.keyboard.c.ag)
D/WifiStateMachine( 1042): handleMessage: X
W/ContextImpl( 1315): Calling a method in the system process without a qualified user: android.app.ContextImpl.startService:1608 android.content.ContextWrapper.startService:494 android.content.ContextWrapper.startService:494 com.motorola.motocare.internal.batterystats.BatteryStatsAction.onReceive:33 android.app.ActivityThread.handleReceiver:2434 
D/dalvikvm( 1315): GC_CONCURRENT freed 1846K, 71% free 3295K/11076K, paused 1ms+27ms, total 40ms
D/WifiStateMachine( 1042): handleMessage: E msg.what=131155
D/WifiStateMachine( 1042): processMsg: ConnectedState
D/WifiStateMachine( 1042): processMsg: L2ConnectedState
D/WifiStateMachine( 1042): handleMessage: X
V/AlarmManager( 1042): sending alarm Alarm{424d5c68 type 2 com.facebook.orca}
V/AlarmManager( 1042): sending alarm Alarm{424d4468 type 2 com.facebook.katana}
V/AlarmManager( 1042): sending alarm Alarm{424d3f28 type 3 com.facebook.katana}
V/AlarmManager( 1042): sending alarm Alarm{424d3890 type 2 com.android.keyguard}
V/AlarmManager( 1042): sending alarm Alarm{424d3390 type 0 android}
V/AlarmManager( 1042): sending alarm Alarm{424d2cd8 type 0 com.facebook.katana}
V/AlarmManager( 1042): sending alarm Alarm{424d2c30 type 0 com.facebook.orca}
V/AlarmManager( 1042): sending alarm Alarm{4220e340 type 2 com.facebook.katana}
V/BackupManagerService( 1042): Running a backup pass
V/KeyguardHostView( 1129): Initial transport state: 0, pbstate=0
V/BackupManagerService( 1042): clearing pending backups
D/BackupManagerService( 1042): Now staging backup of android
D/KeyguardHostView( 1129): showSecurityScreen(None)
D/KeyguardHostView( 1129): getSecurityView(Invalid)
D/KeyguardHostView( 1129): getSecurityView(None)
V/PerformBackupTask( 1042): Beginning backup of 1 targets
D/PerformBackupTask( 1042): invokeAgentForBackup on @pm@
V/BackupServiceBinder( 1042): doBackup() invoked
V/KeyguardHostView( 1129): hide transport, gen:15
V/KeyguardHostView( 1129): music state changed: 0
I/PerformBackupTask( 1042): no backup data written; not calling transport
D/PerformBackupTask( 1042): starting agent for backup of BackupRequest{pkg=android}
D/BackupManagerService( 1042): awaiting agent for ApplicationInfo{41d3ef60 android}
D/BackupManagerService( 1042): agentConnected pkg=android agent=android.app.backup.BackupAgent$BackupServiceBinder@41993d10
D/MSimCarrierText( 1129): updateCarrierText: text = Vodafone IN
D/MSimCarrierText( 1129): updateCarrierText: text = Vodafone IN
D/MSimCarrierText( 1129): updateCarrierText: text = Vodafone IN, IND airtel  Airtel
D/MSimCarrierText( 1129): updateCarrierText: text = Vodafone IN, IND airtel  Airtel
I/BackupManagerService( 1042): got agent android.app.backup.BackupAgent$BackupServiceBinder@41993d10
D/PerformBackupTask( 1042): invokeAgentForBackup on android
V/BackupServiceBinder( 1042): doBackup() invoked
D/KeyguardHostView( 1129): showSecurityScreen(None)
D/BackupHelperDispatcher( 1042): handling existing helper 'wallpaper' android.app.backup.WallpaperBackupHelper@425caf30
W/View    ( 1129): requestLayout() improperly called by android.widget.TextClock{41c28c30 V.ED.... ......ID 110,0-329,160 #7f0a004b app:id/clock_view} during layout: running second layout pass
W/View    ( 1129): requestLayout() improperly called by android.widget.TextClock{41e57910 V.ED.... ......ID 147,0-293,29 #7f0a0050 app:id/date_view} during layout: running second layout pass
D/PhoneStatusBar( 1129): disable: < expand icons alerts ticker system_info BACK* HOME* RECENT* CLOCK* search >
I/System.out( 1556): mRetryCountForHop=-1 wrapper.getExecCount=1
I/System.out( 1556): after managedConn.open
I/ActivityManager( 1042): Process com.google.android.apps.docs (pid 15882) has died.
I/PerformBackupTask( 1042): Backup pass finished.
W/IdleConnectionHandler(14072): Removing a connection that never existed!
V/AlarmManager( 1042): sending alarm Alarm{42587e58 type 2 com.google.android.gms}
V/AlarmManager( 1042): sending alarm Alarm{4257f888 type 2 com.facebook.katana}
V/AlarmManager( 1042): sending alarm Alarm{4257f8d8 type 2 com.facebook.orca}
V/AlarmManager( 1042): sending alarm Alarm{4256f1c0 type 2 com.google.android.gms}
I/GCoreUlr( 1556): Received powerMode change from NLP: com.google.android.location.activity.LOW_POWER_MODE_ENABLED
I/GCoreUlr( 1556): Starting service, intent=Intent { act=com.google.android.location.reporting.ACTION_UPDATE_ACTIVE_STATE cmp=com.google.android.gms/com.google.android.location.reporting.service.DispatchingService }, extras=null
I/GCoreUlr( 1556): Ensuring that reporting is stopped because of reasons: {account#-15#=[InactiveReason{mVersionCode=0, mIdentifier=6, mName='ReportingNotSelected'}]}
D/GCoreFlp( 1556): Unknown pending intent to remove.
I/GCoreUlr( 1556): Unbound from all location providers
V/AlarmManager( 1042): sending alarm Alarm{4231d750 type 3 android}
D/dalvikvm(15860): Debugger has detached; object registry had 3903 entries
